<html>
<body>
<pre>
<h1>µVision Build Log</h1>
<h2>Tool Versions:</h2>
IDE-Version: ¦ÌVision V5.39.0.0
Copyright (C) 2023 ARM Ltd and ARM Germany GmbH. All rights reserved.
License Information:  ,  , LIC=MGXG8-3NZFH-BXWUY-I7TWP-4UUXM-GG49Q
 
Tool Versions:
Toolchain:       MDK-ARM Professional  Version: 5.39.0.0
Toolchain Path:  D:\Tools\keil_v5\ARM\ARMCLANG\Bin
C Compiler:      ArmClang.exe V6.21
Assembler:       Armasm.exe V6.21
Linker/Locator:  ArmLink.exe V6.21
Library Manager: ArmAr.exe V6.21
Hex Converter:   FromElf.exe V6.21
CPU DLL:         SARMCM3.DLL V5.39.0.0
Dialog DLL:      DCM.DLL V1.17.5.0
Target DLL:      Segger\JL2CM3.dll V2.99.43.0
Dialog DLL:      TCM.DLL V1.56.4.0
 
<h2>Project:</h2>
E:\project\RoboCon\team-competition\all_project\robot_main\MDK-ARM\robot.uvprojx
Project File Date:  11/09/2025

<h2>Output:</h2>
*** Using Compiler 'V6.21', folder: 'D:\Tools\keil_v5\ARM\ARMCLANG\Bin'
Rebuild target 'robot'
compiling main.c...
compiling tim.c...
compiling gpio.c...
assembling startup_stm32g474xx.s...
compiling stm32g4xx_hal_rcc_ex.c...
compiling stm32g4xx_hal.c...
compiling stm32g4xx_hal_msp.c...
compiling stm32g4xx_hal_exti.c...
compiling app_freertos.c...
compiling stm32g4xx_hal_flash.c...
compiling stm32g4xx_hal_dma_ex.c...
compiling stm32g4xx_hal_timebase_tim.c...
compiling dma.c...
compiling stm32g4xx_hal_flash_ramfunc.c...
compiling stm32g4xx_hal_gpio.c...
compiling stm32g4xx_hal_dma.c...
compiling fdcan.c...
compiling stm32g4xx_hal_pwr.c...
compiling stm32g4xx_it.c...
compiling stm32g4xx_hal_rcc.c...
compiling stm32g4xx_hal_pwr_ex.c...
compiling stm32g4xx_hal_flash_ex.c...
compiling stm32g4xx_hal_uart_ex.c...
compiling usart.c...
compiling stm32g4xx_hal_cortex.c...
compiling stm32g4xx_hal_fdcan.c...
compiling stm32g4xx_hal_tim_ex.c...
compiling system_stm32g4xx.c...
compiling pid.c...
compiling vesc.c...
compiling stm32g4xx_hal_uart.c...
compiling foc.c...
compiling dji_motor.c...
compiling stm32g4xx_hal_tim.c...
compiling trajectory_planner.c...
compiling cybergear_motor.c...
compiling list.c...
compiling event_groups.c...
compiling croutine.c...
compiling fdcan_bsp.c...
compiling queue.c...
compiling timers.c...
compiling stream_buffer.c...
compiling cmsis_os2.c...
compiling heap_4.c...
compiling port.c...
compiling tasks.c...
compiling actuator_control.c...
compiling task_rtos.c...
linking...
Program Size: Code=43992 RO-data=1088 RW-data=40 ZI-data=14568  
FromELF: creating hex file...
".\robot\robot.axf" - 0 Error(s), 0 Warning(s).

<h2>Software Packages used:</h2>

Package Vendor: ARM
                http://www.keil.com/pack/ARM.CMSIS.5.9.0.pack
                ARM::CMSIS@5.9.0
                CMSIS (Common Microcontroller Software Interface Standard)
   * Component: CORE Version: 5.6.0

Package Vendor: Keil
                https://www.keil.com/pack/Keil.STM32G4xx_DFP.2.1.0.pack
                Keil::STM32G4xx_DFP@2.1.0
                STMicroelectronics STM32G4 Series Device Support

<h2>Collection of Component include folders:</h2>
  ./RTE/_robot
  D:/Tools/keil_v5/Arm/Packs/ARM/CMSIS/5.9.0/CMSIS/Core/Include

<h2>Collection of Component Files used:</h2>

   * Component: ARM::CMSIS:CORE@5.6.0
      Include file:  CMSIS/Core/Include/tz_context.h
Build Time Elapsed:  00:00:04
</pre>
</body>
</html>
