<html>
<body>
<pre>
<h1>µVision Build Log</h1>
<h2>Tool Versions:</h2>
IDE-Version: ¦ÌVision V5.38.0.0
Copyright (C) 2022 ARM Ltd and ARM Germany GmbH. All rights reserved.
License Information: my Lenovo, xjtu, LIC=WHYH9-4LL7H-560Q2-9DFVT-PJ1CU-AQ642
 
Tool Versions:
Toolchain:       MDK-ARM Plus  Version: 5.38.0.0
Toolchain Path:  F:\Keil\ARM\ARMCLANG\Bin
C Compiler:      ArmClang.exe V6.19
Assembler:       Armasm.exe V6.19
Linker/Locator:  ArmLink.exe V6.19
Library Manager: ArmAr.exe V6.19
Hex Converter:   FromElf.exe V6.19
CPU DLL:         SARMCM3.DLL V5.38.0.0
Dialog DLL:      DCM.DLL V1.17.5.0
Target DLL:      Segger\JL2CM3.dll V2.99.42.0
Dialog DLL:      TCM.DLL V1.56.4.0
 
<h2>Project:</h2>
D:\cubemx\team-competition\all_project\robot_main\MDK-ARM\robot.uvprojx
Project File Date:  11/06/2025

<h2>Output:</h2>
*** Using Compiler 'V6.19', folder: 'F:\Keil\ARM\ARMCLANG\Bin'
Rebuild target 'robot'
assembling startup_stm32g474xx.s...
compiling gpio.c...
compiling main.c...
compiling app_freertos.c...
compiling usart.c...
compiling fdcan.c...
compiling dma.c...
compiling stm32g4xx_hal_msp.c...
compiling stm32g4xx_hal_timebase_tim.c...
compiling tim.c...
compiling stm32g4xx_it.c...
compiling stm32g4xx_hal.c...
compiling stm32g4xx_hal_rcc.c...
compiling stm32g4xx_hal_flash.c...
compiling stm32g4xx_hal_tim_ex.c...
compiling stm32g4xx_hal_rcc_ex.c...
compiling stm32g4xx_hal_fdcan.c...
compiling stm32g4xx_hal_flash_ramfunc.c...
compiling stm32g4xx_hal_gpio.c...
compiling stm32g4xx_hal_exti.c...
compiling stm32g4xx_hal_flash_ex.c...
compiling stm32g4xx_hal_dma.c...
compiling stm32g4xx_hal_dma_ex.c...
compiling stm32g4xx_hal_pwr.c...
compiling stm32g4xx_hal_cortex.c...
compiling stm32g4xx_hal_pwr_ex.c...
compiling system_stm32g4xx.c...
compiling pid.c...
compiling stm32g4xx_hal_uart_ex.c...
compiling vesc.c...
compiling croutine.c...
compiling foc.c...
compiling list.c...
compiling dji_motor.c...
compiling stm32g4xx_hal_tim.c...
compiling trajectory_planner.c...
compiling cybergear_motor.c...
compiling event_groups.c...
compiling fdcan_bsp.c...
compiling timers.c...
compiling stream_buffer.c...
compiling heap_4.c...
compiling stm32g4xx_hal_uart.c...
compiling queue.c...
compiling port.c...
compiling actuator_control.c...
compiling tasks.c...
compiling task_rtos.c...
compiling cmsis_os2.c...
linking...
Program Size: Code=43536 RO-data=1088 RW-data=40 ZI-data=14560  
FromELF: creating hex file...
".\robot\robot.axf" - 0 Error(s), 0 Warning(s).

<h2>Software Packages used:</h2>

Package Vendor: ARM
                http://www.keil.com/pack/ARM.CMSIS.5.9.0.pack
                ARM.CMSIS.5.9.0
                CMSIS (Common Microcontroller Software Interface Standard)
   * Component: CORE Version: 5.6.0

Package Vendor: Keil
                https://www.keil.com/pack/Keil.STM32G4xx_DFP.2.0.0.pack
                Keil.STM32G4xx_DFP.2.0.0
                STMicroelectronics STM32G4 Series Device Support

<h2>Collection of Component include folders:</h2>
  ./RTE/_robot
  F:/Keil/ARM/CMSIS/5.9.0/CMSIS/Core/Include

<h2>Collection of Component Files used:</h2>

   * Component: ARM::CMSIS:CORE:5.6.0
      Include file:  CMSIS/Core/Include/tz_context.h
Build Time Elapsed:  00:00:02
</pre>
</body>
</html>
