Component: Arm Compiler for Embedded 6.21 Tool: armlink [5ec1fa00]

==============================================================================

Section Cross References

    startup_stm32g474xx.o(RESET) refers to startup_stm32g474xx.o(STACK) for __initial_sp
    startup_stm32g474xx.o(RESET) refers to startup_stm32g474xx.o(.text) for Reset_Handler
    startup_stm32g474xx.o(RESET) refers to stm32g4xx_it.o(.text.NMI_Handler) for NMI_Handler
    startup_stm32g474xx.o(RESET) refers to stm32g4xx_it.o(.text.HardFault_Handler) for HardFault_Handler
    startup_stm32g474xx.o(RESET) refers to stm32g4xx_it.o(.text.MemManage_Handler) for MemManage_Handler
    startup_stm32g474xx.o(RESET) refers to stm32g4xx_it.o(.text.BusFault_Handler) for BusFault_Handler
    startup_stm32g474xx.o(RESET) refers to stm32g4xx_it.o(.text.UsageFault_Handler) for UsageFault_Handler
    startup_stm32g474xx.o(RESET) refers to port.o(.text.SVC_Handler) for SVC_Handler
    startup_stm32g474xx.o(RESET) refers to stm32g4xx_it.o(.text.DebugMon_Handler) for DebugMon_Handler
    startup_stm32g474xx.o(RESET) refers to port.o(.text.PendSV_Handler) for PendSV_Handler
    startup_stm32g474xx.o(RESET) refers to cmsis_os2.o(.text.SysTick_Handler) for SysTick_Handler
    startup_stm32g474xx.o(RESET) refers to stm32g4xx_it.o(.text.DMA1_Channel1_IRQHandler) for DMA1_Channel1_IRQHandler
    startup_stm32g474xx.o(RESET) refers to stm32g4xx_it.o(.text.DMA1_Channel2_IRQHandler) for DMA1_Channel2_IRQHandler
    startup_stm32g474xx.o(RESET) refers to stm32g4xx_it.o(.text.DMA1_Channel3_IRQHandler) for DMA1_Channel3_IRQHandler
    startup_stm32g474xx.o(RESET) refers to stm32g4xx_it.o(.text.FDCAN1_IT0_IRQHandler) for FDCAN1_IT0_IRQHandler
    startup_stm32g474xx.o(RESET) refers to stm32g4xx_it.o(.text.FDCAN1_IT1_IRQHandler) for FDCAN1_IT1_IRQHandler
    startup_stm32g474xx.o(RESET) refers to stm32g4xx_it.o(.text.USART1_IRQHandler) for USART1_IRQHandler
    startup_stm32g474xx.o(RESET) refers to stm32g4xx_it.o(.text.TIM5_IRQHandler) for TIM5_IRQHandler
    startup_stm32g474xx.o(RESET) refers to stm32g4xx_it.o(.text.UART4_IRQHandler) for UART4_IRQHandler
    startup_stm32g474xx.o(RESET) refers to stm32g4xx_it.o(.text.UART5_IRQHandler) for UART5_IRQHandler
    startup_stm32g474xx.o(RESET) refers to stm32g4xx_it.o(.text.TIM6_DAC_IRQHandler) for TIM6_DAC_IRQHandler
    startup_stm32g474xx.o(RESET) refers to stm32g4xx_it.o(.text.FDCAN2_IT0_IRQHandler) for FDCAN2_IT0_IRQHandler
    startup_stm32g474xx.o(RESET) refers to stm32g4xx_it.o(.text.FDCAN2_IT1_IRQHandler) for FDCAN2_IT1_IRQHandler
    startup_stm32g474xx.o(.text) refers to system_stm32g4xx.o(.text.SystemInit) for SystemInit
    startup_stm32g474xx.o(.text) refers to entry.o(.ARM.Collect$$$$00000000) for __main
    main.o(.text.main) refers to stm32g4xx_hal.o(.text.HAL_Init) for HAL_Init
    main.o(.text.main) refers to main.o(.text.SystemClock_Config) for SystemClock_Config
    main.o(.text.main) refers to gpio.o(.text.MX_GPIO_Init) for MX_GPIO_Init
    main.o(.text.main) refers to dma.o(.text.MX_DMA_Init) for MX_DMA_Init
    main.o(.text.main) refers to usart.o(.text.MX_USART1_UART_Init) for MX_USART1_UART_Init
    main.o(.text.main) refers to fdcan.o(.text.MX_FDCAN1_Init) for MX_FDCAN1_Init
    main.o(.text.main) refers to fdcan.o(.text.MX_FDCAN2_Init) for MX_FDCAN2_Init
    main.o(.text.main) refers to fdcan.o(.text.MX_FDCAN3_Init) for MX_FDCAN3_Init
    main.o(.text.main) refers to tim.o(.text.MX_TIM6_Init) for MX_TIM6_Init
    main.o(.text.main) refers to usart.o(.text.MX_UART5_Init) for MX_UART5_Init
    main.o(.text.main) refers to usart.o(.text.MX_UART4_Init) for MX_UART4_Init
    main.o(.text.main) refers to cmsis_os2.o(.text.osKernelInitialize) for osKernelInitialize
    main.o(.text.main) refers to app_freertos.o(.text.MX_FREERTOS_Init) for MX_FREERTOS_Init
    main.o(.text.main) refers to cmsis_os2.o(.text.osKernelStart) for osKernelStart
    main.o(.ARM.exidx.text.main) refers to main.o(.text.main) for [Anonymous Symbol]
    main.o(.text.SystemClock_Config) refers to memseta.o(.text) for __aeabi_memclr4
    main.o(.text.SystemClock_Config) refers to stm32g4xx_hal_pwr_ex.o(.text.HAL_PWREx_ControlVoltageScaling) for HAL_PWREx_ControlVoltageScaling
    main.o(.text.SystemClock_Config) refers to stm32g4xx_hal_rcc.o(.text.HAL_RCC_OscConfig) for HAL_RCC_OscConfig
    main.o(.text.SystemClock_Config) refers to main.o(.text.Error_Handler) for Error_Handler
    main.o(.text.SystemClock_Config) refers to stm32g4xx_hal_rcc.o(.text.HAL_RCC_ClockConfig) for HAL_RCC_ClockConfig
    main.o(.ARM.exidx.text.SystemClock_Config) refers to main.o(.text.SystemClock_Config) for [Anonymous Symbol]
    main.o(.ARM.exidx.text.Error_Handler) refers to main.o(.text.Error_Handler) for [Anonymous Symbol]
    main.o(.text.HAL_TIM_PeriodElapsedCallback) refers to stm32g4xx_hal.o(.text.HAL_IncTick) for HAL_IncTick
[...]
    BusFault_Handler                         0x08001389   Thumb Code     4  stm32g4xx_it.o(.text.BusFault_Handler)
    DMA1_Channel1_IRQHandler                 0x0800138d   Thumb Code    16  stm32g4xx_it.o(.text.DMA1_Channel1_IRQHandler)
    DMA1_Channel2_IRQHandler                 0x0800139d   Thumb Code    16  stm32g4xx_it.o(.text.DMA1_Channel2_IRQHandler)
    DMA1_Channel3_IRQHandler                 0x080013ad   Thumb Code    16  stm32g4xx_it.o(.text.DMA1_Channel3_IRQHandler)
    DebugMon_Handler                         0x080014dd   Thumb Code     2  stm32g4xx_it.o(.text.DebugMon_Handler)
    Error_Handler                            0x080014e1   Thumb Code    14  main.o(.text.Error_Handler)
    FDCAN1_IT0_IRQHandler                    0x080014f1   Thumb Code    16  stm32g4xx_it.o(.text.FDCAN1_IT0_IRQHandler)
    FDCAN1_IT1_IRQHandler                    0x08001501   Thumb Code    16  stm32g4xx_it.o(.text.FDCAN1_IT1_IRQHandler)
    FDCAN2_IT0_IRQHandler                    0x08001511   Thumb Code    16  stm32g4xx_it.o(.text.FDCAN2_IT0_IRQHandler)
    FDCAN2_IT1_IRQHandler                    0x08001521   Thumb Code    16  stm32g4xx_it.o(.text.FDCAN2_IT1_IRQHandler)
    HAL_DMA_Abort                            0x080016c1   Thumb Code   156  stm32g4xx_hal_dma.o(.text.HAL_DMA_Abort)
    HAL_DMA_Abort_IT                         0x0800175d   Thumb Code   194  stm32g4xx_hal_dma.o(.text.HAL_DMA_Abort_IT)
    HAL_DMA_IRQHandler                       0x08001821   Thumb Code   342  stm32g4xx_hal_dma.o(.text.HAL_DMA_IRQHandler)
    HAL_DMA_Init                             0x08001979   Thumb Code   342  stm32g4xx_hal_dma.o(.text.HAL_DMA_Init)
    HAL_DMA_Start_IT                         0x08001ad1   Thumb Code   252  stm32g4xx_hal_dma.o(.text.HAL_DMA_Start_IT)
    HAL_FDCAN_ActivateNotification           0x08001bcd   Thumb Code   522  stm32g4xx_hal_fdcan.o(.text.HAL_FDCAN_ActivateNotification)
    HAL_FDCAN_AddMessageToTxFifoQ            0x08001dd9   Thumb Code   154  stm32g4xx_hal_fdcan.o(.text.HAL_FDCAN_AddMessageToTxFifoQ)
    HAL_FDCAN_ConfigFilter                   0x08001e75   Thumb Code   182  stm32g4xx_hal_fdcan.o(.text.HAL_FDCAN_ConfigFilter)
    HAL_FDCAN_ConfigGlobalFilter             0x08001f2d   Thumb Code   102  stm32g4xx_hal_fdcan.o(.text.HAL_FDCAN_ConfigGlobalFilter)
    HAL_FDCAN_ErrorCallback                  0x08001f95   Thumb Code     8  stm32g4xx_hal_fdcan.o(.text.HAL_FDCAN_ErrorCallback)
    HAL_FDCAN_ErrorStatusCallback            0x08001f9d   Thumb Code   148  fdcan_bsp.o(.text.HAL_FDCAN_ErrorStatusCallback)
    HAL_FDCAN_GetRxMessage                   0x08002031   Thumb Code   560  stm32g4xx_hal_fdcan.o(.text.HAL_FDCAN_GetRxMessage)
    HAL_FDCAN_HighPriorityMessageCallback    0x08002261   Thumb Code     8  stm32g4xx_hal_fdcan.o(.text.HAL_FDCAN_HighPriorityMessageCallback)
    HAL_FDCAN_IRQHandler                     0x08002269   Thumb Code   696  stm32g4xx_hal_fdcan.o(.text.HAL_FDCAN_IRQHandler)
    HAL_FDCAN_Init                           0x08002521   Thumb Code   716  stm32g4xx_hal_fdcan.o(.text.HAL_FDCAN_Init)
    HAL_FDCAN_MspInit                        0x080027ed   Thumb Code   604  fdcan.o(.text.HAL_FDCAN_MspInit)
    HAL_FDCAN_RxFifo0Callback                0x08002a49   Thumb Code    32  fdcan_bsp.o(.text.HAL_FDCAN_RxFifo0Callback)
    HAL_FDCAN_RxFifo1Callback                0x08002a69   Thumb Code    34  fdcan_bsp.o(.text.HAL_FDCAN_RxFifo1Callback)
    HAL_FDCAN_Start                          0x08002a8d   Thumb Code    74  stm32g4xx_hal_fdcan.o(.text.HAL_FDCAN_Start)
    HAL_FDCAN_TimeoutOccurredCallback        0x08002ad9   Thumb Code     8  stm32g4xx_hal_fdcan.o(.text.HAL_FDCAN_TimeoutOccurredCallback)
    HAL_FDCAN_TimestampWraparoundCallback    0x08002ae1   Thumb Code     8  stm32g4xx_hal_fdcan.o(.text.HAL_FDCAN_TimestampWraparoundCallback)
    HAL_FDCAN_TxBufferAbortCallback          0x08002ae9   Thumb Code    10  stm32g4xx_hal_fdcan.o(.text.HAL_FDCAN_TxBufferAbortCallback)
    HAL_FDCAN_TxBufferCompleteCallback       0x08002af5   Thumb Code    10  stm32g4xx_hal_fdcan.o(.text.HAL_FDCAN_TxBufferCompleteCallback)
    HAL_FDCAN_TxEventFifoCallback            0x08002b01   Thumb Code    10  stm32g4xx_hal_fdcan.o(.text.HAL_FDCAN_TxEventFifoCallback)
    HAL_FDCAN_TxFifoEmptyCallback            0x08002b0d   Thumb Code     8  stm32g4xx_hal_fdcan.o(.text.HAL_FDCAN_TxFifoEmptyCallback)
    HAL_GPIO_Init                            0x08002b15   Thumb Code   872  stm32g4xx_hal_gpio.o(.text.HAL_GPIO_Init)
    HAL_GPIO_WritePin                        0x08002e7d   Thumb Code    44  stm32g4xx_hal_gpio.o(.text.HAL_GPIO_WritePin)
    HAL_GetTick                              0x08002ea9   Thumb Code    12  stm32g4xx_hal.o(.text.HAL_GetTick)
    HAL_IncTick                              0x08002eb5   Thumb Code    26  stm32g4xx_hal.o(.text.HAL_IncTick)
    HAL_Init                                 0x08002ed1   Thumb Code    48  stm32g4xx_hal.o(.text.HAL_Init)
    HAL_InitTick                             0x08002f01   Thumb Code   212  stm32g4xx_hal_timebase_tim.o(.text.HAL_InitTick)
    HAL_MspInit                              0x08002fd5   Thumb Code    84  stm32g4xx_hal_msp.o(.text.HAL_MspInit)
    HAL_NVIC_EnableIRQ                       0x08003029   Thumb Code    20  stm32g4xx_hal_cortex.o(.text.HAL_NVIC_EnableIRQ)
    HAL_NVIC_SetPriority                     0x0800303d   Thumb Code    46  stm32g4xx_hal_cortex.o(.text.HAL_NVIC_SetPriority)
    HAL_NVIC_SetPriorityGrouping             0x0800306d   Thumb Code    16  stm32g4xx_hal_cortex.o(.text.HAL_NVIC_SetPriorityGrouping)
    HAL_PWREx_ControlVoltageScaling          0x0800307d   Thumb Code   436  stm32g4xx_hal_pwr_ex.o(.text.HAL_PWREx_ControlVoltageScaling)
    HAL_PWREx_DisableUCPDDeadBattery         0x08003231   Thumb Code    18  stm32g4xx_hal_pwr_ex.o(.text.HAL_PWREx_DisableUCPDDeadBattery)
    HAL_RCCEx_PeriphCLKConfig                0x08003245   Thumb Code  1316  stm32g4xx_hal_rcc_ex.o(.text.HAL_RCCEx_PeriphCLKConfig)
    HAL_RCC_ClockConfig                      0x08003769   Thumb Code   806  stm32g4xx_hal_rcc.o(.text.HAL_RCC_ClockConfig)
    HAL_RCC_GetClockConfig                   0x08003a91   Thumb Code    84  stm32g4xx_hal_rcc.o(.text.HAL_RCC_GetClockConfig)
    HAL_RCC_GetHCLKFreq                      0x08003ae5   Thumb Code    12  stm32g4xx_hal_rcc.o(.text.HAL_RCC_GetHCLKFreq)
    HAL_RCC_GetPCLK1Freq                     0x08003af1   Thumb Code    38  stm32g4xx_hal_rcc.o(.text.HAL_RCC_GetPCLK1Freq)
    HAL_RCC_GetPCLK2Freq                     0x08003b19   Thumb Code    38  stm32g4xx_hal_rcc.o(.text.HAL_RCC_GetPCLK2Freq)
    HAL_RCC_GetSysClockFreq                  0x08003b41   Thumb Code   252  stm32g4xx_hal_rcc.o(.text.HAL_RCC_GetSysClockFreq)
    HAL_RCC_OscConfig                        0x08003c3d   Thumb Code  1974  stm32g4xx_hal_rcc.o(.text.HAL_RCC_OscConfig)
    HAL_TIMEx_Break2Callback                 0x080043f5   Thumb Code     8  stm32g4xx_hal_tim_ex.o(.text.HAL_TIMEx_Break2Callback)
    HAL_TIMEx_BreakCallback                  0x080043fd   Thumb Code     8  stm32g4xx_hal_tim_ex.o(.text.HAL_TIMEx_BreakCallback)
    HAL_TIMEx_CommutCallback                 0x08004405   Thumb Code     8  stm32g4xx_hal_tim_ex.o(.text.HAL_TIMEx_CommutCallback)
    HAL_TIMEx_DirectionChangeCallback        0x0800440d   Thumb Code     8  stm32g4xx_hal_tim_ex.o(.text.HAL_TIMEx_DirectionChangeCallback)
    HAL_TIMEx_EncoderIndexCallback           0x08004415   Thumb Code     8  stm32g4xx_hal_tim_ex.o(.text.HAL_TIMEx_EncoderIndexCallback)
    HAL_TIMEx_IndexErrorCallback             0x0800441d   Thumb Code     8  stm32g4xx_hal_tim_ex.o(.text.HAL_TIMEx_IndexErrorCallback)
    HAL_TIMEx_MasterConfigSynchronization    0x08004425   Thumb Code   372  stm32g4xx_hal_tim_ex.o(.text.HAL_TIMEx_MasterConfigSynchronization)
    HAL_TIMEx_TransitionErrorCallback        0x08004599   Thumb Code     8  stm32g4xx_hal_tim_ex.o(.text.HAL_TIMEx_TransitionErrorCallback)
    HAL_TIM_Base_Init                        0x080045a1   Thumb Code   168  stm32g4xx_hal_tim.o(.text.HAL_TIM_Base_Init)
    HAL_TIM_Base_MspInit                     0x08004649   Thumb Code    78  tim.o(.text.HAL_TIM_Base_MspInit)
    HAL_TIM_Base_Start_IT                    0x08004699   Thumb Code   262  stm32g4xx_hal_tim.o(.text.HAL_TIM_Base_Start_IT)
    HAL_TIM_IC_CaptureCallback               0x080047a1   Thumb Code     8  stm32g4xx_hal_tim.o(.text.HAL_TIM_IC_CaptureCallback)
    HAL_TIM_IRQHandler                       0x080047a9   Thumb Code   768  stm32g4xx_hal_tim.o(.text.HAL_TIM_IRQHandler)
    HAL_TIM_OC_DelayElapsedCallback          0x08004aa9   Thumb Code     8  stm32g4xx_hal_tim.o(.text.HAL_TIM_OC_DelayElapsedCallback)
    HAL_TIM_PWM_PulseFinishedCallback        0x08004ab1   Thumb Code     8  stm32g4xx_hal_tim.o(.text.HAL_TIM_PWM_PulseFinishedCallback)
    HAL_TIM_PeriodElapsedCallback            0x08004ab9   Thumb Code    34  main.o(.text.HAL_TIM_PeriodElapsedCallback)
    HAL_TIM_TriggerCallback                  0x08004add   Thumb Code     8  stm32g4xx_hal_tim.o(.text.HAL_TIM_TriggerCallback)
    HAL_UARTEx_DisableFifoMode               0x08004ae5   Thumb Code   124  stm32g4xx_hal_uart_ex.o(.text.HAL_UARTEx_DisableFifoMode)
    HAL_UARTEx_ReceiveToIdle_DMA             0x08004b61   Thumb Code   176  stm32g4xx_hal_uart_ex.o(.text.HAL_UARTEx_ReceiveToIdle_DMA)
    HAL_UARTEx_RxEventCallback               0x08004c11   Thumb Code   450  app_freertos.o(.text.HAL_UARTEx_RxEventCallback)
    HAL_UARTEx_RxFifoFullCallback            0x08004dd5   Thumb Code     8  stm32g4xx_hal_uart_ex.o(.text.HAL_UARTEx_RxFifoFullCallback)
    HAL_UARTEx_SetRxFifoThreshold            0x08004ddd   Thumb Code   140  stm32g4xx_hal_uart_ex.o(.text.HAL_UARTEx_SetRxFifoThreshold)
    HAL_UARTEx_SetTxFifoThreshold            0x08004e69   Thumb Code   140  stm32g4xx_hal_uart_ex.o(.text.HAL_UARTEx_SetTxFifoThreshold)
    HAL_UARTEx_TxFifoEmptyCallback           0x08004ef5   Thumb Code     8  stm32g4xx_hal_uart_ex.o(.text.HAL_UARTEx_TxFifoEmptyCallback)
    HAL_UARTEx_WakeupCallback                0x08004efd   Thumb Code     8  stm32g4xx_hal_uart_ex.o(.text.HAL_UARTEx_WakeupCallback)
    HAL_UART_ErrorCallback                   0x08004f05   Thumb Code    36  app_freertos.o(.text.HAL_UART_ErrorCallback)
    HAL_UART_IRQHandler                      0x08004f29   Thumb Code  1430  stm32g4xx_hal_uart.o(.text.HAL_UART_IRQHandler)
    HAL_UART_Init                            0x080054c1   Thumb Code   170  stm32g4xx_hal_uart.o(.text.HAL_UART_Init)
    HAL_UART_MspInit                         0x0800556d   Thumb Code   808  usart.o(.text.HAL_UART_MspInit)
    HAL_UART_RxCpltCallback                  0x08005895   Thumb Code     8  stm32g4xx_hal_uart.o(.text.HAL_UART_RxCpltCallback)
    HAL_UART_RxHalfCpltCallback              0x0800589d   Thumb Code     8  stm32g4xx_hal_uart.o(.text.HAL_UART_RxHalfCpltCallback)
    HAL_UART_Transmit                        0x080058a5   Thumb Code   312  stm32g4xx_hal_uart.o(.text.HAL_UART_Transmit)
    HAL_UART_TxCpltCallback                  0x080059dd   Thumb Code     8  stm32g4xx_hal_uart.o(.text.HAL_UART_TxCpltCallback)
    HardFault_Handler                        0x080059e5   Thumb Code     4  stm32g4xx_it.o(.text.HardFault_Handler)
    MX_DMA_Init                              0x080059e9   Thumb Code   126  dma.o(.text.MX_DMA_Init)
    MX_FDCAN1_Init                           0x08005a69   Thumb Code   100  fdcan.o(.text.MX_FDCAN1_Init)
    MX_FDCAN2_Init                           0x08005acd   Thumb Code   100  fdcan.o(.text.MX_FDCAN2_Init)
    MX_FDCAN3_Init                           0x08005b31   Thumb Code   100  fdcan.o(.text.MX_FDCAN3_Init)
    MX_FREERTOS_Init                         0x08005b95   Thumb Code   148  app_freertos.o(.text.MX_FREERTOS_Init)
    MX_GPIO_Init                             0x08005c29   Thumb Code   210  gpio.o(.text.MX_GPIO_Init)
    MX_TIM6_Init                             0x08005cfd   Thumb Code    94  tim.o(.text.MX_TIM6_Init)
    MX_UART4_Init                            0x08005d5d   Thumb Code   142  usart.o(.text.MX_UART4_Init)
    MX_UART5_Init                            0x08005ded   Thumb Code   142  usart.o(.text.MX_UART5_Init)
    MX_USART1_UART_Init                      0x08005e7d   Thumb Code   142  usart.o(.text.MX_USART1_UART_Init)
    MemManage_Handler                        0x08005f0d   Thumb Code     4  stm32g4xx_it.o(.text.MemManage_Handler)
    NMI_Handler                              0x08005f11   Thumb Code     4  stm32g4xx_it.o(.text.NMI_Handler)
    PendSV_Handler                           0x08005f81   Thumb Code   100  port.o(.text.PendSV_Handler)
    Pid_incremental_cal                      0x08005fe5   Thumb Code   262  pid.o(.text.Pid_incremental_cal)
    SVC_Handler                              0x08006191   Thumb Code    36  port.o(.text.SVC_Handler)
    SysTick_Handler                          0x080061c5   Thumb Code    30  cmsis_os2.o(.text.SysTick_Handler)
    SystemClock_Config                       0x080061e5   Thumb Code   116  main.o(.text.SystemClock_Config)
    SystemInit                               0x08006259   Thumb Code    18  system_stm32g4xx.o(.text.SystemInit)
    TIM5_IRQHandler                          0x0800626d   Thumb Code    16  stm32g4xx_it.o(.text.TIM5_IRQHandler)
    TIM6_DAC_IRQHandler                      0x0800627d   Thumb Code    16  stm32g4xx_it.o(.text.TIM6_DAC_IRQHandler)
    TIM_Base_SetConfig                       0x0800628d   Thumb Code   486  stm32g4xx_hal_tim.o(.text.TIM_Base_SetConfig)
    Task0                                    0x08006475   Thumb Code   246  task_rtos.o(.text.Task0)
    UART4_IRQHandler                         0x0800656d   Thumb Code    16  stm32g4xx_it.o(.text.UART4_IRQHandler)
    UART5_IRQHandler                         0x0800657d   Thumb Code    16  stm32g4xx_it.o(.text.UART5_IRQHandler)
    UART_AdvFeatureConfig                    0x08006615   Thumb Code   328  stm32g4xx_hal_uart.o(.text.UART_AdvFeatureConfig)
    UART_CheckIdleState                      0x0800675d   Thumb Code   326  stm32g4xx_hal_uart.o(.text.UART_CheckIdleState)
    UART_SetConfig                           0x08006bb5   Thumb Code  1506  stm32g4xx_hal_uart.o(.text.UART_SetConfig)
    UART_Start_Receive_DMA                   0x08007199   Thumb Code   302  stm32g4xx_hal_uart.o(.text.UART_Start_Receive_DMA)
    UART_WaitOnFlagUntilTimeout              0x080072c9   Thumb Code   268  stm32g4xx_hal_uart.o(.text.UART_WaitOnFlagUntilTimeout)
    USART1_IRQHandler                        0x080073d5   Thumb Code    16  stm32g4xx_it.o(.text.USART1_IRQHandler)
    UsageFault_Handler                       0x080073e5   Thumb Code     4  stm32g4xx_it.o(.text.UsageFault_Handler)
    all_motors_in_position                   0x080074ed   Thumb Code   292  actuator_control.o(.text.all_motors_in_position)
    chassis_control                          0x08007615   Thumb Code    62  actuator_control.o(.text.chassis_control)
    chassis_init                             0x08007655   Thumb Code   106  actuator_control.o(.text.chassis_init)
    cybergear_message_handler                0x0800779d   Thumb Code   352  cybergear_motor.o(.text.cybergear_message_handler)
    cybergear_motor_degree2rad               0x08007981   Thumb Code   120  cybergear_motor.o(.text.cybergear_motor_degree2rad)
    cybergear_motor_enable                   0x08007a09   Thumb Code    16  cybergear_motor.o(.text.cybergear_motor_enable)
    cybergear_motor_get_instance             0x08007a19   Thumb Code    52  cybergear_motor.o(.text.cybergear_motor_get_instance)
    cybergear_motor_set_mode                 0x08007a4d   Thumb Code    60  cybergear_motor.o(.text.cybergear_motor_set_mode)
    cybergear_motor_set_position             0x08007a89   Thumb Code    60  cybergear_motor.o(.text.cybergear_motor_set_position)
    cybergear_motor_set_zero_position        0x08007ac5   Thumb Code    36  cybergear_motor.o(.text.cybergear_motor_set_zero_position)
    cybergear_motor_stop                     0x08007ae9   Thumb Code    34  cybergear_motor.o(.text.cybergear_motor_stop)
    cybergear_motors_init                    0x08007b0d   Thumb Code    24  cybergear_motor.o(.text.cybergear_motors_init)
    dabi_control                             0x08007bc1   Thumb Code    80  actuator_control.o(.text.dabi_control)
    dji_degree2encoder                       0x08007c2d   Thumb Code    40  dji_motor.o(.text.dji_degree2encoder)
    dji_init                                 0x08007c55   Thumb Code    52  actuator_control.o(.text.dji_init)
    dji_motor_get_instance                   0x08007d59   Thumb Code    50  dji_motor.o(.text.dji_motor_get_instance)
    dji_motor_message_handler                0x08007d8d   Thumb Code   168  dji_motor.o(.text.dji_motor_message_handler)
    dji_motor_set_location                   0x0800800d   Thumb Code    42  dji_motor.o(.text.dji_motor_set_location)
    dji_motors_init                          0x08008039   Thumb Code   212  dji_motor.o(.text.dji_motors_init)
    fdcan_bsp_init                           0x08008141   Thumb Code    72  fdcan_bsp.o(.text.fdcan_bsp_init)
    fdcan_bsp_register                       0x08008189   Thumb Code   278  fdcan_bsp.o(.text.fdcan_bsp_register)
    fdcan_bsp_start                          0x080082a1   Thumb Code   450  fdcan_bsp.o(.text.fdcan_bsp_start)
    fputc                                    0x08008575   Thumb Code    34  usart.o(.text.fputc)
    main                                     0x08008625   Thumb Code    68  main.o(.text.main)
    osDelay                                  0x08008841   Thumb Code    52  cmsis_os2.o(.text.osDelay)
    osKernelInitialize                       0x08008875   Thumb Code    70  cmsis_os2.o(.text.osKernelInitialize)
    osKernelStart                            0x080088bd   Thumb Code    82  cmsis_os2.o(.text.osKernelStart)
    osMessageQueueGet                        0x08008911   Thumb Code   192  cmsis_os2.o(.text.osMessageQueueGet)
    osMessageQueueNew                        0x080089d1   Thumb Code   254  cmsis_os2.o(.text.osMessageQueueNew)
    osMessageQueuePut                        0x08008ad1   Thumb Code   196  cmsis_os2.o(.text.osMessageQueuePut)
    osMutexNew                               0x08008b95   Thumb Code   296  cmsis_os2.o(.text.osMutexNew)
    osThreadNew                              0x08008cbd   Thumb Code   348  cmsis_os2.o(.text.osThreadNew)
    pvPortMalloc                             0x0800a009   Thumb Code   492  heap_4.o(.text.pvPortMalloc)
    pvTaskIncrementMutexHeldCount            0x0800a1f5   Thumb Code    44  tasks.o(.text.pvTaskIncrementMutexHeldCount)
    pxPortInitialiseStack                    0x0800a221   Thumb Code    94  port.o(.text.pxPortInitialiseStack)
    send_task3_positions                     0x0800a281   Thumb Code    94  task_rtos.o(.text.send_task3_positions)
    trajectory_planner_init                  0x0800aaed   Thumb Code   150  trajectory_planner.o(.text.trajectory_planner_init)
    trajectory_planner_set_target            0x0800ab85   Thumb Code    74  trajectory_planner.o(.text.trajectory_planner_set_target)
    trajectory_planner_start                 0x0800abd1   Thumb Code   164  trajectory_planner.o(.text.trajectory_planner_start)
    uxListRemove                             0x0800accd   Thumb Code    72  list.o(.text.uxListRemove)
    vApplicationGetIdleTaskMemory            0x0800ad15   Thumb Code    44  cmsis_os2.o(.text.vApplicationGetIdleTaskMemory)
    vApplicationGetTimerTaskMemory           0x0800ad41   Thumb Code    44  cmsis_os2.o(.text.vApplicationGetTimerTaskMemory)
    vListInitialise                          0x0800ad6d   Thumb Code    46  list.o(.text.vListInitialise)
    vListInitialiseItem                      0x0800ad9d   Thumb Code    14  list.o(.text.vListInitialiseItem)
    vListInsert                              0x0800adad   Thumb Code   106  list.o(.text.vListInsert)
    vListInsertEnd                           0x0800ae19   Thumb Code    58  list.o(.text.vListInsertEnd)
    vPortEnterCritical                       0x0800ae69   Thumb Code    86  port.o(.text.vPortEnterCritical)
    vPortExitCritical                        0x0800aec1   Thumb Code    74  port.o(.text.vPortExitCritical)
    vPortFree                                0x0800af0d   Thumb Code   206  heap_4.o(.text.vPortFree)
    vPortSetupTimerInterrupt                 0x0800afdd   Thumb Code    68  port.o(.text.vPortSetupTimerInterrupt)
    vPortValidateInterruptPriority           0x0800b021   Thumb Code   132  port.o(.text.vPortValidateInterruptPriority)
    vQueueAddToRegistry                      0x0800b0a5   Thumb Code    82  queue.o(.text.vQueueAddToRegistry)
    vQueueWaitForMessageRestricted           0x0800b0f9   Thumb Code   100  queue.o(.text.vQueueWaitForMessageRestricted)
    vTaskDelay                               0x0800b15d   Thumb Code   110  tasks.o(.text.vTaskDelay)
    vTaskDelayUntil                          0x0800b1cd   Thumb Code   276  tasks.o(.text.vTaskDelayUntil)
    vTaskInternalSetTimeOutState             0x0800b2e1   Thumb Code    36  tasks.o(.text.vTaskInternalSetTimeOutState)
    vTaskMissedYield                         0x0800b305   Thumb Code    14  tasks.o(.text.vTaskMissedYield)
    vTaskPlaceOnEventList                    0x0800b315   Thumb Code    66  tasks.o(.text.vTaskPlaceOnEventList)
    vTaskPlaceOnEventListRestricted          0x0800b359   Thumb Code    82  tasks.o(.text.vTaskPlaceOnEventListRestricted)
    vTaskPriorityDisinheritAfterTimeout      0x0800b3ad   Thumb Code   308  tasks.o(.text.vTaskPriorityDisinheritAfterTimeout)
    vTaskResume                              0x0800b4e1   Thumb Code   214  tasks.o(.text.vTaskResume)
    vTaskStartScheduler                      0x0800b5b9   Thumb Code   224  tasks.o(.text.vTaskStartScheduler)
    vTaskSuspend                             0x0800b699   Thumb Code   296  tasks.o(.text.vTaskSuspend)
    vTaskSuspendAll                          0x0800b7c1   Thumb Code    16  tasks.o(.text.vTaskSuspendAll)
    vTaskSwitchContext                       0x0800b7d1   Thumb Code   198  tasks.o(.text.vTaskSwitchContext)
    xPortStartScheduler                      0x0800b899   Thumb Code   342  port.o(.text.xPortStartScheduler)
    xPortSysTickHandler                      0x0800b9f1   Thumb Code    60  port.o(.text.xPortSysTickHandler)
    xQueueCreateMutex                        0x0800ba2d   Thumb Code    38  queue.o(.text.xQueueCreateMutex)
    xQueueCreateMutexStatic                  0x0800ba55   Thumb Code    50  queue.o(.text.xQueueCreateMutexStatic)
    xQueueGenericCreate                      0x0800ba89   Thumb Code   116  queue.o(.text.xQueueGenericCreate)
    xQueueGenericCreateStatic                0x0800bafd   Thumb Code   270  queue.o(.text.xQueueGenericCreateStatic)
    xQueueGenericReset                       0x0800bc0d   Thumb Code   186  queue.o(.text.xQueueGenericReset)
    xQueueGenericSend                        0x0800bcc9   Thumb Code   556  queue.o(.text.xQueueGenericSend)
    xQueueGenericSendFromISR                 0x0800bef5   Thumb Code   332  queue.o(.text.xQueueGenericSendFromISR)
    xQueueReceive                            0x0800c041   Thumb Code   476  queue.o(.text.xQueueReceive)
    xQueueReceiveFromISR                     0x0800c21d   Thumb Code   264  queue.o(.text.xQueueReceiveFromISR)
    xQueueSemaphoreTake                      0x0800c325   Thumb Code   556  queue.o(.text.xQueueSemaphoreTake)
    xTaskCheckForTimeOut                     0x0800c551   Thumb Code   204  tasks.o(.text.xTaskCheckForTimeOut)
    xTaskCreate                              0x0800c61d   Thumb Code   158  tasks.o(.text.xTaskCreate)
    xTaskCreateStatic                        0x0800c6bd   Thumb Code   206  tasks.o(.text.xTaskCreateStatic)
    xTaskGetSchedulerState                   0x0800c78d   Thumb Code    56  tasks.o(.text.xTaskGetSchedulerState)
    xTaskGetTickCount                        0x0800c7c5   Thumb Code    20  tasks.o(.text.xTaskGetTickCount)
    xTaskIncrementTick                       0x0800c7d9   Thumb Code   452  tasks.o(.text.xTaskIncrementTick)
    xTaskPriorityDisinherit                  0x0800c99d   Thumb Code   236  tasks.o(.text.xTaskPriorityDisinherit)
    xTaskPriorityInherit                     0x0800ca89   Thumb Code   270  tasks.o(.text.xTaskPriorityInherit)
    xTaskRemoveFromEventList                 0x0800cb99   Thumb Code   206  tasks.o(.text.xTaskRemoveFromEventList)
    xTaskResumeAll                           0x0800cc69   Thumb Code   390  tasks.o(.text.xTaskResumeAll)
    xTimerCreateTimerTask                    0x0800cdf1   Thumb Code   148  timers.o(.text.xTimerCreateTimerTask)
    xTimerGenericCommand                     0x0800ce85   Thumb Code   176  timers.o(.text.xTimerGenericCommand)
    xiaobi_control                           0x0800cf35   Thumb Code    50  actuator_control.o(.text.xiaobi_control)
    xipan_control                            0x0800cf69   Thumb Code    46  actuator_control.o(.text.xipan_control)
    zhuzhou_control                          0x0800cf99   Thumb Code    80  actuator_control.o(.text.zhuzhou_control)
    __0printf                                0x0800cff5   Thumb Code    22  printfa.o(i.__0printf)
    __1printf                                0x0800cff5   Thumb Code     0  printfa.o(i.__0printf)
    __2printf                                0x0800cff5   Thumb Code     0  printfa.o(i.__0printf)
    __c89printf                              0x0800cff5   Thumb Code     0  printfa.o(i.__0printf)
    printf                                   0x0800cff5   Thumb Code     0  printfa.o(i.__0printf)
    __scatterload_copy                       0x0800d015   Thumb Code    14  handlers.o(i.__scatterload_copy)
    __scatterload_null                       0x0800d023   Thumb Code     2  handlers.o(i.__scatterload_null)
    __scatterload_zeroinit                   0x0800d025   Thumb Code    14  handlers.o(i.__scatterload_zeroinit)
    _is_digit                                0x0800d1b9   Thumb Code    14  scanf_fp.o(i._is_digit)
    __ctype_categories                       0x0800d8f6   Data          64  ctype_c.o(.constdata)
    AHBPrescTable                            0x0800d936   Data          16  system_stm32g4xx.o(.rodata.AHBPrescTable)
    APBPrescTable                            0x0800d946   Data           8  system_stm32g4xx.o(.rodata.APBPrescTable)
    Task_attributes                          0x0800d9f0   Data          36  app_freertos.o(.rodata.Task_attributes)
    UARTPrescTable                           0x0800da24   Data          24  stm32g4xx_hal_uart.o(.rodata.UARTPrescTable)
    motorMutex_attributes                    0x0800da3c   Data          16  app_freertos.o(.rodata.motorMutex_attributes)
    task3position_attributes                 0x0800dc08   Data          24  app_freertos.o(.rodata.task3position_attributes)
    Region$$Table$$Base                      0x0800dc20   Number         0  anon$$obj.o(Region$$Table)
    Region$$Table$$Limit                     0x0800dc40   Number         0  anon$$obj.o(Region$$Table)
    __stdout                                 0x20000000   Data           4  stdout.o(.data)
    SystemCoreClock                          0x20000004   Data           4  system_stm32g4xx.o(.data.SystemCoreClock)
    test                                     0x2000000c   Data          20  app_freertos.o(.data.test)
    uwTickFreq                               0x20000020   Data           4  stm32g4xx_hal.o(.data.uwTickFreq)
    uwTickPrio                               0x20000024   Data           4  stm32g4xx_hal.o(.data.uwTickPrio)
    TaskHandle                               0x20000038   Data           4  app_freertos.o(.bss.TaskHandle)
    hdma_uart4_rx                            0x20001568   Data          96  usart.o(.bss.hdma_uart4_rx)
    hdma_uart5_rx                            0x200015c8   Data          96  usart.o(.bss.hdma_uart5_rx)
    hdma_usart1_rx                           0x20001628   Data          96  usart.o(.bss.hdma_usart1_rx)
    hfdcan1                                  0x20001688   Data         100  fdcan.o(.bss.hfdcan1)
    hfdcan2                                  0x200016ec   Data         100  fdcan.o(.bss.hfdcan2)
    hfdcan3                                  0x20001750   Data         100  fdcan.o(.bss.hfdcan3)
    htim5                                    0x200017b4   Data          76  stm32g4xx_hal_timebase_tim.o(.bss.htim5)
    htim6                                    0x20001800   Data          76  tim.o(.bss.htim6)
    huart1                                   0x2000184c   Data         148  usart.o(.bss.huart1)
    huart4                                   0x200018e0   Data         148  usart.o(.bss.huart4)
    huart5                                   0x20001974   Data         148  usart.o(.bss.huart5)
    motorMutexHandle                         0x20001a10   Data           4  app_freertos.o(.bss.motorMutexHandle)
    pxCurrentTCB                             0x20001b08   Data           4  tasks.o(.bss.pxCurrentTCB)
    rx_buffer                                0x20001f80   Data         256  app_freertos.o(.bss.rx_buffer)
    sys                                      0x20002304   Data           2  app_freertos.o(.bss.sys)
    task3positionHandle                      0x20002310   Data           4  app_freertos.o(.bss.task3positionHandle)
    uwTick                                   0x20002f1c   Data           4  stm32g4xx_hal.o(.bss.uwTick)
    xQueueRegistry                           0x20003c78   Data          64  queue.o(.bss.xQueueRegistry)
    __initial_sp                             0x20004100   Data           0  startup_stm32g474xx.o(STACK)



==============================================================================

Memory Map of the image

  Image Entry point : 0x080001d9

  Load Region LR_IROM1 (Base: 0x08000000, Size: 0x0000dc70, Max: 0x00080000, ABSOLUTE)

    Execution Region ER_IROM1 (Exec base: 0x08000000, Load base: 0x08000000, Size: 0x0000dc40, Max: 0x00080000, ABSOLUTE)

    Exec Addr    Load Addr    Size         Type   Attr      Idx    E Section Name        Object

    0x08000000   0x08000000   0x000001d8   Data   RO            3    RESET               startup_stm32g474xx.o
    0x080001d8   0x080001d8   0x00000000   Code   RO         2452  * .ARM.Collect$$$$00000000  mc_w.l(entry.o)
    0x080001d8   0x080001d8   0x00000004   Code   RO         2499    .ARM.Collect$$$$00000001  mc_w.l(entry2.o)
    0x080001dc   0x080001dc   0x00000004   Code   RO         2502    .ARM.Collect$$$$00000004  mc_w.l(entry5.o)
    0x080001e0   0x080001e0   0x00000000   Code   RO         2504    .ARM.Collect$$$$00000008  mc_w.l(entry7b.o)
    0x080001e0   0x080001e0   0x00000000   Code   RO         2506    .ARM.Collect$$$$0000000A  mc_w.l(entry8b.o)
    0x080001e0   0x080001e0   0x00000008   Code   RO         2507    .ARM.Collect$$$$0000000B  mc_w.l(entry9a.o)
    0x080001e8   0x080001e8   0x00000000   Code   RO         2509    .ARM.Collect$$$$0000000D  mc_w.l(entry10a.o)
    0x080001e8   0x080001e8   0x00000000   Code   RO         2511    .ARM.Collect$$$$0000000F  mc_w.l(entry11a.o)
    0x080001e8   0x080001e8   0x00000004   Code   RO         2500    .ARM.Collect$$$$00002712  mc_w.l(entry2.o)
    0x080001ec   0x080001ec   0x00000024   Code   RO            4    .text               startup_stm32g474xx.o
    0x08000210   0x08000210   0x00000062   Code   RO         2455    .text               mc_w.l(uldiv.o)
    0x08000272   0x08000272   0x00000024   Code   RO         2457    .text               mc_w.l(memcpya.o)
    0x08000296   0x08000296   0x00000024   Code   RO         2459    .text               mc_w.l(memseta.o)
    0x080002ba   0x080002ba   0x00000002   PAD
    0x080002bc   0x080002bc   0x00000038   Code   RO         2491    .text               mc_w.l(sscanf.o)
    0x080002f4   0x080002f4   0x000000e4   Code   RO         2493    .text               mf_w.l(dmul.o)
    0x080003d8   0x080003d8   0x00000026   Code   RO         2495    .text               mf_w.l(f2d.o)
    0x080003fe   0x080003fe   0x00000038   Code   RO         2497    .text               mf_w.l(d2f.o)
    0x08000436   0x08000436   0x0000002c   Code   RO         2523    .text               mc_w.l(uidiv.o)
    0x08000462   0x08000462   0x0000001e   Code   RO         2525    .text               mc_w.l(llshl.o)
    0x08000480   0x08000480   0x00000020   Code   RO         2527    .text               mc_w.l(llushr.o)
    0x080004a0   0x080004a0   0x00000156   Code   RO         2529    .text               mc_w.l(_scanf_longlong.o)
    0x080005f6   0x080005f6   0x0000014c   Code   RO         2531    .text               mc_w.l(_scanf_int.o)
    0x08000742   0x08000742   0x000000e0   Code   RO         2533    .text               mc_w.l(_scanf_str.o)
    0x08000822   0x08000822   0x00000002   PAD
    0x08000824   0x08000824   0x00000360   Code   RO         2535    .text               mc_w.l(scanf_fp.o)
    0x08000b84   0x08000b84   0x00000028   Code   RO         2539    .text               mc_w.l(scanf_char.o)
    0x08000bac   0x08000bac   0x00000040   Code   RO         2541    .text               mc_w.l(_sgetc.o)
    0x08000bec   0x08000bec   0x00000000   Code   RO         2543    .text               mc_w.l(iusefp.o)
    0x08000bec   0x08000bec   0x0000006e   Code   RO         2544    .text               mf_w.l(fepilogue.o)
    0x08000c5a   0x08000c5a   0x000000ba   Code   RO         2546    .text               mf_w.l(depilogue.o)
    0x08000d14   0x08000d14   0x0000014e   Code   RO         2548    .text               mf_w.l(dadd.o)
    0x08000e62   0x08000e62   0x000000de   Code   RO         2550    .text               mf_w.l(ddiv.o)
    0x08000f40   0x08000f40   0x00000030   Code   RO         2552    .text               mf_w.l(dfixul.o)
    0x08000f70   0x08000f70   0x00000030   Code   RO         2554    .text               mf_w.l(cdrcmple.o)
    0x08000fa0   0x08000fa0   0x00000030   Code   RO         2556    .text               mc_w.l(init.o)
    0x08000fd0   0x08000fd0   0x00000024   Code   RO         2558    .text               mc_w.l(llsshr.o)
    0x08000ff4   0x08000ff4   0x0000000a   Code   RO         2560    .text               mc_w.l(isspace_c.o)
    0x08000ffe   0x08000ffe   0x0000001c   Code   RO         2562    .text               mc_w.l(_chval.o)
    0x0800101a   0x0800101a   0x00000002   PAD
    0x0800101c   0x0800101c   0x0000032c   Code   RO         2564    .text               mc_w.l(_scanf.o)
    0x08001348   0x08001348   0x00000018   Code   RO         2566    .text               mf_w.l(dfltul.o)
    0x08001360   0x08001360   0x00000028   Code   RO         2568    .text               mc_w.l(ctype_c.o)
    0x08001388   0x08001388   0x00000004   Code   RO          136    .text.BusFault_Handler  stm32g4xx_it.o
    0x0800138c   0x0800138c   0x00000010   Code   RO          142    .text.DMA1_Channel1_IRQHandler  stm32g4xx_it.o
    0x0800139c   0x0800139c   0x00000010   Code   RO          144    .text.DMA1_Channel2_IRQHandler  stm32g4xx_it.o
    0x080013ac   0x080013ac   0x00000010   Code   RO          146    .text.DMA1_Channel3_IRQHandler  stm32g4xx_it.o
    0x080013bc   0x080013bc   0x00000074   Code   RO         1041    .text.DMA_CalcDMAMUXChannelBaseAndMask  stm32g4xx_hal_dma.o
    0x08001430   0x08001430   0x0000003c   Code   RO         1043    .text.DMA_CalcDMAMUXRequestGenBaseAndMask  stm32g4xx_hal_dma.o
    0x0800146c   0x0800146c   0x0000006e   Code   RO         1049    .text.DMA_SetConfig  stm32g4xx_hal_dma.o
    0x080014da   0x080014da   0x00000002   PAD
    0x080014dc   0x080014dc   0x00000002   Code   RO          140    .text.DebugMon_Handler  stm32g4xx_it.o
    0x080014de   0x080014de   0x00000002   PAD
    0x080014e0   0x080014e0   0x0000000e   Code   RO           15    .text.Error_Handler  main.o
    0x080014ee   0x080014ee   0x00000002   PAD
    0x080014f0   0x080014f0   0x00000010   Code   RO          148    .text.FDCAN1_IT0_IRQHandler  stm32g4xx_it.o
    0x08001500   0x08001500   0x00000010   Code   RO          150    .text.FDCAN1_IT1_IRQHandler  stm32g4xx_it.o
    0x08001510   0x08001510   0x00000010   Code   RO          162    .text.FDCAN2_IT0_IRQHandler  stm32g4xx_it.o
    0x08001520   0x08001520   0x00000010   Code   RO          164    .text.FDCAN2_IT1_IRQHandler  stm32g4xx_it.o
    0x08001530   0x08001530   0x000000d6   Code   RO          593    .text.FDCAN_CalcultateRamBlockAddresses  stm32g4xx_hal_fdcan.o
    0x08001606   0x08001606   0x00000002   PAD
    0x08001608   0x08001608   0x000000b6   Code   RO          653    .text.FDCAN_CopyMessageToRAM  stm32g4xx_hal_fdcan.o
    0x080016be   0x080016be   0x00000002   PAD
    0x080016c0   0x080016c0   0x0000009c   Code   RO         1053    .text.HAL_DMA_Abort  stm32g4xx_hal_dma.o
    0x0800175c   0x0800175c   0x000000c2   Code   RO         1055    .text.HAL_DMA_Abort_IT  stm32g4xx_hal_dma.o
    0x0800181e   0x0800181e   0x00000002   PAD
    0x08001820   0x08001820   0x00000156   Code   RO         1059    .text.HAL_DMA_IRQHandler  stm32g4xx_hal_dma.o
    0x08001976   0x08001976   0x00000002   PAD
    0x08001978   0x08001978   0x00000156   Code   RO         1039    .text.HAL_DMA_Init  stm32g4xx_hal_dma.o
    0x08001ace   0x08001ace   0x00000002   PAD
    0x08001ad0   0x08001ad0   0x000000fc   Code   RO         1051    .text.HAL_DMA_Start_IT  stm32g4xx_hal_dma.o
    0x08001bcc   0x08001bcc   0x0000020a   Code   RO          681    .text.HAL_FDCAN_ActivateNotification  stm32g4xx_hal_fdcan.o
    0x08001dd6   0x08001dd6   0x00000002   PAD
    0x08001dd8   0x08001dd8   0x0000009a   Code   RO          651    .text.HAL_FDCAN_AddMessageToTxFifoQ  stm32g4xx_hal_fdcan.o
    0x08001e72   0x08001e72   0x00000002   PAD
    0x08001e74   0x08001e74   0x000000b6   Code   RO          605    .text.HAL_FDCAN_ConfigFilter  stm32g4xx_hal_fdcan.o
    0x08001f2a   0x08001f2a   0x00000002   PAD
    0x08001f2c   0x08001f2c   0x00000066   Code   RO          607    .text.HAL_FDCAN_ConfigGlobalFilter  stm32g4xx_hal_fdcan.o
    0x08001f92   0x08001f92   0x00000002   PAD
    0x08001f94   0x08001f94   0x00000008   Code   RO          707    .text.HAL_FDCAN_ErrorCallback  stm32g4xx_hal_fdcan.o
    0x08001f9c   0x08001f9c   0x00000094   Code   RO         1710    .text.HAL_FDCAN_ErrorStatusCallback  fdcan_bsp.o
    0x08002030   0x08002030   0x00000230   Code   RO          659    .text.HAL_FDCAN_GetRxMessage  stm32g4xx_hal_fdcan.o
    0x08002260   0x08002260   0x00000008   Code   RO          687    .text.HAL_FDCAN_HighPriorityMessageCallback  stm32g4xx_hal_fdcan.o
    0x08002268   0x08002268   0x000002b8   Code   RO          685    .text.HAL_FDCAN_IRQHandler  stm32g4xx_hal_fdcan.o
    0x08002520   0x08002520   0x000002cc   Code   RO          589    .text.HAL_FDCAN_Init  stm32g4xx_hal_fdcan.o
    0x080027ec   0x080027ec   0x0000025c   Code   RO           74    .text.HAL_FDCAN_MspInit  fdcan.o
    0x08002a48   0x08002a48   0x00000020   Code   RO         1704    .text.HAL_FDCAN_RxFifo0Callback  fdcan_bsp.o
    0x08002a68   0x08002a68   0x00000022   Code   RO         1708    .text.HAL_FDCAN_RxFifo1Callback  fdcan_bsp.o
    0x08002a8a   0x08002a8a   0x00000002   PAD
    0x08002a8c   0x08002a8c   0x0000004a   Code   RO          649    .text.HAL_FDCAN_Start  stm32g4xx_hal_fdcan.o
    0x08002ad6   0x08002ad6   0x00000002   PAD
    0x08002ad8   0x08002ad8   0x00000008   Code   RO          703    .text.HAL_FDCAN_TimeoutOccurredCallback  stm32g4xx_hal_fdcan.o
    0x08002ae0   0x08002ae0   0x00000008   Code   RO          701    .text.HAL_FDCAN_TimestampWraparoundCallback  stm32g4xx_hal_fdcan.o
    0x08002ae8   0x08002ae8   0x0000000a   Code   RO          689    .text.HAL_FDCAN_TxBufferAbortCallback  stm32g4xx_hal_fdcan.o
    0x08002af2   0x08002af2   0x00000002   PAD
    0x08002af4   0x08002af4   0x0000000a   Code   RO          699    .text.HAL_FDCAN_TxBufferCompleteCallback  stm32g4xx_hal_fdcan.o
    0x08002afe   0x08002afe   0x00000002   PAD
    0x08002b00   0x08002b00   0x0000000a   Code   RO          691    .text.HAL_FDCAN_TxEventFifoCallback  stm32g4xx_hal_fdcan.o
    0x08002b0a   0x08002b0a   0x00000002   PAD
    0x08002b0c   0x08002b0c   0x00000008   Code   RO          697    .text.HAL_FDCAN_TxFifoEmptyCallback  stm32g4xx_hal_fdcan.o
    0x08002b14   0x08002b14   0x00000368   Code   RO          991    .text.HAL_GPIO_Init  stm32g4xx_hal_gpio.o
    0x08002e7c   0x08002e7c   0x0000002c   Code   RO          997    .text.HAL_GPIO_WritePin  stm32g4xx_hal_gpio.o
    0x08002ea8   0x08002ea8   0x0000000c   Code   RO          733    .text.HAL_GetTick   stm32g4xx_hal.o
    0x08002eb4   0x08002eb4   0x0000001a   Code   RO          731    .text.HAL_IncTick   stm32g4xx_hal.o
    0x08002ece   0x08002ece   0x00000002   PAD
    0x08002ed0   0x08002ed0   0x00000030   Code   RO          721    .text.HAL_Init      stm32g4xx_hal.o
    0x08002f00   0x08002f00   0x000000d4   Code   RO          181    .text.HAL_InitTick  stm32g4xx_hal_timebase_tim.o
    0x08002fd4   0x08002fd4   0x00000054   Code   RO          173    .text.HAL_MspInit   stm32g4xx_hal_msp.o
    0x08003028   0x08003028   0x00000014   Code   RO         1225    .text.HAL_NVIC_EnableIRQ  stm32g4xx_hal_cortex.o
    0x0800303c   0x0800303c   0x0000002e   Code   RO         1217    .text.HAL_NVIC_SetPriority  stm32g4xx_hal_cortex.o
    0x0800306a   0x0800306a   0x00000002   PAD
    0x0800306c   0x0800306c   0x00000010   Code   RO         1213    .text.HAL_NVIC_SetPriorityGrouping  stm32g4xx_hal_cortex.o
    0x0800307c   0x0800307c   0x000001b4   Code   RO         1134    .text.HAL_PWREx_ControlVoltageScaling  stm32g4xx_hal_pwr_ex.o
    0x08003230   0x08003230   0x00000012   Code   RO         1204    .text.HAL_PWREx_DisableUCPDDeadBattery  stm32g4xx_hal_pwr_ex.o
    0x08003242   0x08003242   0x00000002   PAD
    0x08003244   0x08003244   0x00000524   Code   RO          846    .text.HAL_RCCEx_PeriphCLKConfig  stm32g4xx_hal_rcc_ex.o
    0x08003768   0x08003768   0x00000326   Code   RO          811    .text.HAL_RCC_ClockConfig  stm32g4xx_hal_rcc.o
    0x08003a8e   0x08003a8e   0x00000002   PAD
    0x08003a90   0x08003a90   0x00000054   Code   RO          827    .text.HAL_RCC_GetClockConfig  stm32g4xx_hal_rcc.o
    0x08003ae4   0x08003ae4   0x0000000c   Code   RO          819    .text.HAL_RCC_GetHCLKFreq  stm32g4xx_hal_rcc.o
    0x08003af0   0x08003af0   0x00000026   Code   RO          821    .text.HAL_RCC_GetPCLK1Freq  stm32g4xx_hal_rcc.o
    0x08003b16   0x08003b16   0x00000002   PAD
    0x08003b18   0x08003b18   0x00000026   Code   RO          823    .text.HAL_RCC_GetPCLK2Freq  stm32g4xx_hal_rcc.o
    0x08003b3e   0x08003b3e   0x00000002   PAD
    0x08003b40   0x08003b40   0x000000fc   Code   RO          815    .text.HAL_RCC_GetSysClockFreq  stm32g4xx_hal_rcc.o
    0x08003c3c   0x08003c3c   0x000007b6   Code   RO          809    .text.HAL_RCC_OscConfig  stm32g4xx_hal_rcc.o
    0x080043f2   0x080043f2   0x00000002   PAD
    0x080043f4   0x080043f4   0x00000008   Code   RO          568    .text.HAL_TIMEx_Break2Callback  stm32g4xx_hal_tim_ex.o
    0x080043fc   0x080043fc   0x00000008   Code   RO          566    .text.HAL_TIMEx_BreakCallback  stm32g4xx_hal_tim_ex.o
    0x08004404   0x08004404   0x00000008   Code   RO          562    .text.HAL_TIMEx_CommutCallback  stm32g4xx_hal_tim_ex.o
    0x0800440c   0x0800440c   0x00000008   Code   RO          572    .text.HAL_TIMEx_DirectionChangeCallback  stm32g4xx_hal_tim_ex.o
    0x08004414   0x08004414   0x00000008   Code   RO          570    .text.HAL_TIMEx_EncoderIndexCallback  stm32g4xx_hal_tim_ex.o
    0x0800441c   0x0800441c   0x00000008   Code   RO          574    .text.HAL_TIMEx_IndexErrorCallback  stm32g4xx_hal_tim_ex.o
    0x08004424   0x08004424   0x00000174   Code   RO          512    .text.HAL_TIMEx_MasterConfigSynchronization  stm32g4xx_hal_tim_ex.o
    0x08004598   0x08004598   0x00000008   Code   RO          576    .text.HAL_TIMEx_TransitionErrorCallback  stm32g4xx_hal_tim_ex.o
    0x080045a0   0x080045a0   0x000000a8   Code   RO          195    .text.HAL_TIM_Base_Init  stm32g4xx_hal_tim.o
    0x08004648   0x08004648   0x0000004e   Code   RO           91    .text.HAL_TIM_Base_MspInit  tim.o
    0x08004696   0x08004696   0x00000002   PAD
    0x08004698   0x08004698   0x00000106   Code   RO          209    .text.HAL_TIM_Base_Start_IT  stm32g4xx_hal_tim.o
    0x0800479e   0x0800479e   0x00000002   PAD
    0x080047a0   0x080047a0   0x00000008   Code   RO          331    .text.HAL_TIM_IC_CaptureCallback  stm32g4xx_hal_tim.o
    0x080047a8   0x080047a8   0x00000300   Code   RO          329    .text.HAL_TIM_IRQHandler  stm32g4xx_hal_tim.o
    0x08004aa8   0x08004aa8   0x00000008   Code   RO          333    .text.HAL_TIM_OC_DelayElapsedCallback  stm32g4xx_hal_tim.o
    0x08004ab0   0x08004ab0   0x00000008   Code   RO          335    .text.HAL_TIM_PWM_PulseFinishedCallback  stm32g4xx_hal_tim.o
    0x08004ab8   0x08004ab8   0x00000022   Code   RO           17    .text.HAL_TIM_PeriodElapsedCallback  main.o
    0x08004ada   0x08004ada   0x00000002   PAD
    0x08004adc   0x08004adc   0x00000008   Code   RO          339    .text.HAL_TIM_TriggerCallback  stm32g4xx_hal_tim.o
    0x08004ae4   0x08004ae4   0x0000007c   Code   RO         1458    .text.HAL_UARTEx_DisableFifoMode  stm32g4xx_hal_uart_ex.o
    0x08004b60   0x08004b60   0x000000b0   Code   RO         1468    .text.HAL_UARTEx_ReceiveToIdle_DMA  stm32g4xx_hal_uart_ex.o
    0x08004c10   0x08004c10   0x000001c2   Code   RO           39    .text.HAL_UARTEx_RxEventCallback  app_freertos.o
    0x08004dd2   0x08004dd2   0x00000002   PAD
    0x08004dd4   0x08004dd4   0x00000008   Code   RO         1440    .text.HAL_UARTEx_RxFifoFullCallback  stm32g4xx_hal_uart_ex.o
    0x08004ddc   0x08004ddc   0x0000008c   Code   RO         1462    .text.HAL_UARTEx_SetRxFifoThreshold  stm32g4xx_hal_uart_ex.o
    0x08004e68   0x08004e68   0x0000008c   Code   RO         1460    .text.HAL_UARTEx_SetTxFifoThreshold  stm32g4xx_hal_uart_ex.o
    0x08004ef4   0x08004ef4   0x00000008   Code   RO         1442    .text.HAL_UARTEx_TxFifoEmptyCallback  stm32g4xx_hal_uart_ex.o
    0x08004efc   0x08004efc   0x00000008   Code   RO         1438    .text.HAL_UARTEx_WakeupCallback  stm32g4xx_hal_uart_ex.o
    0x08004f04   0x08004f04   0x00000024   Code   RO           41    .text.HAL_UART_ErrorCallback  app_freertos.o
    0x08004f28   0x08004f28   0x00000596   Code   RO         1376    .text.HAL_UART_IRQHandler  stm32g4xx_hal_uart.o
    0x080054be   0x080054be   0x00000002   PAD
    0x080054c0   0x080054c0   0x000000aa   Code   RO         1288    .text.HAL_UART_Init  stm32g4xx_hal_uart.o
    0x0800556a   0x0800556a   0x00000002   PAD
    0x0800556c   0x0800556c   0x00000328   Code   RO          113    .text.HAL_UART_MspInit  usart.o
    0x08005894   0x08005894   0x00000008   Code   RO         1390    .text.HAL_UART_RxCpltCallback  stm32g4xx_hal_uart.o
    0x0800589c   0x0800589c   0x00000008   Code   RO         1392    .text.HAL_UART_RxHalfCpltCallback  stm32g4xx_hal_uart.o
    0x080058a4   0x080058a4   0x00000138   Code   RO         1308    .text.HAL_UART_Transmit  stm32g4xx_hal_uart.o
    0x080059dc   0x080059dc   0x00000008   Code   RO         1386    .text.HAL_UART_TxCpltCallback  stm32g4xx_hal_uart.o
    0x080059e4   0x080059e4   0x00000004   Code   RO          132    .text.HardFault_Handler  stm32g4xx_it.o
    0x080059e8   0x080059e8   0x0000007e   Code   RO           60    .text.MX_DMA_Init   dma.o
    0x08005a66   0x08005a66   0x00000002   PAD
    0x08005a68   0x08005a68   0x00000064   Code   RO           68    .text.MX_FDCAN1_Init  fdcan.o
    0x08005acc   0x08005acc   0x00000064   Code   RO           70    .text.MX_FDCAN2_Init  fdcan.o
    0x08005b30   0x08005b30   0x00000064   Code   RO           72    .text.MX_FDCAN3_Init  fdcan.o
    0x08005b94   0x08005b94   0x00000094   Code   RO           35    .text.MX_FREERTOS_Init  app_freertos.o
    0x08005c28   0x08005c28   0x000000d2   Code   RO           27    .text.MX_GPIO_Init  gpio.o
    0x08005cfa   0x08005cfa   0x00000002   PAD
    0x08005cfc   0x08005cfc   0x0000005e   Code   RO           89    .text.MX_TIM6_Init  tim.o
    0x08005d5a   0x08005d5a   0x00000002   PAD
    0x08005d5c   0x08005d5c   0x0000008e   Code   RO          107    .text.MX_UART4_Init  usart.o
    0x08005dea   0x08005dea   0x00000002   PAD
    0x08005dec   0x08005dec   0x0000008e   Code   RO          109    .text.MX_UART5_Init  usart.o
    0x08005e7a   0x08005e7a   0x00000002   PAD
    0x08005e7c   0x08005e7c   0x0000008e   Code   RO          111    .text.MX_USART1_UART_Init  usart.o
    0x08005f0a   0x08005f0a   0x00000002   PAD
    0x08005f0c   0x08005f0c   0x00000004   Code   RO          134    .text.MemManage_Handler  stm32g4xx_it.o
    0x08005f10   0x08005f10   0x00000004   Code   RO          130    .text.NMI_Handler   stm32g4xx_it.o
    0x08005f14   0x08005f14   0x0000006c   Code   RO         1223    .text.NVIC_EncodePriority  stm32g4xx_hal_cortex.o
    0x08005f80   0x08005f80   0x00000064   Code   RO         2378    .text.PendSV_Handler  port.o
    0x08005fe4   0x08005fe4   0x00000106   Code   RO         1499    .text.Pid_incremental_cal  pid.o
    0x080060ea   0x080060ea   0x00000002   PAD
    0x080060ec   0x080060ec   0x0000009c   Code   RO          813    .text.RCC_GetSysClockFreqFromPLLSource  stm32g4xx_hal_rcc.o
    0x08006188   0x08006188   0x00000008   PAD
    0x08006190   0x08006190   0x00000024   Code   RO         2362    .text.SVC_Handler   port.o
    0x080061b4   0x080061b4   0x0000000e   Code   RO         2158    .text.SVC_Setup     cmsis_os2.o
    0x080061c2   0x080061c2   0x00000002   PAD
    0x080061c4   0x080061c4   0x0000001e   Code   RO         2148    .text.SysTick_Handler  cmsis_os2.o
    0x080061e2   0x080061e2   0x00000002   PAD
    0x080061e4   0x080061e4   0x00000074   Code   RO           13    .text.SystemClock_Config  main.o
    0x08006258   0x08006258   0x00000012   Code   RO         1481    .text.SystemInit    system_stm32g4xx.o
    0x0800626a   0x0800626a   0x00000002   PAD
    0x0800626c   0x0800626c   0x00000010   Code   RO          154    .text.TIM5_IRQHandler  stm32g4xx_it.o
    0x0800627c   0x0800627c   0x00000010   Code   RO          160    .text.TIM6_DAC_IRQHandler  stm32g4xx_it.o
    0x0800628c   0x0800628c   0x000001e6   Code   RO          199    .text.TIM_Base_SetConfig  stm32g4xx_hal_tim.o
    0x08006472   0x08006472   0x00000002   PAD
    0x08006474   0x08006474   0x000000f6   Code   RO         2394    .text.Task0         task_rtos.o
    0x0800656a   0x0800656a   0x00000002   PAD
    0x0800656c   0x0800656c   0x00000010   Code   RO          156    .text.UART4_IRQHandler  stm32g4xx_it.o
    0x0800657c   0x0800657c   0x00000010   Code   RO          158    .text.UART5_IRQHandler  stm32g4xx_it.o
    0x0800658c   0x0800658c   0x00000086   Code   RO         1456    .text.UARTEx_SetNbDataToProcess  stm32g4xx_hal_uart_ex.o
    0x08006612   0x08006612   0x00000002   PAD
    0x08006614   0x08006614   0x00000148   Code   RO         1292    .text.UART_AdvFeatureConfig  stm32g4xx_hal_uart.o
    0x0800675c   0x0800675c   0x00000146   Code   RO         1296    .text.UART_CheckIdleState  stm32g4xx_hal_uart.o
    0x080068a2   0x080068a2   0x00000002   PAD
    0x080068a4   0x080068a4   0x0000001e   Code   RO         1378    .text.UART_DMAAbortOnError  stm32g4xx_hal_uart.o
    0x080068c2   0x080068c2   0x00000002   PAD
    0x080068c4   0x080068c4   0x00000080   Code   RO         1334    .text.UART_DMAError  stm32g4xx_hal_uart.o
    0x08006944   0x08006944   0x000000f8   Code   RO         1424    .text.UART_DMAReceiveCplt  stm32g4xx_hal_uart.o
    0x08006a3c   0x08006a3c   0x00000036   Code   RO         1426    .text.UART_DMARxHalfCplt  stm32g4xx_hal_uart.o
    0x08006a72   0x08006a72   0x00000002   PAD
    0x08006a74   0x08006a74   0x0000009e   Code   RO         1348    .text.UART_EndRxTransfer  stm32g4xx_hal_uart.o
    0x08006b12   0x08006b12   0x00000002   PAD
    0x08006b14   0x08006b14   0x00000044   Code   RO         1384    .text.UART_EndTransmit_IT  stm32g4xx_hal_uart.o
    0x08006b58   0x08006b58   0x0000005c   Code   RO         1346    .text.UART_EndTxTransfer  stm32g4xx_hal_uart.o
    0x08006bb4   0x08006bb4   0x000005e2   Code   RO         1294    .text.UART_SetConfig  stm32g4xx_hal_uart.o
    0x08007196   0x08007196   0x00000002   PAD
    0x08007198   0x08007198   0x0000012e   Code   RO         1338    .text.UART_Start_Receive_DMA  stm32g4xx_hal_uart.o
    0x080072c6   0x080072c6   0x00000002   PAD
    0x080072c8   0x080072c8   0x0000010c   Code   RO         1310    .text.UART_WaitOnFlagUntilTimeout  stm32g4xx_hal_uart.o
    0x080073d4   0x080073d4   0x00000010   Code   RO          152    .text.USART1_IRQHandler  stm32g4xx_it.o
    0x080073e4   0x080073e4   0x00000004   Code   RO          138    .text.UsageFault_Handler  stm32g4xx_it.o
    0x080073e8   0x080073e8   0x00000030   Code   RO         1227    .text.__NVIC_EnableIRQ  stm32g4xx_hal_cortex.o
    0x08007418   0x08007418   0x00000010   Code   RO         1219    .text.__NVIC_GetPriorityGrouping  stm32g4xx_hal_cortex.o
    0x08007428   0x08007428   0x00000042   Code   RO         1221    .text.__NVIC_SetPriority  stm32g4xx_hal_cortex.o
    0x0800746a   0x0800746a   0x00000002   PAD
    0x0800746c   0x0800746c   0x00000042   Code   RO         2312    .text.__NVIC_SetPriority  cmsis_os2.o
    0x080074ae   0x080074ae   0x00000002   PAD
    0x080074b0   0x080074b0   0x0000003c   Code   RO         1215    .text.__NVIC_SetPriorityGrouping  stm32g4xx_hal_cortex.o
    0x080074ec   0x080074ec   0x00000128   Code   RO         2439    .text.all_motors_in_position  actuator_control.o
    0x08007614   0x08007614   0x0000003e   Code   RO         2427    .text.chassis_control  actuator_control.o
    0x08007652   0x08007652   0x00000002   PAD
    0x08007654   0x08007654   0x0000006a   Code   RO         2425    .text.chassis_init  actuator_control.o
    0x080076be   0x080076be   0x00000002   PAD
    0x080076c0   0x080076c0   0x00000080   Code   RO         1595    .text.cybergear_can_send_raw  cybergear_motor.o
    0x08007740   0x08007740   0x00000024   Code   RO         1583    .text.cybergear_lock_init  cybergear_motor.o
    0x08007764   0x08007764   0x00000038   Code   RO         1625    .text.cybergear_lock_tx  cybergear_motor.o
    0x0800779c   0x0800779c   0x0000016c   Code   RO         1621    .text.cybergear_message_handler  cybergear_motor.o
    0x08007908   0x08007908   0x00000074   Code   RO         1585    .text.cybergear_motor_configure  cybergear_motor.o
    0x0800797c   0x0800797c   0x00000004   PAD
    0x08007980   0x08007980   0x00000088   Code   RO         1577    .text.cybergear_motor_degree2rad  cybergear_motor.o
    0x08007a08   0x08007a08   0x00000010   Code   RO         1589    .text.cybergear_motor_enable  cybergear_motor.o
    0x08007a18   0x08007a18   0x00000034   Code   RO         1587    .text.cybergear_motor_get_instance  cybergear_motor.o
    0x08007a4c   0x08007a4c   0x0000003c   Code   RO         1597    .text.cybergear_motor_set_mode  cybergear_motor.o
    0x08007a88   0x08007a88   0x0000003c   Code   RO         1603    .text.cybergear_motor_set_position  cybergear_motor.o
    0x08007ac4   0x08007ac4   0x00000024   Code   RO         1601    .text.cybergear_motor_set_zero_position  cybergear_motor.o
    0x08007ae8   0x08007ae8   0x00000022   Code   RO         1593    .text.cybergear_motor_stop  cybergear_motor.o
    0x08007b0a   0x08007b0a   0x00000002   PAD
    0x08007b0c   0x08007b0c   0x00000018   Code   RO         1581    .text.cybergear_motors_init  cybergear_motor.o
    0x08007b24   0x08007b24   0x00000028   Code   RO         1627    .text.cybergear_unlock_tx  cybergear_motor.o
    0x08007b4c   0x08007b4c   0x00000036   Code   RO         1605    .text.cybergear_write_float_parameter  cybergear_motor.o
    0x08007b82   0x08007b82   0x00000002   PAD
    0x08007b84   0x08007b84   0x0000003a   Code   RO         1599    .text.cybergear_write_u8_parameter  cybergear_motor.o
    0x08007bbe   0x08007bbe   0x00000002   PAD
    0x08007bc0   0x08007bc0   0x0000005c   Code   RO         2435    .text.dabi_control  actuator_control.o
    0x08007c1c   0x08007c1c   0x00000008   Code   RO         1649    .text.dji_critical_section_enter  dji_motor.o
    0x08007c24   0x08007c24   0x00000008   Code   RO         1651    .text.dji_critical_section_exit  dji_motor.o
    0x08007c2c   0x08007c2c   0x00000028   Code   RO         1639    .text.dji_degree2encoder  dji_motor.o
    0x08007c54   0x08007c54   0x00000034   Code   RO         2429    .text.dji_init      actuator_control.o
    0x08007c88   0x08007c88   0x000000d0   Code   RO         1643    .text.dji_motor_configure  dji_motor.o
    0x08007d58   0x08007d58   0x00000032   Code   RO         1645    .text.dji_motor_get_instance  dji_motor.o
    0x08007d8a   0x08007d8a   0x00000002   PAD
    0x08007d8c   0x08007d8c   0x000000a8   Code   RO         1659    .text.dji_motor_message_handler  dji_motor.o
    0x08007e34   0x08007e34   0x000001d8   Code   RO         1665    .text.dji_motor_send_commands  dji_motor.o
    0x0800800c   0x0800800c   0x0000002a   Code   RO         1647    .text.dji_motor_set_location  dji_motor.o
    0x08008036   0x08008036   0x00000002   PAD
    0x08008038   0x08008038   0x00000108   Code   RO         1641    .text.dji_motors_init  dji_motor.o
    0x08008140   0x08008140   0x00000048   Code   RO         1698    .text.fdcan_bsp_init  fdcan_bsp.o
    0x08008188   0x08008188   0x00000116   Code   RO         1700    .text.fdcan_bsp_register  fdcan_bsp.o
    0x0800829e   0x0800829e   0x00000002   PAD
    0x080082a0   0x080082a0   0x000001c2   Code   RO         1702    .text.fdcan_bsp_start  fdcan_bsp.o
    0x08008462   0x08008462   0x00000002   PAD
    0x08008464   0x08008464   0x00000110   Code   RO         1706    .text.fdcan_dispatch_router  fdcan_bsp.o
    0x08008574   0x08008574   0x00000022   Code   RO          103    .text.fputc         usart.o
    0x08008596   0x08008596   0x00000002   PAD
    0x08008598   0x08008598   0x00000042   Code   RO         1661    .text.get_motor_measure  dji_motor.o
    0x080085da   0x080085da   0x00000002   PAD
    0x080085dc   0x080085dc   0x00000048   Code   RO         1663    .text.get_total_angle  dji_motor.o
    0x08008624   0x08008624   0x00000044   Code   RO           11    .text.main          main.o
    0x08008668   0x08008668   0x00000022   Code   RO         1591    .text.motor_enable  cybergear_motor.o
    0x0800868a   0x0800868a   0x00000002   PAD
    0x0800868c   0x0800868c   0x000001b4   Code   RO         2396    .text.move_to_position  task_rtos.o
    0x08008840   0x08008840   0x00000034   Code   RO         2216    .text.osDelay       cmsis_os2.o
    0x08008874   0x08008874   0x00000046   Code   RO         2150    .text.osKernelInitialize  cmsis_os2.o
    0x080088ba   0x080088ba   0x00000002   PAD
    0x080088bc   0x080088bc   0x00000052   Code   RO         2156    .text.osKernelStart  cmsis_os2.o
    0x0800890e   0x0800890e   0x00000002   PAD
    0x08008910   0x08008910   0x000000c0   Code   RO         2270    .text.osMessageQueueGet  cmsis_os2.o
    0x080089d0   0x080089d0   0x000000fe   Code   RO         2266    .text.osMessageQueueNew  cmsis_os2.o
    0x08008ace   0x08008ace   0x00000002   PAD
    0x08008ad0   0x08008ad0   0x000000c4   Code   RO         2268    .text.osMessageQueuePut  cmsis_os2.o
    0x08008b94   0x08008b94   0x00000128   Code   RO         2246    .text.osMutexNew    cmsis_os2.o
    0x08008cbc   0x08008cbc   0x0000015c   Code   RO         2180    .text.osThreadNew   cmsis_os2.o
    0x08008e18   0x08008e18   0x00000012   Code   RO         2406    .text.pickup_box    task_rtos.o
    0x08008e2a   0x08008e2a   0x00000002   PAD
    0x08008e2c   0x08008e2c   0x00000012   Code   RO         2408    .text.place_box     task_rtos.o
    0x08008e3e   0x08008e3e   0x00000002   PAD
    0x08008e40   0x08008e40   0x000000d4   Code   RO         1942    .text.prvAddCurrentTaskToDelayedList  tasks.o
    0x08008f14   0x08008f14   0x00000122   Code   RO         1928    .text.prvAddNewTaskToReadyList  tasks.o
    0x08009036   0x08009036   0x00000002   PAD
    0x08009038   0x08009038   0x000000a2   Code   RO         2079    .text.prvCheckForValidListAndQueue  timers.o
    0x080090da   0x080090da   0x00000002   PAD
    0x080090dc   0x080090dc   0x0000005a   Code   RO         2046    .text.prvCheckTasksWaitingTermination  tasks.o
    0x08009136   0x08009136   0x00000002   PAD
    0x08009138   0x08009138   0x00000042   Code   RO         1821    .text.prvCopyDataFromQueue  queue.o
    0x0800917a   0x0800917a   0x00000002   PAD
    0x0800917c   0x0800917c   0x000000cc   Code   RO         1809    .text.prvCopyDataToQueue  queue.o
    0x08009248   0x08009248   0x0000005e   Code   RO         1934    .text.prvDeleteTCB  tasks.o
    0x080092a6   0x080092a6   0x00000002   PAD
    0x080092a8   0x080092a8   0x00000026   Code   RO         1825    .text.prvGetDisinheritPriorityAfterTimeout  queue.o
    0x080092ce   0x080092ce   0x00000002   PAD
    0x080092d0   0x080092d0   0x00000040   Code   RO         2117    .text.prvGetNextExpireTime  timers.o
    0x08009310   0x08009310   0x000000bc   Code   RO         2329    .text.prvHeapInit   heap_4.o
    0x080093cc   0x080093cc   0x00000038   Code   RO         1968    .text.prvIdleTask   tasks.o
    0x08009404   0x08009404   0x0000002c   Code   RO         1789    .text.prvInitialiseMutex  queue.o
    0x08009430   0x08009430   0x00000048   Code   RO         1783    .text.prvInitialiseNewQueue  queue.o
    0x08009478   0x08009478   0x00000122   Code   RO         1926    .text.prvInitialiseNewTask  tasks.o
    0x0800959a   0x0800959a   0x00000002   PAD
    0x0800959c   0x0800959c   0x0000008e   Code   RO         2044    .text.prvInitialiseTaskLists  tasks.o
    0x0800962a   0x0800962a   0x00000002   PAD
    0x0800962c   0x0800962c   0x000000c6   Code   RO         2331    .text.prvInsertBlockIntoFreeList  heap_4.o
    0x080096f2   0x080096f2   0x00000002   PAD
    0x080096f4   0x080096f4   0x00000086   Code   RO         2129    .text.prvInsertTimerInActiveList  timers.o
    0x0800977a   0x0800977a   0x00000002   PAD
    0x0800977c   0x0800977c   0x00000028   Code   RO         1823    .text.prvIsQueueEmpty  queue.o
    0x080097a4   0x080097a4   0x0000002e   Code   RO         1811    .text.prvIsQueueFull  queue.o
    0x080097d2   0x080097d2   0x00000002   PAD
    0x080097d4   0x080097d4   0x00000028   Code   RO         2370    .text.prvPortStartFirstTask  port.o
    0x080097fc   0x080097fc   0x0000008e   Code   RO         2125    .text.prvProcessExpiredTimer  timers.o
    0x0800988a   0x0800988a   0x00000002   PAD
    0x0800988c   0x0800988c   0x00000192   Code   RO         2121    .text.prvProcessReceivedCommands  timers.o
    0x08009a1e   0x08009a1e   0x00000002   PAD
    0x08009a20   0x08009a20   0x0000009a   Code   RO         2119    .text.prvProcessTimerOrBlockTask  timers.o
    0x08009aba   0x08009aba   0x00000002   PAD
    0x08009abc   0x08009abc   0x00000046   Code   RO         1936    .text.prvResetNextTaskUnblockTime  tasks.o
    0x08009b02   0x08009b02   0x00000002   PAD
    0x08009b04   0x08009b04   0x00000044   Code   RO         2123    .text.prvSampleTimeNow  timers.o
    0x08009b48   0x08009b48   0x000000d4   Code   RO         2127    .text.prvSwitchTimerLists  timers.o
    0x08009c1c   0x08009c1c   0x0000004c   Code   RO         2360    .text.prvTaskExitError  port.o
    0x08009c68   0x08009c68   0x0000006a   Code   RO         1962    .text.prvTaskIsTaskSuspended  tasks.o
    0x08009cd2   0x08009cd2   0x00000002   PAD
    0x08009cd4   0x08009cd4   0x0000001e   Code   RO         2081    .text.prvTimerTask  timers.o
    0x08009cf2   0x08009cf2   0x00000002   PAD
    0x08009cf4   0x08009cf4   0x000000ae   Code   RO         1813    .text.prvUnlockQueue  queue.o
    0x08009da2   0x08009da2   0x00000002   PAD
    0x08009da4   0x08009da4   0x00000264   Code   RO         1678    .text.prv_planner_task  trajectory_planner.o
    0x0800a008   0x0800a008   0x000001ec   Code   RO         2327    .text.pvPortMalloc  heap_4.o
    0x0800a1f4   0x0800a1f4   0x0000002c   Code   RO         2028    .text.pvTaskIncrementMutexHeldCount  tasks.o
    0x0800a220   0x0800a220   0x0000005e   Code   RO         2358    .text.pxPortInitialiseStack  port.o
    0x0800a27e   0x0800a27e   0x00000002   PAD
    0x0800a280   0x0800a280   0x0000005e   Code   RO         2404    .text.send_task3_positions  task_rtos.o
    0x0800a2de   0x0800a2de   0x00000002   PAD
    0x0800a2e0   0x0800a2e0   0x0000018c   Code   RO         2398    .text.task1_rtos    task_rtos.o
    0x0800a46c   0x0800a46c   0x00000300   Code   RO         2400    .text.task2_rtos    task_rtos.o
    0x0800a76c   0x0800a76c   0x00000380   Code   RO         2402    .text.task3_rtos    task_rtos.o
    0x0800aaec   0x0800aaec   0x00000096   Code   RO         1676    .text.trajectory_planner_init  trajectory_planner.o
    0x0800ab82   0x0800ab82   0x00000002   PAD
    0x0800ab84   0x0800ab84   0x0000004a   Code   RO         1682    .text.trajectory_planner_set_target  trajectory_planner.o
    0x0800abce   0x0800abce   0x00000002   PAD
    0x0800abd0   0x0800abd0   0x000000a4   Code   RO         1680    .text.trajectory_planner_start  trajectory_planner.o
    0x0800ac74   0x0800ac74   0x00000056   Code   RO         1623    .text.uint16_to_float  cybergear_motor.o
    0x0800acca   0x0800acca   0x00000002   PAD
    0x0800accc   0x0800accc   0x00000048   Code   RO         1770    .text.uxListRemove  list.o
    0x0800ad14   0x0800ad14   0x0000002c   Code   RO         2308    .text.vApplicationGetIdleTaskMemory  cmsis_os2.o
    0x0800ad40   0x0800ad40   0x0000002c   Code   RO         2310    .text.vApplicationGetTimerTaskMemory  cmsis_os2.o
    0x0800ad6c   0x0800ad6c   0x0000002e   Code   RO         1762    .text.vListInitialise  list.o
    0x0800ad9a   0x0800ad9a   0x00000002   PAD
    0x0800ad9c   0x0800ad9c   0x0000000e   Code   RO         1764    .text.vListInitialiseItem  list.o
    0x0800adaa   0x0800adaa   0x00000002   PAD
    0x0800adac   0x0800adac   0x0000006a   Code   RO         1768    .text.vListInsert   list.o
    0x0800ae16   0x0800ae16   0x00000002   PAD
    0x0800ae18   0x0800ae18   0x0000003a   Code   RO         1766    .text.vListInsertEnd  list.o
    0x0800ae52   0x0800ae52   0x00000002   PAD
    0x0800ae54   0x0800ae54   0x00000014   Code   RO         2368    .text.vPortEnableVFP  port.o
    0x0800ae68   0x0800ae68   0x00000056   Code   RO         2374    .text.vPortEnterCritical  port.o
    0x0800aebe   0x0800aebe   0x00000002   PAD
    0x0800aec0   0x0800aec0   0x0000004a   Code   RO         2376    .text.vPortExitCritical  port.o
    0x0800af0a   0x0800af0a   0x00000002   PAD
    0x0800af0c   0x0800af0c   0x000000ce   Code   RO         2333    .text.vPortFree     heap_4.o
    0x0800afda   0x0800afda   0x00000002   PAD
    0x0800afdc   0x0800afdc   0x00000044   Code   RO         2366    .text.vPortSetupTimerInterrupt  port.o
    0x0800b020   0x0800b020   0x00000084   Code   RO         2382    .text.vPortValidateInterruptPriority  port.o
    0x0800b0a4   0x0800b0a4   0x00000052   Code   RO         1853    .text.vQueueAddToRegistry  queue.o
    0x0800b0f6   0x0800b0f6   0x00000002   PAD
    0x0800b0f8   0x0800b0f8   0x00000064   Code   RO         1857    .text.vQueueWaitForMessageRestricted  queue.o
    0x0800b15c   0x0800b15c   0x0000006e   Code   RO         1946    .text.vTaskDelay    tasks.o
    0x0800b1ca   0x0800b1ca   0x00000002   PAD
    0x0800b1cc   0x0800b1cc   0x00000114   Code   RO         1938    .text.vTaskDelayUntil  tasks.o
    0x0800b2e0   0x0800b2e0   0x00000024   Code   RO         2000    .text.vTaskInternalSetTimeOutState  tasks.o
    0x0800b304   0x0800b304   0x0000000e   Code   RO         2004    .text.vTaskMissedYield  tasks.o
    0x0800b312   0x0800b312   0x00000002   PAD
    0x0800b314   0x0800b314   0x00000042   Code   RO         1988    .text.vTaskPlaceOnEventList  tasks.o
    0x0800b356   0x0800b356   0x00000002   PAD
    0x0800b358   0x0800b358   0x00000052   Code   RO         1992    .text.vTaskPlaceOnEventListRestricted  tasks.o
    0x0800b3aa   0x0800b3aa   0x00000002   PAD
    0x0800b3ac   0x0800b3ac   0x00000134   Code   RO         2024    .text.vTaskPriorityDisinheritAfterTimeout  tasks.o
    0x0800b4e0   0x0800b4e0   0x000000d6   Code   RO         1960    .text.vTaskResume   tasks.o
    0x0800b5b6   0x0800b5b6   0x00000002   PAD
    0x0800b5b8   0x0800b5b8   0x000000e0   Code   RO         1966    .text.vTaskStartScheduler  tasks.o
    0x0800b698   0x0800b698   0x00000128   Code   RO         1956    .text.vTaskSuspend  tasks.o
    0x0800b7c0   0x0800b7c0   0x00000010   Code   RO         1940    .text.vTaskSuspendAll  tasks.o
    0x0800b7d0   0x0800b7d0   0x000000c6   Code   RO         1958    .text.vTaskSwitchContext  tasks.o
    0x0800b896   0x0800b896   0x00000002   PAD
    0x0800b898   0x0800b898   0x00000156   Code   RO         2364    .text.xPortStartScheduler  port.o
    0x0800b9ee   0x0800b9ee   0x00000002   PAD
    0x0800b9f0   0x0800b9f0   0x0000003c   Code   RO         2380    .text.xPortSysTickHandler  port.o
    0x0800ba2c   0x0800ba2c   0x00000026   Code   RO         1787    .text.xQueueCreateMutex  queue.o
    0x0800ba52   0x0800ba52   0x00000002   PAD
    0x0800ba54   0x0800ba54   0x00000032   Code   RO         1791    .text.xQueueCreateMutexStatic  queue.o
    0x0800ba86   0x0800ba86   0x00000002   PAD
    0x0800ba88   0x0800ba88   0x00000074   Code   RO         1785    .text.xQueueGenericCreate  queue.o
    0x0800bafc   0x0800bafc   0x0000010e   Code   RO         1781    .text.xQueueGenericCreateStatic  queue.o
    0x0800bc0a   0x0800bc0a   0x00000002   PAD
    0x0800bc0c   0x0800bc0c   0x000000ba   Code   RO         1779    .text.xQueueGenericReset  queue.o
    0x0800bcc6   0x0800bcc6   0x00000002   PAD
    0x0800bcc8   0x0800bcc8   0x0000022c   Code   RO         1799    .text.xQueueGenericSend  queue.o
    0x0800bef4   0x0800bef4   0x0000014c   Code   RO         1815    .text.xQueueGenericSendFromISR  queue.o
    0x0800c040   0x0800c040   0x000001dc   Code   RO         1819    .text.xQueueReceive  queue.o
    0x0800c21c   0x0800c21c   0x00000108   Code   RO         1829    .text.xQueueReceiveFromISR  queue.o
    0x0800c324   0x0800c324   0x0000022c   Code   RO         1803    .text.xQueueSemaphoreTake  queue.o
    0x0800c550   0x0800c550   0x000000cc   Code   RO         2002    .text.xTaskCheckForTimeOut  tasks.o
    0x0800c61c   0x0800c61c   0x0000009e   Code   RO         1930    .text.xTaskCreate   tasks.o
    0x0800c6ba   0x0800c6ba   0x00000002   PAD
    0x0800c6bc   0x0800c6bc   0x000000ce   Code   RO         1924    .text.xTaskCreateStatic  tasks.o
    0x0800c78a   0x0800c78a   0x00000002   PAD
    0x0800c78c   0x0800c78c   0x00000038   Code   RO         2018    .text.xTaskGetSchedulerState  tasks.o
    0x0800c7c4   0x0800c7c4   0x00000014   Code   RO         1974    .text.xTaskGetTickCount  tasks.o
    0x0800c7d8   0x0800c7d8   0x000001c4   Code   RO         1972    .text.xTaskIncrementTick  tasks.o
    0x0800c99c   0x0800c99c   0x000000ec   Code   RO         2022    .text.xTaskPriorityDisinherit  tasks.o
    0x0800ca88   0x0800ca88   0x0000010e   Code   RO         2020    .text.xTaskPriorityInherit  tasks.o
    0x0800cb96   0x0800cb96   0x00000002   PAD
    0x0800cb98   0x0800cb98   0x000000ce   Code   RO         1994    .text.xTaskRemoveFromEventList  tasks.o
    0x0800cc66   0x0800cc66   0x00000002   PAD
    0x0800cc68   0x0800cc68   0x00000186   Code   RO         1944    .text.xTaskResumeAll  tasks.o
    0x0800cdee   0x0800cdee   0x00000002   PAD
    0x0800cdf0   0x0800cdf0   0x00000094   Code   RO         2077    .text.xTimerCreateTimerTask  timers.o
    0x0800ce84   0x0800ce84   0x000000b0   Code   RO         2089    .text.xTimerGenericCommand  timers.o
    0x0800cf34   0x0800cf34   0x00000032   Code   RO         2433    .text.xiaobi_control  actuator_control.o
    0x0800cf66   0x0800cf66   0x00000002   PAD
    0x0800cf68   0x0800cf68   0x0000002e   Code   RO         2437    .text.xipan_control  actuator_control.o
    0x0800cf96   0x0800cf96   0x00000002   PAD
    0x0800cf98   0x0800cf98   0x0000005c   Code   RO         2431    .text.zhuzhou_control  actuator_control.o
    0x0800cff4   0x0800cff4   0x00000020   Code   RO         2464    i.__0printf         mc_w.l(printfa.o)
    0x0800d014   0x0800d014   0x0000000e   Code   RO         2573    i.__scatterload_copy  mc_w.l(handlers.o)
    0x0800d022   0x0800d022   0x00000002   Code   RO         2574    i.__scatterload_null  mc_w.l(handlers.o)
    0x0800d024   0x0800d024   0x0000000e   Code   RO         2575    i.__scatterload_zeroinit  mc_w.l(handlers.o)
    0x0800d032   0x0800d032   0x00000002   PAD
    0x0800d034   0x0800d034   0x00000184   Code   RO         2471    i._fp_digits        mc_w.l(printfa.o)
    0x0800d1b8   0x0800d1b8   0x0000000e   Code   RO         2537    i._is_digit         mc_w.l(scanf_fp.o)
    0x0800d1c6   0x0800d1c6   0x00000002   PAD
    0x0800d1c8   0x0800d1c8   0x000006dc   Code   RO         2472    i._printf_core      mc_w.l(printfa.o)
    0x0800d8a4   0x0800d8a4   0x00000024   Code   RO         2473    i._printf_post_padding  mc_w.l(printfa.o)
    0x0800d8c8   0x0800d8c8   0x0000002e   Code   RO         2474    i._printf_pre_padding  mc_w.l(printfa.o)
    0x0800d8f6   0x0800d8f6   0x00000040   Data   RO         2569    .constdata          mc_w.l(ctype_c.o)
    0x0800d936   0x0800d936   0x00000010   Data   RO         1486    .rodata.AHBPrescTable  system_stm32g4xx.o
    0x0800d946   0x0800d946   0x00000008   Data   RO         1487    .rodata.APBPrescTable  system_stm32g4xx.o
    0x0800d94e   0x0800d94e   0x00000010   Data   RO          713    .rodata.DLCtoBytes  stm32g4xx_hal_fdcan.o
    0x0800d95e   0x0800d95e   0x00000002   PAD
    0x0800d960   0x0800d960   0x00000008   Data   RO         2413    .rodata.TASK1_TARGET_POS  task_rtos.o
    0x0800d968   0x0800d968   0x00000008   Data   RO         2416    .rodata.TASK2_PICKUP_POS  task_rtos.o
    0x0800d970   0x0800d970   0x00000080   Data   RO         2417    .rodata.TASK2_ZONES  task_rtos.o
    0x0800d9f0   0x0800d9f0   0x00000024   Data   RO           46    .rodata.Task_attributes  app_freertos.o
    0x0800da14   0x0800da14   0x00000008   Data   RO         1473    .rodata.UARTEx_SetNbDataToProcess.denominator  stm32g4xx_hal_uart_ex.o
    0x0800da1c   0x0800da1c   0x00000008   Data   RO         1472    .rodata.UARTEx_SetNbDataToProcess.numerator  stm32g4xx_hal_uart_ex.o
    0x0800da24   0x0800da24   0x00000018   Data   RO         1428    .rodata.UARTPrescTable  stm32g4xx_hal_uart.o
    0x0800da3c   0x0800da3c   0x00000010   Data   RO           48    .rodata.motorMutex_attributes  app_freertos.o
    0x0800da4c   0x0800da4c   0x00000042   Data   RO           45    .rodata.str1.1      app_freertos.o
    0x0800da8e   0x0800da8e   0x0000000c   Data   RO         1685    .rodata.str1.1      trajectory_planner.o
    0x0800da9a   0x0800da9a   0x00000005   Data   RO         2062    .rodata.str1.1      tasks.o
    0x0800da9f   0x0800da9f   0x0000000d   Data   RO         2132    .rodata.str1.1      timers.o
    0x0800daac   0x0800daac   0x00000143   Data   RO         2411    .rodata.str1.1      task_rtos.o
    0x0800dbef   0x0800dbef   0x00000001   PAD
    0x0800dbf0   0x0800dbf0   0x00000018   Data   RO         2412    .rodata.task1_boxes  task_rtos.o
    0x0800dc08   0x0800dc08   0x00000018   Data   RO           47    .rodata.task3position_attributes  app_freertos.o
    0x0800dc20   0x0800dc20   0x00000020   Data   RO         2572    Region$$Table       anon$$obj.o


    Execution Region RW_IRAM1 (Exec base: 0x20000000, Load base: 0x0800dc40, Size: 0x00004100, Max: 0x00020000, ABSOLUTE)

    Exec Addr    Load Addr    Size         Type   Attr      Idx    E Section Name        Object

    0x20000000   0x0800dc40   0x00000004   Data   RW         2513    .data               mc_w.l(stdout.o)
    0x20000004   0x0800dc44   0x00000004   Data   RW         1485    .data.SystemCoreClock  system_stm32g4xx.o
    0x20000008   0x0800dc48   0x00000001   Data   RW         1668    .data.dji_motor_control_enabled  dji_motor.o
    0x20000009   0x0800dc49   0x00000003   PAD
    0x2000000c   0x0800dc4c   0x00000014   Data   RW           44    .data.test          app_freertos.o
    0x20000020   0x0800dc60   0x00000004   Data   RW          798    .data.uwTickFreq    stm32g4xx_hal.o
    0x20000024   0x0800dc64   0x00000004   Data   RW          797    .data.uwTickPrio    stm32g4xx_hal.o
    0x20000028   0x0800dc68   0x00000004   Data   RW         2386    .data.uxCriticalNesting  port.o
    0x2000002c   0x0800dc6c   0x00000004   PAD
    0x20000030        -       0x00000004   Zero   RW           81    .bss.HAL_RCC_FDCAN_CLK_ENABLED  fdcan.o
    0x20000034        -       0x00000004   Zero   RW         2314    .bss.KernelState    cmsis_os2.o
    0x20000038        -       0x00000004   Zero   RW           52    .bss.TaskHandle     app_freertos.o
    0x2000003c        -       0x00000024   Zero   RW         1629    .bss.cybergear_motors  cybergear_motor.o
    0x20000060        -       0x00000004   Zero   RW         2444    .bss.dji_motor_dabi  actuator_control.o
    0x20000064        -       0x00000004   Zero   RW         2445    .bss.dji_motor_xiaobi  actuator_control.o
    0x20000068        -       0x00000004   Zero   RW         2443    .bss.dji_motor_zhuzhou  actuator_control.o
    0x2000006c        -       0x000003a0   Zero   RW         1667    .bss.dji_motors     dji_motor.o
    0x2000040c        -       0x00000001   Zero   RW         1714    .bss.ext_dispatch_count  fdcan_bsp.o
    0x2000040d   0x0800dc6c   0x00000003   PAD
    0x20000410        -       0x00000140   Zero   RW         1716    .bss.ext_dispatch_table  fdcan_bsp.o
    0x20000550        -       0x00000004   Zero   RW         1631    .bss.g_can_tx_mutex  cybergear_motor.o
    0x20000554        -       0x00000004   Zero   RW         1684    .bss.g_chassis_target_mutex  trajectory_planner.o
    0x20000558        -       0x00000004   Zero   RW         1688    .bss.g_current_ramped_pos  trajectory_planner.o
    0x2000055c        -       0x00000004   Zero   RW         1690    .bss.g_current_ramped_vel  trajectory_planner.o
    0x20000560        -       0x00000004   Zero   RW         1689    .bss.g_final_target_pos  trajectory_planner.o
    0x20000564        -       0x00000004   Zero   RW         1687    .bss.g_motor        trajectory_planner.o
    0x20000568        -       0x00001000   Zero   RW         1712    .bss.hash_table     fdcan_bsp.o
    0x20001568        -       0x00000060   Zero   RW          120    .bss.hdma_uart4_rx  usart.o
    0x200015c8        -       0x00000060   Zero   RW          121    .bss.hdma_uart5_rx  usart.o
    0x20001628        -       0x00000060   Zero   RW          122    .bss.hdma_usart1_rx  usart.o
    0x20001688        -       0x00000064   Zero   RW           78    .bss.hfdcan1        fdcan.o
    0x200016ec        -       0x00000064   Zero   RW           79    .bss.hfdcan2        fdcan.o
    0x20001750        -       0x00000064   Zero   RW           80    .bss.hfdcan3        fdcan.o
    0x200017b4        -       0x0000004c   Zero   RW          187    .bss.htim5          stm32g4xx_hal_timebase_tim.o
    0x20001800        -       0x0000004c   Zero   RW           95    .bss.htim6          tim.o
    0x2000184c        -       0x00000094   Zero   RW          119    .bss.huart1         usart.o
    0x200018e0        -       0x00000094   Zero   RW          118    .bss.huart4         usart.o
    0x20001974        -       0x00000094   Zero   RW          117    .bss.huart5         usart.o
    0x20001a08        -       0x00000001   Zero   RW         2410    .bss.is_task_running  task_rtos.o
    0x20001a09   0x0800dc6c   0x00000003   PAD
    0x20001a0c        -       0x00000004   Zero   RW         2441    .bss.mi_motor       actuator_control.o
    0x20001a10        -       0x00000004   Zero   RW           50    .bss.motorMutexHandle  app_freertos.o
    0x20001a14        -       0x000000a0   Zero   RW         2140    .bss.prvCheckForValidListAndQueue.ucStaticTimerQueueStorage  timers.o
    0x20001ab4        -       0x00000050   Zero   RW         2139    .bss.prvCheckForValidListAndQueue.xStaticTimerQueue  timers.o
    0x20001b04        -       0x00000004   Zero   RW         2136    .bss.prvSampleTimeNow.xLastTime  timers.o
    0x20001b08        -       0x00000004   Zero   RW         2048    .bss.pxCurrentTCB   tasks.o
    0x20001b0c        -       0x00000004   Zero   RW         2134    .bss.pxCurrentTimerList  timers.o
    0x20001b10        -       0x00000004   Zero   RW         2056    .bss.pxDelayedTaskList  tasks.o
    0x20001b14        -       0x00000004   Zero   RW         2343    .bss.pxEnd          heap_4.o
    0x20001b18        -       0x00000004   Zero   RW         2057    .bss.pxOverflowDelayedTaskList  tasks.o
    0x20001b1c        -       0x00000004   Zero   RW         2135    .bss.pxOverflowTimerList  timers.o
    0x20001b20        -       0x00000460   Zero   RW         2059    .bss.pxReadyTasksLists  tasks.o
    0x20001f80        -       0x00000100   Zero   RW           49    .bss.rx_buffer      app_freertos.o
    0x20002080        -       0x00000001   Zero   RW         1713    .bss.std_dispatch_count  fdcan_bsp.o
    0x20002081   0x0800dc6c   0x00000003   PAD
    0x20002084        -       0x00000280   Zero   RW         1715    .bss.std_dispatch_table  fdcan_bsp.o
    0x20002304        -       0x00000002   Zero   RW           43    .bss.sys            app_freertos.o
    0x20002306   0x0800dc6c   0x00000002   PAD
    0x20002308        -       0x00000004   Zero   RW         2442    .bss.target_pos     actuator_control.o
    0x2000230c        -       0x00000004   Zero   RW         2415    .bss.task2_rtos.pickup_radius  task_rtos.o
    0x20002310        -       0x00000004   Zero   RW           51    .bss.task3positionHandle  app_freertos.o
    0x20002314        -       0x00000c00   Zero   RW         2350    .bss.ucHeap         heap_4.o
    0x20002f14        -       0x00000001   Zero   RW         2384    .bss.ucMaxSysCallPriority  port.o
    0x20002f15   0x0800dc6c   0x00000003   PAD
    0x20002f18        -       0x00000004   Zero   RW         2385    .bss.ulMaxPRIGROUPValue  port.o
    0x20002f1c        -       0x00000004   Zero   RW          799    .bss.uwTick         stm32g4xx_hal.o
    0x20002f20        -       0x00000004   Zero   RW         2052    .bss.uxCurrentNumberOfTasks  tasks.o
    0x20002f24        -       0x00000004   Zero   RW         2051    .bss.uxDeletedTasksWaitingCleanUp  tasks.o
    0x20002f28        -       0x00000004   Zero   RW         2054    .bss.uxSchedulerSuspended  tasks.o
    0x20002f2c        -       0x00000004   Zero   RW         2049    .bss.uxTaskNumber   tasks.o
    0x20002f30        -       0x00000004   Zero   RW         2060    .bss.uxTopReadyPriority  tasks.o
    0x20002f34        -       0x00000400   Zero   RW         2317    .bss.vApplicationGetIdleTaskMemory.Idle_Stack  cmsis_os2.o
    0x20003334        -       0x0000005c   Zero   RW         2316    .bss.vApplicationGetIdleTaskMemory.Idle_TCB  cmsis_os2.o
    0x20003390        -       0x00000800   Zero   RW         2319    .bss.vApplicationGetTimerTaskMemory.Timer_Stack  cmsis_os2.o
    0x20003b90        -       0x0000005c   Zero   RW         2318    .bss.vApplicationGetTimerTaskMemory.Timer_TCB  cmsis_os2.o
    0x20003bec        -       0x00000014   Zero   RW         2137    .bss.xActiveTimerList1  timers.o
    0x20003c00        -       0x00000014   Zero   RW         2138    .bss.xActiveTimerList2  timers.o
    0x20003c14        -       0x00000004   Zero   RW         2344    .bss.xBlockAllocatedBit  heap_4.o
    0x20003c18        -       0x00000014   Zero   RW         2068    .bss.xDelayedTaskList1  tasks.o
    0x20003c2c        -       0x00000014   Zero   RW         2069    .bss.xDelayedTaskList2  tasks.o
    0x20003c40        -       0x00000004   Zero   RW         2345    .bss.xFreeBytesRemaining  heap_4.o
    0x20003c44        -       0x00000004   Zero   RW         2063    .bss.xIdleTaskHandle  tasks.o
    0x20003c48        -       0x00000004   Zero   RW         2347    .bss.xMinimumEverFreeBytesRemaining  heap_4.o
    0x20003c4c        -       0x00000004   Zero   RW         2064    .bss.xNextTaskUnblockTime  tasks.o
    0x20003c50        -       0x00000004   Zero   RW         2067    .bss.xNumOfOverflows  tasks.o
    0x20003c54        -       0x00000004   Zero   RW         2348    .bss.xNumberOfSuccessfulAllocations  heap_4.o
    0x20003c58        -       0x00000004   Zero   RW         2349    .bss.xNumberOfSuccessfulFrees  heap_4.o
    0x20003c5c        -       0x00000004   Zero   RW         2066    .bss.xPendedTicks   tasks.o
    0x20003c60        -       0x00000014   Zero   RW         2061    .bss.xPendingReadyList  tasks.o
    0x20003c74        -       0x00000004   Zero   RW         1686    .bss.xPlannerTaskHandle  trajectory_planner.o
    0x20003c78        -       0x00000040   Zero   RW         1859    .bss.xQueueRegistry  queue.o
    0x20003cb8        -       0x00000004   Zero   RW         2053    .bss.xSchedulerRunning  tasks.o
    0x20003cbc        -       0x00000008   Zero   RW         2346    .bss.xStart         heap_4.o
    0x20003cc4        -       0x00000014   Zero   RW         2058    .bss.xSuspendedTaskList  tasks.o
    0x20003cd8        -       0x00000014   Zero   RW         2050    .bss.xTasksWaitingTermination  tasks.o
    0x20003cec        -       0x00000004   Zero   RW         2055    .bss.xTickCount     tasks.o
    0x20003cf0        -       0x00000004   Zero   RW         2131    .bss.xTimerQueue    timers.o
    0x20003cf4        -       0x00000004   Zero   RW         2133    .bss.xTimerTaskHandle  timers.o
    0x20003cf8        -       0x00000004   Zero   RW         2065    .bss.xYieldPending  tasks.o
    0x20003cfc   0x0800dc6c   0x00000004   PAD
    0x20003d00        -       0x00000400   Zero   RW            1    STACK               startup_stm32g474xx.o


==============================================================================

Image component sizes


      Code (inc. data)   RO Data    RW Data    ZI Data      Debug   Object Name

       796         28          0          0         20       6622   actuator_control.o
       634          0        142         20        270       7724   app_freertos.o
      1688          0          0          0       3260      35234   cmsis_os2.o
      1390         34          0          0         40      11065   cybergear_motor.o
      1398         52          0          1        928       8327   dji_motor.o
       126          0          0          0          0       3953   dma.o
       904          0          0          0        304       8844   fdcan.o
      1286          0          0          0       5058       6052   fdcan_bsp.o
       210          0          0          0          0       2404   gpio.o
      1084          0          0          0       3104       4436   heap_4.o
       296          0          0          0          0       2239   list.o
       232          0          0          0          0       5402   main.o
       262          0          0          0          0       1865   pid.o
      1128         16          0          4          5       3850   port.o
      3710          0          0          0         64      17296   queue.o
        36          8        472          0       1024        856   startup_stm32g474xx.o
        86          0          0          8          4       9113   stm32g4xx_hal.o
       380          0          0          0          0      10103   stm32g4xx_hal_cortex.o
      1572          0          0          0          0       7787   stm32g4xx_hal_dma.o
      3472          0         16          0          0      18830   stm32g4xx_hal_fdcan.o
       916          0          0          0          0       5324   stm32g4xx_hal_gpio.o
        84          0          0          0          0       3983   stm32g4xx_hal_msp.o
       454          0          0          0          0       7804   stm32g4xx_hal_pwr_ex.o
      3360          0          0          0          0       9536   stm32g4xx_hal_rcc.o
      1316          0          0          0          0      11716   stm32g4xx_hal_rcc_ex.o
      1716          0          0          0          0      37955   stm32g4xx_hal_tim.o
       428          0          0          0          0      21839   stm32g4xx_hal_tim_ex.o
       212          0          0          0         76       8321   stm32g4xx_hal_timebase_tim.o
      5444         48         24          0          0      27422   stm32g4xx_hal_uart.o
       738          0         16          0          0       8907   stm32g4xx_hal_uart_ex.o
       214          0          0          0          0       1950   stm32g4xx_it.o
        18          0         24          4          0       2704   system_stm32g4xx.o
      2872        112        491          0          5       4491   task_rtos.o
      5432          0          5          0       1280      24149   tasks.o
       172          0          0          0         76       8096   tim.o
      1692         10         13          0        300      11602   timers.o
      1000         20         12          0         24       5748   trajectory_planner.o
      1268          0          0          0        732      10568   usart.o

    ----------------------------------------------------------------------
     48272        328       1250         40      16596     384117   Object Totals
         0          0         32          0          0          0   (incl. Generated)
       246          0          3          3         22          0   (incl. Padding)

    ----------------------------------------------------------------------

      Code (inc. data)   RO Data    RW Data    ZI Data      Debug   Library Member Name

        28          0          0          0          0         68   _chval.o
       812          4          0          0          0        112   _scanf.o
       332          0          0          0          0         96   _scanf_int.o
       342          0          0          0          0        100   _scanf_longlong.o
       224          0          0          0          0         96   _scanf_str.o
        64          0          0          0          0         84   _sgetc.o
        40          6         64          0          0         68   ctype_c.o
         0          0          0          0          0          0   entry.o
         0          0          0          0          0          0   entry10a.o
         0          0          0          0          0          0   entry11a.o
         8          4          0          0          0          0   entry2.o
         4          0          0          0          0          0   entry5.o
         0          0          0          0          0          0   entry7b.o
         0          0          0          0          0          0   entry8b.o
         8          4          0          0          0          0   entry9a.o
        30          0          0          0          0          0   handlers.o
        48         10          0          0          0         68   init.o
        10          0          0          0          0         68   isspace_c.o
         0          0          0          0          0          0   iusefp.o
        30          0          0          0          0         68   llshl.o
        36          0          0          0          0         68   llsshr.o
        32          0          0          0          0         68   llushr.o
        36          0          0          0          0         68   memcpya.o
        36          0          0          0          0        108   memseta.o
      2258         90          0          0          0        452   printfa.o
        40          8          0          0          0         84   scanf_char.o
       878         12          0          0          0        216   scanf_fp.o
        56          8          0          0          0         84   sscanf.o
         0          0          0          4          0          0   stdout.o
        44          0          0          0          0         80   uidiv.o
        98          0          0          0          0         92   uldiv.o
        48          0          0          0          0         68   cdrcmple.o
        56          0          0          0          0         88   d2f.o
       334          0          0          0          0        148   dadd.o
       222          0          0          0          0        100   ddiv.o
       186          0          0          0          0        176   depilogue.o
        48          0          0          0          0         68   dfixul.o
        24          0          0          0          0         76   dfltul.o
       228          0          0          0          0         96   dmul.o
        38          0          0          0          0         68   f2d.o
       110          0          0          0          0        168   fepilogue.o

    ----------------------------------------------------------------------
      6798        146         64          4          0       3204   Library Totals
        10          0          0          0          0          0   (incl. Padding)

    ----------------------------------------------------------------------

      Code (inc. data)   RO Data    RW Data    ZI Data      Debug   Library Name

      5494        146         64          4          0       2148   mc_w.l
      1294          0          0          0          0       1056   mf_w.l

    ----------------------------------------------------------------------
      6798        146         64          4          0       3204   Library Totals

    ----------------------------------------------------------------------

==============================================================================


      Code (inc. data)   RO Data    RW Data    ZI Data      Debug   

     55070        474       1314         44      16596     385141   Grand Totals
     55070        474       1314         44      16596     385141   ELF Image Totals
     55070        474       1314         44          0          0   ROM Totals

==============================================================================

    Total RO  Size (Code + RO Data)                56384 (  55.06kB)
    Total RW  Size (RW Data + ZI Data)             16640 (  16.25kB)
    Total ROM Size (Code + RO Data + RW Data)      56428 (  55.11kB)

==============================================================================

