Component: Arm Compiler for Embedded 6.21 Tool: armlink [5ec1fa00]

==============================================================================

Section Cross References

    startup_stm32g474xx.o(RESET) refers to startup_stm32g474xx.o(STACK) for __initial_sp
    startup_stm32g474xx.o(RESET) refers to startup_stm32g474xx.o(.text) for Reset_Handler
    startup_stm32g474xx.o(RESET) refers to stm32g4xx_it.o(.text.NMI_Handler) for NMI_Handler
    startup_stm32g474xx.o(RESET) refers to stm32g4xx_it.o(.text.HardFault_Handler) for HardFault_Handler
    startup_stm32g474xx.o(RESET) refers to stm32g4xx_it.o(.text.MemManage_Handler) for MemManage_Handler
    startup_stm32g474xx.o(RESET) refers to stm32g4xx_it.o(.text.BusFault_Handler) for BusFault_Handler
    startup_stm32g474xx.o(RESET) refers to stm32g4xx_it.o(.text.UsageFault_Handler) for UsageFault_Handler
    startup_stm32g474xx.o(RESET) refers to stm32g4xx_it.o(.text.SVC_Handler) for SVC_Handler
    startup_stm32g474xx.o(RESET) refers to stm32g4xx_it.o(.text.DebugMon_Handler) for DebugMon_Handler
    startup_stm32g474xx.o(RESET) refers to stm32g4xx_it.o(.text.PendSV_Handler) for PendSV_Handler
    startup_stm32g474xx.o(RESET) refers to stm32g4xx_it.o(.text.SysTick_Handler) for SysTick_Handler
    startup_stm32g474xx.o(RESET) refers to stm32g4xx_it.o(.text.DMA1_Channel1_IRQHandler) for DMA1_Channel1_IRQHandler
    startup_stm32g474xx.o(RESET) refers to stm32g4xx_it.o(.text.FDCAN1_IT0_IRQHandler) for FDCAN1_IT0_IRQHandler
    startup_stm32g474xx.o(RESET) refers to stm32g4xx_it.o(.text.FDCAN1_IT1_IRQHandler) for FDCAN1_IT1_IRQHandler
    startup_stm32g474xx.o(RESET) refers to stm32g4xx_it.o(.text.USART1_IRQHandler) for USART1_IRQHandler
    startup_stm32g474xx.o(RESET) refers to stm32g4xx_it.o(.text.FDCAN2_IT0_IRQHandler) for FDCAN2_IT0_IRQHandler
    startup_stm32g474xx.o(RESET) refers to stm32g4xx_it.o(.text.FDCAN2_IT1_IRQHandler) for FDCAN2_IT1_IRQHandler
    startup_stm32g474xx.o(.text) refers to system_stm32g4xx.o(.text.SystemInit) for SystemInit
    startup_stm32g474xx.o(.text) refers to entry.o(.ARM.Collect$$$$00000000) for __main
    main.o(.text.main) refers to stm32g4xx_hal.o(.text.HAL_Init) for HAL_Init
    main.o(.text.main) refers to main.o(.text.SystemClock_Config) for SystemClock_Config
    main.o(.text.main) refers to gpio.o(.text.MX_GPIO_Init) for MX_GPIO_Init
    main.o(.text.main) refers to dma.o(.text.MX_DMA_Init) for MX_DMA_Init
    main.o(.text.main) refers to usart.o(.text.MX_USART1_UART_Init) for MX_USART1_UART_Init
    main.o(.text.main) refers to fdcan.o(.text.MX_FDCAN1_Init) for MX_FDCAN1_Init
    main.o(.text.main) refers to fdcan.o(.text.MX_FDCAN2_Init) for MX_FDCAN2_Init
    main.o(.text.main) refers to fdcan.o(.text.MX_FDCAN3_Init) for MX_FDCAN3_Init
    main.o(.text.main) refers to fdcan_bsp.o(.text.fdcan_bsp_init) for fdcan_bsp_init
    main.o(.text.main) refers to dji_motor.o(.text.dji_motors_init) for dji_motors_init
    main.o(.text.main) refers to cybergear_motor.o(.text.cybergear_motors_init) for cybergear_motors_init
    main.o(.text.main) refers to fdcan.o(.bss.hfdcan1) for hfdcan1
    main.o(.text.main) refers to fdcan_bsp.o(.text.fdcan_bsp_start) for fdcan_bsp_start
    main.o(.text.main) refers to fdcan.o(.bss.hfdcan2) for hfdcan2
    main.o(.text.main) refers to cybergear_motor.o(.text.cybergear_motor_get_instance) for cybergear_motor_get_instance
    main.o(.text.main) refers to main.o(.bss.main.mi_motor) for main.mi_motor
    main.o(.text.main) refers to dji_motor.o(.text.dji_motor_get_instance) for dji_motor_get_instance
    main.o(.text.main) refers to main.o(.bss.main.dji_motor) for main.dji_motor
    main.o(.text.main) refers to cybergear_motor.o(.text.cybergear_motor_stop) for cybergear_motor_stop
    main.o(.text.main) refers to stm32g4xx_hal.o(.text.HAL_Delay) for HAL_Delay
    main.o(.text.main) refers to cybergear_motor.o(.text.cybergear_motor_set_mode) for cybergear_motor_set_mode
    main.o(.text.main) refers to cybergear_motor.o(.text.cybergear_motor_enable) for cybergear_motor_enable
    main.o(.text.main) refers to dji_motor.o(.text.dji_degree2encoder) for dji_degree2encoder
    main.o(.text.main) refers to dji_motor.o(.text.dji_motor_set_location) for dji_motor_set_location
    main.o(.text.main) refers to f2d.o(.text) for __aeabi_f2d
    main.o(.text.main) refers to ddiv.o(.text) for __aeabi_ddiv
    main.o(.text.main) refers to dmul.o(.text) for __aeabi_dmul
    main.o(.text.main) refers to main.o(.rodata.str1.1) for .L.str
    main.o(.text.main) refers to printfa.o(i.__0printf) for printf
    main.o(.ARM.exidx.text.main) refers to main.o(.text.main) for [Anonymous Symbol]
    main.o(.text.SystemClock_Config) refers to memseta.o(.text) for __aeabi_memclr4
    main.o(.text.SystemClock_Config) refers to stm32g4xx_hal_pwr_ex.o(.text.HAL_PWREx_ControlVoltageScaling) for HAL_PWREx_ControlVoltageScaling
[...]
    ../clib/microlib/init/entry.s            0x00000000   Number         0  entry9b.o ABSOLUTE
    ../clib/microlib/init/entry.s            0x00000000   Number         0  entry10a.o ABSOLUTE
    ../clib/microlib/init/entry.s            0x00000000   Number         0  entry10b.o ABSOLUTE
    ../clib/microlib/init/entry.s            0x00000000   Number         0  entry11a.o ABSOLUTE
    ../clib/microlib/init/entry.s            0x00000000   Number         0  entry11b.o ABSOLUTE
    ../clib/microlib/longlong.c              0x00000000   Number         0  llshl.o ABSOLUTE
    ../clib/microlib/longlong.c              0x00000000   Number         0  llushr.o ABSOLUTE
    ../clib/microlib/longlong.c              0x00000000   Number         0  llsshr.o ABSOLUTE
    ../clib/microlib/printf/printf.c         0x00000000   Number         0  printfa.o ABSOLUTE
    ../clib/microlib/stdio/streams.c         0x00000000   Number         0  stdout.o ABSOLUTE
    ../clib/microlib/string/memset.c         0x00000000   Number         0  memseta.o ABSOLUTE
    ../clib/microlib/stubs.s                 0x00000000   Number         0  iusefp.o ABSOLUTE
    ../fplib/microlib/d2f.c                  0x00000000   Number         0  d2f.o ABSOLUTE
    ../fplib/microlib/f2d.c                  0x00000000   Number         0  f2d.o ABSOLUTE
    ../fplib/microlib/fpadd.c                0x00000000   Number         0  dadd.o ABSOLUTE
    ../fplib/microlib/fpdiv.c                0x00000000   Number         0  ddiv.o ABSOLUTE
    ../fplib/microlib/fpepilogue.c           0x00000000   Number         0  fepilogue.o ABSOLUTE
    ../fplib/microlib/fpepilogue.c           0x00000000   Number         0  depilogue.o ABSOLUTE
    ../fplib/microlib/fpfix.c                0x00000000   Number         0  dfixul.o ABSOLUTE
    ../fplib/microlib/fpmul.c                0x00000000   Number         0  dmul.o ABSOLUTE
    cdrcmple.s                               0x00000000   Number         0  cdrcmple.o ABSOLUTE
    cybergear_motor.c                        0x00000000   Number         0  cybergear_motor.o ABSOLUTE
    dc.s                                     0x00000000   Number         0  dc.o ABSOLUTE
    dji_motor.c                              0x00000000   Number         0  dji_motor.o ABSOLUTE
    dma.c                                    0x00000000   Number         0  dma.o ABSOLUTE
    fdcan.c                                  0x00000000   Number         0  fdcan.o ABSOLUTE
    fdcan_bsp.c                              0x00000000   Number         0  fdcan_bsp.o ABSOLUTE
    foc.c                                    0x00000000   Number         0  foc.o ABSOLUTE
    gpio.c                                   0x00000000   Number         0  gpio.o ABSOLUTE
    handlers.s                               0x00000000   Number         0  handlers.o ABSOLUTE
    init.s                                   0x00000000   Number         0  init.o ABSOLUTE
    main.c                                   0x00000000   Number         0  main.o ABSOLUTE
    pid.c                                    0x00000000   Number         0  pid.o ABSOLUTE
    startup_stm32g474xx.s                    0x00000000   Number         0  startup_stm32g474xx.o ABSOLUTE
    stm32g4xx_hal.c                          0x00000000   Number         0  stm32g4xx_hal.o ABSOLUTE
    stm32g4xx_hal_cortex.c                   0x00000000   Number         0  stm32g4xx_hal_cortex.o ABSOLUTE
    stm32g4xx_hal_dma.c                      0x00000000   Number         0  stm32g4xx_hal_dma.o ABSOLUTE
    stm32g4xx_hal_dma_ex.c                   0x00000000   Number         0  stm32g4xx_hal_dma_ex.o ABSOLUTE
    stm32g4xx_hal_exti.c                     0x00000000   Number         0  stm32g4xx_hal_exti.o ABSOLUTE
    stm32g4xx_hal_fdcan.c                    0x00000000   Number         0  stm32g4xx_hal_fdcan.o ABSOLUTE
    stm32g4xx_hal_flash.c                    0x00000000   Number         0  stm32g4xx_hal_flash.o ABSOLUTE
    stm32g4xx_hal_flash_ex.c                 0x00000000   Number         0  stm32g4xx_hal_flash_ex.o ABSOLUTE
    stm32g4xx_hal_flash_ramfunc.c            0x00000000   Number         0  stm32g4xx_hal_flash_ramfunc.o ABSOLUTE
    stm32g4xx_hal_gpio.c                     0x00000000   Number         0  stm32g4xx_hal_gpio.o ABSOLUTE
    stm32g4xx_hal_msp.c                      0x00000000   Number         0  stm32g4xx_hal_msp.o ABSOLUTE
    stm32g4xx_hal_pwr.c                      0x00000000   Number         0  stm32g4xx_hal_pwr.o ABSOLUTE
    stm32g4xx_hal_pwr_ex.c                   0x00000000   Number         0  stm32g4xx_hal_pwr_ex.o ABSOLUTE
    stm32g4xx_hal_rcc.c                      0x00000000   Number         0  stm32g4xx_hal_rcc.o ABSOLUTE
    stm32g4xx_hal_rcc_ex.c                   0x00000000   Number         0  stm32g4xx_hal_rcc_ex.o ABSOLUTE
    stm32g4xx_hal_uart.c                     0x00000000   Number         0  stm32g4xx_hal_uart.o ABSOLUTE
    stm32g4xx_hal_uart_ex.c                  0x00000000   Number         0  stm32g4xx_hal_uart_ex.o ABSOLUTE
    stm32g4xx_it.c                           0x00000000   Number         0  stm32g4xx_it.o ABSOLUTE
    system_stm32g4xx.c                       0x00000000   Number         0  system_stm32g4xx.o ABSOLUTE
    usart.c                                  0x00000000   Number         0  usart.o ABSOLUTE
    vesc.c                                   0x00000000   Number         0  vesc.o ABSOLUTE
    RESET                                    0x08000000   Section      472  startup_stm32g474xx.o(RESET)
    .ARM.Collect$$$$00000000                 0x080001d8   Section        0  entry.o(.ARM.Collect$$$$00000000)
    .ARM.Collect$$$$00000001                 0x080001d8   Section        4  entry2.o(.ARM.Collect$$$$00000001)
    .ARM.Collect$$$$00000004                 0x080001dc   Section        4  entry5.o(.ARM.Collect$$$$00000004)
    .ARM.Collect$$$$00000008                 0x080001e0   Section        0  entry7b.o(.ARM.Collect$$$$00000008)
    .ARM.Collect$$$$0000000A                 0x080001e0   Section        0  entry8b.o(.ARM.Collect$$$$0000000A)
    .ARM.Collect$$$$0000000B                 0x080001e0   Section        8  entry9a.o(.ARM.Collect$$$$0000000B)
    __lit__00000000                          0x080001e8   Data           4  entry2.o(.ARM.Collect$$$$00002712)
    .ARM.Collect$$$$0000000D                 0x080001e8   Section        0  entry10a.o(.ARM.Collect$$$$0000000D)
    .ARM.Collect$$$$0000000F                 0x080001e8   Section        0  entry11a.o(.ARM.Collect$$$$0000000F)
    .ARM.Collect$$$$00002712                 0x080001e8   Section        4  entry2.o(.ARM.Collect$$$$00002712)
    $v0                                      0x080001ec   Number         0  startup_stm32g474xx.o(.text)
    .text                                    0x080001ec   Section       36  startup_stm32g474xx.o(.text)
    .text                                    0x08000210   Section        0  uldiv.o(.text)
    .text                                    0x08000272   Section        0  memseta.o(.text)
    .text                                    0x08000296   Section        0  dmul.o(.text)
    .text                                    0x0800037a   Section        0  ddiv.o(.text)
    .text                                    0x08000458   Section        0  f2d.o(.text)
    .text                                    0x0800047e   Section        0  uidiv.o(.text)
    .text                                    0x080004aa   Section        0  llshl.o(.text)
    .text                                    0x080004c8   Section        0  llushr.o(.text)
    .text                                    0x080004e8   Section        0  iusefp.o(.text)
    .text                                    0x080004e8   Section        0  depilogue.o(.text)
    .text                                    0x080005a2   Section        0  dadd.o(.text)
    .text                                    0x080006f0   Section        0  dfixul.o(.text)
    .text                                    0x08000720   Section       48  cdrcmple.o(.text)
    .text                                    0x08000750   Section       48  init.o(.text)
    .text                                    0x08000780   Section        0  llsshr.o(.text)
    [Anonymous Symbol]                       0x080007a4   Section        0  stm32g4xx_it.o(.text.BusFault_Handler)
    [Anonymous Symbol]                       0x080007a8   Section        0  stm32g4xx_it.o(.text.DMA1_Channel1_IRQHandler)
    DMA_CalcDMAMUXChannelBaseAndMask         0x080007b9   Thumb Code   116  stm32g4xx_hal_dma.o(.text.DMA_CalcDMAMUXChannelBaseAndMask)
    [Anonymous Symbol]                       0x080007b8   Section        0  stm32g4xx_hal_dma.o(.text.DMA_CalcDMAMUXChannelBaseAndMask)
    DMA_CalcDMAMUXRequestGenBaseAndMask      0x0800082d   Thumb Code    60  stm32g4xx_hal_dma.o(.text.DMA_CalcDMAMUXRequestGenBaseAndMask)
    [Anonymous Symbol]                       0x0800082c   Section        0  stm32g4xx_hal_dma.o(.text.DMA_CalcDMAMUXRequestGenBaseAndMask)
    [Anonymous Symbol]                       0x08000868   Section        0  stm32g4xx_it.o(.text.DebugMon_Handler)
    [Anonymous Symbol]                       0x0800086c   Section        0  main.o(.text.Error_Handler)
    [Anonymous Symbol]                       0x0800087c   Section        0  stm32g4xx_it.o(.text.FDCAN1_IT0_IRQHandler)
    [Anonymous Symbol]                       0x0800088c   Section        0  stm32g4xx_it.o(.text.FDCAN1_IT1_IRQHandler)
    [Anonymous Symbol]                       0x0800089c   Section        0  stm32g4xx_it.o(.text.FDCAN2_IT0_IRQHandler)
    [Anonymous Symbol]                       0x080008ac   Section        0  stm32g4xx_it.o(.text.FDCAN2_IT1_IRQHandler)
    FDCAN_CalcultateRamBlockAddresses        0x080008bd   Thumb Code   214  stm32g4xx_hal_fdcan.o(.text.FDCAN_CalcultateRamBlockAddresses)
    [Anonymous Symbol]                       0x080008bc   Section        0  stm32g4xx_hal_fdcan.o(.text.FDCAN_CalcultateRamBlockAddresses)
    FDCAN_CopyMessageToRAM                   0x08000995   Thumb Code   182  stm32g4xx_hal_fdcan.o(.text.FDCAN_CopyMessageToRAM)
    [Anonymous Symbol]                       0x08000994   Section        0  stm32g4xx_hal_fdcan.o(.text.FDCAN_CopyMessageToRAM)
    [Anonymous Symbol]                       0x08000a4c   Section        0  stm32g4xx_hal_dma.o(.text.HAL_DMA_Abort)
    [Anonymous Symbol]                       0x08000ae8   Section        0  stm32g4xx_hal_dma.o(.text.HAL_DMA_Abort_IT)
    [Anonymous Symbol]                       0x08000bac   Section        0  stm32g4xx_hal_dma.o(.text.HAL_DMA_IRQHandler)
    [Anonymous Symbol]                       0x08000d04   Section        0  stm32g4xx_hal_dma.o(.text.HAL_DMA_Init)
    [Anonymous Symbol]                       0x08000e5c   Section        0  stm32g4xx_hal.o(.text.HAL_Delay)
    [Anonymous Symbol]                       0x08000ea0   Section        0  stm32g4xx_hal_fdcan.o(.text.HAL_FDCAN_ActivateNotification)
    [Anonymous Symbol]                       0x080010ac   Section        0  stm32g4xx_hal_fdcan.o(.text.HAL_FDCAN_AddMessageToTxFifoQ)
    [Anonymous Symbol]                       0x08001148   Section        0  stm32g4xx_hal_fdcan.o(.text.HAL_FDCAN_ConfigFilter)
    [Anonymous Symbol]                       0x08001200   Section        0  stm32g4xx_hal_fdcan.o(.text.HAL_FDCAN_ConfigGlobalFilter)
    [Anonymous Symbol]                       0x08001268   Section        0  stm32g4xx_hal_fdcan.o(.text.HAL_FDCAN_ErrorCallback)
    [Anonymous Symbol]                       0x08001270   Section        0  fdcan_bsp.o(.text.HAL_FDCAN_ErrorStatusCallback)
    [Anonymous Symbol]                       0x08001304   Section        0  stm32g4xx_hal_fdcan.o(.text.HAL_FDCAN_GetRxMessage)
    [Anonymous Symbol]                       0x08001534   Section        0  stm32g4xx_hal_fdcan.o(.text.HAL_FDCAN_HighPriorityMessageCallback)
    [Anonymous Symbol]                       0x0800153c   Section        0  stm32g4xx_hal_fdcan.o(.text.HAL_FDCAN_IRQHandler)
    [Anonymous Symbol]                       0x080017f4   Section        0  stm32g4xx_hal_fdcan.o(.text.HAL_FDCAN_Init)
    [Anonymous Symbol]                       0x08001ac0   Section        0  fdcan.o(.text.HAL_FDCAN_MspInit)
    [Anonymous Symbol]                       0x08001d18   Section        0  fdcan_bsp.o(.text.HAL_FDCAN_RxFifo0Callback)
    [Anonymous Symbol]                       0x08001d38   Section        0  fdcan_bsp.o(.text.HAL_FDCAN_RxFifo1Callback)
    [Anonymous Symbol]                       0x08001d5c   Section        0  stm32g4xx_hal_fdcan.o(.text.HAL_FDCAN_Start)
    [Anonymous Symbol]                       0x08001da8   Section        0  stm32g4xx_hal_fdcan.o(.text.HAL_FDCAN_TimeoutOccurredCallback)
    [Anonymous Symbol]                       0x08001db0   Section        0  stm32g4xx_hal_fdcan.o(.text.HAL_FDCAN_TimestampWraparoundCallback)
    [Anonymous Symbol]                       0x08001db8   Section        0  stm32g4xx_hal_fdcan.o(.text.HAL_FDCAN_TxBufferAbortCallback)
    [Anonymous Symbol]                       0x08001dc4   Section        0  stm32g4xx_hal_fdcan.o(.text.HAL_FDCAN_TxBufferCompleteCallback)
    [Anonymous Symbol]                       0x08001dd0   Section        0  stm32g4xx_hal_fdcan.o(.text.HAL_FDCAN_TxEventFifoCallback)
    [Anonymous Symbol]                       0x08001ddc   Section        0  stm32g4xx_hal_fdcan.o(.text.HAL_FDCAN_TxFifoEmptyCallback)
    [Anonymous Symbol]                       0x08001de4   Section        0  stm32g4xx_hal_gpio.o(.text.HAL_GPIO_Init)
    [Anonymous Symbol]                       0x0800214c   Section        0  stm32g4xx_hal.o(.text.HAL_GetTick)
    [Anonymous Symbol]                       0x08002158   Section        0  stm32g4xx_hal.o(.text.HAL_IncTick)
    [Anonymous Symbol]                       0x08002174   Section        0  stm32g4xx_hal.o(.text.HAL_Init)
    [Anonymous Symbol]                       0x080021a4   Section        0  stm32g4xx_hal.o(.text.HAL_InitTick)
    [Anonymous Symbol]                       0x0800222c   Section        0  stm32g4xx_hal_msp.o(.text.HAL_MspInit)
    [Anonymous Symbol]                       0x08002274   Section        0  stm32g4xx_hal_cortex.o(.text.HAL_NVIC_EnableIRQ)
    [Anonymous Symbol]                       0x08002288   Section        0  stm32g4xx_hal_cortex.o(.text.HAL_NVIC_SetPriority)
    [Anonymous Symbol]                       0x080022b8   Section        0  stm32g4xx_hal_cortex.o(.text.HAL_NVIC_SetPriorityGrouping)
    [Anonymous Symbol]                       0x080022c8   Section        0  stm32g4xx_hal_pwr_ex.o(.text.HAL_PWREx_ControlVoltageScaling)
    [Anonymous Symbol]                       0x0800247c   Section        0  stm32g4xx_hal_pwr_ex.o(.text.HAL_PWREx_DisableUCPDDeadBattery)
    [Anonymous Symbol]                       0x08002490   Section        0  stm32g4xx_hal_rcc_ex.o(.text.HAL_RCCEx_PeriphCLKConfig)
    [Anonymous Symbol]                       0x080029b4   Section        0  stm32g4xx_hal_rcc.o(.text.HAL_RCC_ClockConfig)
    [Anonymous Symbol]                       0x08002cdc   Section        0  stm32g4xx_hal_rcc.o(.text.HAL_RCC_GetHCLKFreq)
    [Anonymous Symbol]                       0x08002ce8   Section        0  stm32g4xx_hal_rcc.o(.text.HAL_RCC_GetPCLK1Freq)
    [Anonymous Symbol]                       0x08002d10   Section        0  stm32g4xx_hal_rcc.o(.text.HAL_RCC_GetPCLK2Freq)
    [Anonymous Symbol]                       0x08002d38   Section        0  stm32g4xx_hal_rcc.o(.text.HAL_RCC_GetSysClockFreq)
    [Anonymous Symbol]                       0x08002e34   Section        0  stm32g4xx_hal_rcc.o(.text.HAL_RCC_OscConfig)
    [Anonymous Symbol]                       0x080035ec   Section        0  stm32g4xx_hal_cortex.o(.text.HAL_SYSTICK_Config)
    [Anonymous Symbol]                       0x080035fc   Section        0  stm32g4xx_hal_uart_ex.o(.text.HAL_UARTEx_DisableFifoMode)
    [Anonymous Symbol]                       0x08003678   Section        0  stm32g4xx_hal_uart.o(.text.HAL_UARTEx_RxEventCallback)
    [Anonymous Symbol]                       0x08003684   Section        0  stm32g4xx_hal_uart_ex.o(.text.HAL_UARTEx_RxFifoFullCallback)
    [Anonymous Symbol]                       0x0800368c   Section        0  stm32g4xx_hal_uart_ex.o(.text.HAL_UARTEx_SetRxFifoThreshold)
    [Anonymous Symbol]                       0x08003718   Section        0  stm32g4xx_hal_uart_ex.o(.text.HAL_UARTEx_SetTxFifoThreshold)
    [Anonymous Symbol]                       0x080037a4   Section        0  stm32g4xx_hal_uart_ex.o(.text.HAL_UARTEx_TxFifoEmptyCallback)
    [Anonymous Symbol]                       0x080037ac   Section        0  stm32g4xx_hal_uart_ex.o(.text.HAL_UARTEx_WakeupCallback)
    [Anonymous Symbol]                       0x080037b4   Section        0  stm32g4xx_hal_uart.o(.text.HAL_UART_ErrorCallback)
    [Anonymous Symbol]                       0x080037bc   Section        0  stm32g4xx_hal_uart.o(.text.HAL_UART_IRQHandler)
    [Anonymous Symbol]                       0x08003d54   Section        0  stm32g4xx_hal_uart.o(.text.HAL_UART_Init)
    [Anonymous Symbol]                       0x08003e00   Section        0  usart.o(.text.HAL_UART_MspInit)
    [Anonymous Symbol]                       0x08003f08   Section        0  stm32g4xx_hal_uart.o(.text.HAL_UART_Transmit)
    [Anonymous Symbol]                       0x08004040   Section        0  stm32g4xx_hal_uart.o(.text.HAL_UART_TxCpltCallback)
    [Anonymous Symbol]                       0x08004048   Section        0  stm32g4xx_it.o(.text.HardFault_Handler)
    [Anonymous Symbol]                       0x0800404c   Section        0  dma.o(.text.MX_DMA_Init)
    [Anonymous Symbol]                       0x080040a4   Section        0  fdcan.o(.text.MX_FDCAN1_Init)
    [Anonymous Symbol]                       0x08004108   Section        0  fdcan.o(.text.MX_FDCAN2_Init)
    [Anonymous Symbol]                       0x0800416c   Section        0  fdcan.o(.text.MX_FDCAN3_Init)
    [Anonymous Symbol]                       0x080041d0   Section        0  gpio.o(.text.MX_GPIO_Init)
    [Anonymous Symbol]                       0x08004250   Section        0  usart.o(.text.MX_USART1_UART_Init)
    [Anonymous Symbol]                       0x080042e0   Section        0  stm32g4xx_it.o(.text.MemManage_Handler)
    [Anonymous Symbol]                       0x080042e4   Section        0  stm32g4xx_it.o(.text.NMI_Handler)
    NVIC_EncodePriority                      0x080042e9   Thumb Code   108  stm32g4xx_hal_cortex.o(.text.NVIC_EncodePriority)
    [Anonymous Symbol]                       0x080042e8   Section        0  stm32g4xx_hal_cortex.o(.text.NVIC_EncodePriority)
    [Anonymous Symbol]                       0x08004354   Section        0  stm32g4xx_it.o(.text.PendSV_Handler)
    [Anonymous Symbol]                       0x08004358   Section        0  pid.o(.text.Pid_incremental_cal)
    RCC_GetSysClockFreqFromPLLSource         0x08004461   Thumb Code   156  stm32g4xx_hal_rcc.o(.text.RCC_GetSysClockFreqFromPLLSource)
    [Anonymous Symbol]                       0x08004460   Section        0  stm32g4xx_hal_rcc.o(.text.RCC_GetSysClockFreqFromPLLSource)
    [Anonymous Symbol]                       0x080044fc   Section        0  stm32g4xx_it.o(.text.SVC_Handler)
    SysTick_Config                           0x08004501   Thumb Code    82  stm32g4xx_hal_cortex.o(.text.SysTick_Config)
    [Anonymous Symbol]                       0x08004500   Section        0  stm32g4xx_hal_cortex.o(.text.SysTick_Config)
    [Anonymous Symbol]                       0x08004554   Section        0  stm32g4xx_it.o(.text.SysTick_Handler)
    [Anonymous Symbol]                       0x0800455c   Section        0  main.o(.text.SystemClock_Config)
    [Anonymous Symbol]                       0x080045d0   Section        0  system_stm32g4xx.o(.text.SystemInit)
    UARTEx_SetNbDataToProcess                0x080045e5   Thumb Code   134  stm32g4xx_hal_uart_ex.o(.text.UARTEx_SetNbDataToProcess)
    [Anonymous Symbol]                       0x080045e4   Section        0  stm32g4xx_hal_uart_ex.o(.text.UARTEx_SetNbDataToProcess)
    [Anonymous Symbol]                       0x0800466c   Section        0  stm32g4xx_hal_uart.o(.text.UART_AdvFeatureConfig)
    [Anonymous Symbol]                       0x080047b4   Section        0  stm32g4xx_hal_uart.o(.text.UART_CheckIdleState)
    UART_DMAAbortOnError                     0x080048fd   Thumb Code    30  stm32g4xx_hal_uart.o(.text.UART_DMAAbortOnError)
    [Anonymous Symbol]                       0x080048fc   Section        0  stm32g4xx_hal_uart.o(.text.UART_DMAAbortOnError)
    UART_EndRxTransfer                       0x0800491d   Thumb Code   158  stm32g4xx_hal_uart.o(.text.UART_EndRxTransfer)
    [Anonymous Symbol]                       0x0800491c   Section        0  stm32g4xx_hal_uart.o(.text.UART_EndRxTransfer)
    UART_EndTransmit_IT                      0x080049bd   Thumb Code    68  stm32g4xx_hal_uart.o(.text.UART_EndTransmit_IT)
    [Anonymous Symbol]                       0x080049bc   Section        0  stm32g4xx_hal_uart.o(.text.UART_EndTransmit_IT)
    [Anonymous Symbol]                       0x08004a00   Section        0  stm32g4xx_hal_uart.o(.text.UART_SetConfig)
    [Anonymous Symbol]                       0x08004fe4   Section        0  stm32g4xx_hal_uart.o(.text.UART_WaitOnFlagUntilTimeout)
    [Anonymous Symbol]                       0x080050f0   Section        0  stm32g4xx_it.o(.text.USART1_IRQHandler)
    [Anonymous Symbol]                       0x08005100   Section        0  stm32g4xx_it.o(.text.UsageFault_Handler)
    __NVIC_EnableIRQ                         0x08005105   Thumb Code    48  stm32g4xx_hal_cortex.o(.text.__NVIC_EnableIRQ)
    [Anonymous Symbol]                       0x08005104   Section        0  stm32g4xx_hal_cortex.o(.text.__NVIC_EnableIRQ)
    __NVIC_GetPriorityGrouping               0x08005135   Thumb Code    16  stm32g4xx_hal_cortex.o(.text.__NVIC_GetPriorityGrouping)
    [Anonymous Symbol]                       0x08005134   Section        0  stm32g4xx_hal_cortex.o(.text.__NVIC_GetPriorityGrouping)
    __NVIC_SetPriority                       0x08005145   Thumb Code    66  stm32g4xx_hal_cortex.o(.text.__NVIC_SetPriority)
    [Anonymous Symbol]                       0x08005144   Section        0  stm32g4xx_hal_cortex.o(.text.__NVIC_SetPriority)
    __NVIC_SetPriorityGrouping               0x08005189   Thumb Code    60  stm32g4xx_hal_cortex.o(.text.__NVIC_SetPriorityGrouping)
    [Anonymous Symbol]                       0x08005188   Section        0  stm32g4xx_hal_cortex.o(.text.__NVIC_SetPriorityGrouping)
    cybergear_can_send_raw                   0x080051c5   Thumb Code   128  cybergear_motor.o(.text.cybergear_can_send_raw)
    [Anonymous Symbol]                       0x080051c4   Section        0  cybergear_motor.o(.text.cybergear_can_send_raw)
    cybergear_lock_init                      0x08005245   Thumb Code     2  cybergear_motor.o(.text.cybergear_lock_init)
    [Anonymous Symbol]                       0x08005244   Section        0  cybergear_motor.o(.text.cybergear_lock_init)
    cybergear_lock_tx                        0x08005249   Thumb Code     4  cybergear_motor.o(.text.cybergear_lock_tx)
    [Anonymous Symbol]                       0x08005248   Section        0  cybergear_motor.o(.text.cybergear_lock_tx)
    [Anonymous Symbol]                       0x0800524c   Section        0  cybergear_motor.o(.text.cybergear_message_handler)
    cybergear_motor_configure                0x080053b9   Thumb Code   116  cybergear_motor.o(.text.cybergear_motor_configure)
    [Anonymous Symbol]                       0x080053b8   Section        0  cybergear_motor.o(.text.cybergear_motor_configure)
    [Anonymous Symbol]                       0x0800542c   Section        0  cybergear_motor.o(.text.cybergear_motor_enable)
    [Anonymous Symbol]                       0x0800543c   Section        0  cybergear_motor.o(.text.cybergear_motor_get_instance)
    [Anonymous Symbol]                       0x08005470   Section        0  cybergear_motor.o(.text.cybergear_motor_set_mode)
    [Anonymous Symbol]                       0x080054ac   Section        0  cybergear_motor.o(.text.cybergear_motor_stop)
    [Anonymous Symbol]                       0x080054d0   Section        0  cybergear_motor.o(.text.cybergear_motors_init)
    cybergear_unlock_tx                      0x080054e9   Thumb Code     2  cybergear_motor.o(.text.cybergear_unlock_tx)
    [Anonymous Symbol]                       0x080054e8   Section        0  cybergear_motor.o(.text.cybergear_unlock_tx)
    cybergear_write_u8_parameter             0x080054ed   Thumb Code    58  cybergear_motor.o(.text.cybergear_write_u8_parameter)
    [Anonymous Symbol]                       0x080054ec   Section        0  cybergear_motor.o(.text.cybergear_write_u8_parameter)
    dji_critical_section_enter               0x08005529   Thumb Code    14  dji_motor.o(.text.dji_critical_section_enter)
    [Anonymous Symbol]                       0x08005528   Section        0  dji_motor.o(.text.dji_critical_section_enter)
    dji_critical_section_exit                0x08005539   Thumb Code     4  dji_motor.o(.text.dji_critical_section_exit)
    [Anonymous Symbol]                       0x08005538   Section        0  dji_motor.o(.text.dji_critical_section_exit)
    [Anonymous Symbol]                       0x0800553c   Section        0  dji_motor.o(.text.dji_degree2encoder)
    dji_motor_configure                      0x08005565   Thumb Code   208  dji_motor.o(.text.dji_motor_configure)
    [Anonymous Symbol]                       0x08005564   Section        0  dji_motor.o(.text.dji_motor_configure)
    [Anonymous Symbol]                       0x08005634   Section        0  dji_motor.o(.text.dji_motor_get_instance)
    [Anonymous Symbol]                       0x08005668   Section        0  dji_motor.o(.text.dji_motor_message_handler)
    dji_motor_send_commands                  0x08005711   Thumb Code   472  dji_motor.o(.text.dji_motor_send_commands)
    [Anonymous Symbol]                       0x08005710   Section        0  dji_motor.o(.text.dji_motor_send_commands)
    [Anonymous Symbol]                       0x080058e8   Section        0  dji_motor.o(.text.dji_motor_set_location)
    [Anonymous Symbol]                       0x08005914   Section        0  dji_motor.o(.text.dji_motors_init)
    [Anonymous Symbol]                       0x08005a1c   Section        0  fdcan_bsp.o(.text.fdcan_bsp_init)
    [Anonymous Symbol]                       0x08005a64   Section        0  fdcan_bsp.o(.text.fdcan_bsp_register)
    [Anonymous Symbol]                       0x08005b7c   Section        0  fdcan_bsp.o(.text.fdcan_bsp_start)
    fdcan_dispatch_router                    0x08005d41   Thumb Code   272  fdcan_bsp.o(.text.fdcan_dispatch_router)
    [Anonymous Symbol]                       0x08005d40   Section        0  fdcan_bsp.o(.text.fdcan_dispatch_router)
    [Anonymous Symbol]                       0x08005e50   Section        0  usart.o(.text.fputc)
    get_motor_measure                        0x08005e75   Thumb Code    66  dji_motor.o(.text.get_motor_measure)
    [Anonymous Symbol]                       0x08005e74   Section        0  dji_motor.o(.text.get_motor_measure)
    get_total_angle                          0x08005eb9   Thumb Code    72  dji_motor.o(.text.get_total_angle)
    [Anonymous Symbol]                       0x08005eb8   Section        0  dji_motor.o(.text.get_total_angle)
    [Anonymous Symbol]                       0x08005f00   Section        0  main.o(.text.main)
    motor_enable                             0x08006085   Thumb Code    34  cybergear_motor.o(.text.motor_enable)
    [Anonymous Symbol]                       0x08006084   Section        0  cybergear_motor.o(.text.motor_enable)
    uint16_to_float                          0x080060a9   Thumb Code    86  cybergear_motor.o(.text.uint16_to_float)
    [Anonymous Symbol]                       0x080060a8   Section        0  cybergear_motor.o(.text.uint16_to_float)
    i.__0printf                              0x08006100   Section        0  printfa.o(i.__0printf)
    i.__scatterload_copy                     0x08006120   Section       14  handlers.o(i.__scatterload_copy)
    i.__scatterload_null                     0x0800612e   Section        2  handlers.o(i.__scatterload_null)
    i.__scatterload_zeroinit                 0x08006130   Section       14  handlers.o(i.__scatterload_zeroinit)
    _fp_digits                               0x08006141   Thumb Code   366  printfa.o(i._fp_digits)
    i._fp_digits                             0x08006140   Section        0  printfa.o(i._fp_digits)
    _printf_core                             0x080062c5   Thumb Code  1744  printfa.o(i._printf_core)
    i._printf_core                           0x080062c4   Section        0  printfa.o(i._printf_core)
    _printf_post_padding                     0x080069a1   Thumb Code    36  printfa.o(i._printf_post_padding)
    i._printf_post_padding                   0x080069a0   Section        0  printfa.o(i._printf_post_padding)
    _printf_pre_padding                      0x080069c5   Thumb Code    46  printfa.o(i._printf_pre_padding)
    i._printf_pre_padding                    0x080069c4   Section        0  printfa.o(i._printf_pre_padding)
    DLCtoBytes                               0x08006a0a   Data          16  stm32g4xx_hal_fdcan.o(.rodata.DLCtoBytes)
    [Anonymous Symbol]                       0x08006a0a   Section        0  stm32g4xx_hal_fdcan.o(.rodata.DLCtoBytes)
    UARTEx_SetNbDataToProcess.denominator    0x08006a1a   Data           8  stm32g4xx_hal_uart_ex.o(.rodata.UARTEx_SetNbDataToProcess.denominator)
    [Anonymous Symbol]                       0x08006a1a   Section        0  stm32g4xx_hal_uart_ex.o(.rodata.UARTEx_SetNbDataToProcess.denominator)
    UARTEx_SetNbDataToProcess.numerator      0x08006a22   Data           8  stm32g4xx_hal_uart_ex.o(.rodata.UARTEx_SetNbDataToProcess.numerator)
    [Anonymous Symbol]                       0x08006a22   Section        0  stm32g4xx_hal_uart_ex.o(.rodata.UARTEx_SetNbDataToProcess.numerator)
    .L.str.3                                 0x08006a42   Data          36  main.o(.rodata.str1.1)
    [Anonymous Symbol]                       0x08006a42   Section        0  main.o(.rodata.str1.1)
    .L.str.2                                 0x08006a66   Data          21  main.o(.rodata.str1.1)
    .L.str                                   0x08006a7b   Data          20  main.o(.rodata.str1.1)
    .L.str.1                                 0x08006a8f   Data          28  main.o(.rodata.str1.1)
    .data                                    0x20000000   Section        4  stdout.o(.data)
    dji_motor_control_enabled                0x20000008   Data           1  dji_motor.o(.data.dji_motor_control_enabled)
    [Anonymous Symbol]                       0x20000008   Section        0  dji_motor.o(.data.dji_motor_control_enabled)
    HAL_RCC_FDCAN_CLK_ENABLED                0x20000018   Data           4  fdcan.o(.bss.HAL_RCC_FDCAN_CLK_ENABLED)
    [Anonymous Symbol]                       0x20000018   Section        0  fdcan.o(.bss.HAL_RCC_FDCAN_CLK_ENABLED)
    cybergear_motors                         0x2000001c   Data          36  cybergear_motor.o(.bss.cybergear_motors)
    [Anonymous Symbol]                       0x2000001c   Section        0  cybergear_motor.o(.bss.cybergear_motors)
    dji_motors                               0x20000040   Data         928  dji_motor.o(.bss.dji_motors)
    [Anonymous Symbol]                       0x20000040   Section        0  dji_motor.o(.bss.dji_motors)
    ext_dispatch_count                       0x200003e0   Data           1  fdcan_bsp.o(.bss.ext_dispatch_count)
    [Anonymous Symbol]                       0x200003e0   Section        0  fdcan_bsp.o(.bss.ext_dispatch_count)
    ext_dispatch_table                       0x200003e4   Data         320  fdcan_bsp.o(.bss.ext_dispatch_table)
    [Anonymous Symbol]                       0x200003e4   Section        0  fdcan_bsp.o(.bss.ext_dispatch_table)
    hash_table                               0x20000524   Data        4096  fdcan_bsp.o(.bss.hash_table)
    [Anonymous Symbol]                       0x20000524   Section        0  fdcan_bsp.o(.bss.hash_table)
    main.dji_motor                           0x20001744   Data           4  main.o(.bss.main.dji_motor)
    [Anonymous Symbol]                       0x20001744   Section        0  main.o(.bss.main.dji_motor)
    main.mi_motor                            0x20001748   Data           4  main.o(.bss.main.mi_motor)
    [Anonymous Symbol]                       0x20001748   Section        0  main.o(.bss.main.mi_motor)
    std_dispatch_count                       0x2000174c   Data           1  fdcan_bsp.o(.bss.std_dispatch_count)
    [Anonymous Symbol]                       0x2000174c   Section        0  fdcan_bsp.o(.bss.std_dispatch_count)
    std_dispatch_table                       0x20001750   Data         640  fdcan_bsp.o(.bss.std_dispatch_table)
    [Anonymous Symbol]                       0x20001750   Section        0  fdcan_bsp.o(.bss.std_dispatch_table)
    STACK                                    0x200019d8   Section     1024  startup_stm32g474xx.o(STACK)

    Global Symbols

    Symbol Name                              Value     Ov Type        Size  Object(Section)

    BuildAttributes$$THM_ISAv4$E$P$D$K$B$S$7EM$VFPi3$EXTD16$VFPS$VFMA$PE$A:L22UL41UL21$X:L11$S22US41US21$IEEE1$IW$~IW$USESV6$~STKCKD$USESV7$~SHL$OTIME$ROPI$EBA8$MICROLIB$REQ8$PRES8$EABIv2 0x00000000   Number         0  anon$$obj.o ABSOLUTE
    __cpp_initialize__aeabi_                  - Undefined Weak Reference
    __cxa_finalize                            - Undefined Weak Reference
    __decompress                              - Undefined Weak Reference
    _clock_init                               - Undefined Weak Reference
    _microlib_exit                            - Undefined Weak Reference
    __Vectors_Size                           0x000001d8   Number         0  startup_stm32g474xx.o ABSOLUTE
    __Vectors                                0x08000000   Data           4  startup_stm32g474xx.o(RESET)
    __Vectors_End                            0x080001d8   Data           0  startup_stm32g474xx.o(RESET)
    __main                                   0x080001d9   Thumb Code     0  entry.o(.ARM.Collect$$$$00000000)
    _main_stk                                0x080001d9   Thumb Code     0  entry2.o(.ARM.Collect$$$$00000001)
    _main_scatterload                        0x080001dd   Thumb Code     0  entry5.o(.ARM.Collect$$$$00000004)
    __main_after_scatterload                 0x080001e1   Thumb Code     0  entry5.o(.ARM.Collect$$$$00000004)
    _main_clock                              0x080001e1   Thumb Code     0  entry7b.o(.ARM.Collect$$$$00000008)
    _main_cpp_init                           0x080001e1   Thumb Code     0  entry8b.o(.ARM.Collect$$$$0000000A)
    _main_init                               0x080001e1   Thumb Code     0  entry9a.o(.ARM.Collect$$$$0000000B)
    __rt_final_cpp                           0x080001e9   Thumb Code     0  entry10a.o(.ARM.Collect$$$$0000000D)
    __rt_final_exit                          0x080001e9   Thumb Code     0  entry11a.o(.ARM.Collect$$$$0000000F)
    Reset_Handler                            0x080001ed   Thumb Code     8  startup_stm32g474xx.o(.text)
    ADC1_2_IRQHandler                        0x08000207   Thumb Code     0  startup_stm32g474xx.o(.text)
    ADC3_IRQHandler                          0x08000207   Thumb Code     0  startup_stm32g474xx.o(.text)
    ADC4_IRQHandler                          0x08000207   Thumb Code     0  startup_stm32g474xx.o(.text)
    ADC5_IRQHandler                          0x08000207   Thumb Code     0  startup_stm32g474xx.o(.text)
    COMP1_2_3_IRQHandler                     0x08000207   Thumb Code     0  startup_stm32g474xx.o(.text)
    COMP4_5_6_IRQHandler                     0x08000207   Thumb Code     0  startup_stm32g474xx.o(.text)
    COMP7_IRQHandler                         0x08000207   Thumb Code     0  startup_stm32g474xx.o(.text)
    CORDIC_IRQHandler                        0x08000207   Thumb Code     0  startup_stm32g474xx.o(.text)
    CRS_IRQHandler                           0x08000207   Thumb Code     0  startup_stm32g474xx.o(.text)
    DMA1_Channel2_IRQHandler                 0x08000207   Thumb Code     0  startup_stm32g474xx.o(.text)
    DMA1_Channel3_IRQHandler                 0x08000207   Thumb Code     0  startup_stm32g474xx.o(.text)
    DMA1_Channel4_IRQHandler                 0x08000207   Thumb Code     0  startup_stm32g474xx.o(.text)
    DMA1_Channel5_IRQHandler                 0x08000207   Thumb Code     0  startup_stm32g474xx.o(.text)
    DMA1_Channel6_IRQHandler                 0x08000207   Thumb Code     0  startup_stm32g474xx.o(.text)
    DMA1_Channel7_IRQHandler                 0x08000207   Thumb Code     0  startup_stm32g474xx.o(.text)
    DMA1_Channel8_IRQHandler                 0x08000207   Thumb Code     0  startup_stm32g474xx.o(.text)
    DMA2_Channel1_IRQHandler                 0x08000207   Thumb Code     0  startup_stm32g474xx.o(.text)
    DMA2_Channel2_IRQHandler                 0x08000207   Thumb Code     0  startup_stm32g474xx.o(.text)
    DMA2_Channel3_IRQHandler                 0x08000207   Thumb Code     0  startup_stm32g474xx.o(.text)
    DMA2_Channel4_IRQHandler                 0x08000207   Thumb Code     0  startup_stm32g474xx.o(.text)
    DMA2_Channel5_IRQHandler                 0x08000207   Thumb Code     0  startup_stm32g474xx.o(.text)
    DMA2_Channel6_IRQHandler                 0x08000207   Thumb Code     0  startup_stm32g474xx.o(.text)
    DMA2_Channel7_IRQHandler                 0x08000207   Thumb Code     0  startup_stm32g474xx.o(.text)
    DMA2_Channel8_IRQHandler                 0x08000207   Thumb Code     0  startup_stm32g474xx.o(.text)
    DMAMUX_OVR_IRQHandler                    0x08000207   Thumb Code     0  startup_stm32g474xx.o(.text)
    EXTI0_IRQHandler                         0x08000207   Thumb Code     0  startup_stm32g474xx.o(.text)
    EXTI15_10_IRQHandler                     0x08000207   Thumb Code     0  startup_stm32g474xx.o(.text)
    EXTI1_IRQHandler                         0x08000207   Thumb Code     0  startup_stm32g474xx.o(.text)
    EXTI2_IRQHandler                         0x08000207   Thumb Code     0  startup_stm32g474xx.o(.text)
    EXTI3_IRQHandler                         0x08000207   Thumb Code     0  startup_stm32g474xx.o(.text)
    EXTI4_IRQHandler                         0x08000207   Thumb Code     0  startup_stm32g474xx.o(.text)
    EXTI9_5_IRQHandler                       0x08000207   Thumb Code     0  startup_stm32g474xx.o(.text)
    FDCAN3_IT0_IRQHandler                    0x08000207   Thumb Code     0  startup_stm32g474xx.o(.text)
    FDCAN3_IT1_IRQHandler                    0x08000207   Thumb Code     0  startup_stm32g474xx.o(.text)
    FLASH_IRQHandler                         0x08000207   Thumb Code     0  startup_stm32g474xx.o(.text)
    FMAC_IRQHandler                          0x08000207   Thumb Code     0  startup_stm32g474xx.o(.text)
    FMC_IRQHandler                           0x08000207   Thumb Code     0  startup_stm32g474xx.o(.text)
    FPU_IRQHandler                           0x08000207   Thumb Code     0  startup_stm32g474xx.o(.text)
    HRTIM1_FLT_IRQHandler                    0x08000207   Thumb Code     0  startup_stm32g474xx.o(.text)
    HRTIM1_Master_IRQHandler                 0x08000207   Thumb Code     0  startup_stm32g474xx.o(.text)
    HRTIM1_TIMA_IRQHandler                   0x08000207   Thumb Code     0  startup_stm32g474xx.o(.text)
    HRTIM1_TIMB_IRQHandler                   0x08000207   Thumb Code     0  startup_stm32g474xx.o(.text)
    HRTIM1_TIMC_IRQHandler                   0x08000207   Thumb Code     0  startup_stm32g474xx.o(.text)
    HRTIM1_TIMD_IRQHandler                   0x08000207   Thumb Code     0  startup_stm32g474xx.o(.text)
    HRTIM1_TIME_IRQHandler                   0x08000207   Thumb Code     0  startup_stm32g474xx.o(.text)
    HRTIM1_TIMF_IRQHandler                   0x08000207   Thumb Code     0  startup_stm32g474xx.o(.text)
    I2C1_ER_IRQHandler                       0x08000207   Thumb Code     0  startup_stm32g474xx.o(.text)
    I2C1_EV_IRQHandler                       0x08000207   Thumb Code     0  startup_stm32g474xx.o(.text)
    I2C2_ER_IRQHandler                       0x08000207   Thumb Code     0  startup_stm32g474xx.o(.text)
    I2C2_EV_IRQHandler                       0x08000207   Thumb Code     0  startup_stm32g474xx.o(.text)
    I2C3_ER_IRQHandler                       0x08000207   Thumb Code     0  startup_stm32g474xx.o(.text)
    I2C3_EV_IRQHandler                       0x08000207   Thumb Code     0  startup_stm32g474xx.o(.text)
    I2C4_ER_IRQHandler                       0x08000207   Thumb Code     0  startup_stm32g474xx.o(.text)
    I2C4_EV_IRQHandler                       0x08000207   Thumb Code     0  startup_stm32g474xx.o(.text)
    LPTIM1_IRQHandler                        0x08000207   Thumb Code     0  startup_stm32g474xx.o(.text)
    LPUART1_IRQHandler                       0x08000207   Thumb Code     0  startup_stm32g474xx.o(.text)
    PVD_PVM_IRQHandler                       0x08000207   Thumb Code     0  startup_stm32g474xx.o(.text)
    QUADSPI_IRQHandler                       0x08000207   Thumb Code     0  startup_stm32g474xx.o(.text)
    RCC_IRQHandler                           0x08000207   Thumb Code     0  startup_stm32g474xx.o(.text)
    RNG_IRQHandler                           0x08000207   Thumb Code     0  startup_stm32g474xx.o(.text)
    RTC_Alarm_IRQHandler                     0x08000207   Thumb Code     0  startup_stm32g474xx.o(.text)
    RTC_TAMP_LSECSS_IRQHandler               0x08000207   Thumb Code     0  startup_stm32g474xx.o(.text)
    RTC_WKUP_IRQHandler                      0x08000207   Thumb Code     0  startup_stm32g474xx.o(.text)
    SAI1_IRQHandler                          0x08000207   Thumb Code     0  startup_stm32g474xx.o(.text)
    SPI1_IRQHandler                          0x08000207   Thumb Code     0  startup_stm32g474xx.o(.text)
    SPI2_IRQHandler                          0x08000207   Thumb Code     0  startup_stm32g474xx.o(.text)
    SPI3_IRQHandler                          0x08000207   Thumb Code     0  startup_stm32g474xx.o(.text)
    SPI4_IRQHandler                          0x08000207   Thumb Code     0  startup_stm32g474xx.o(.text)
    TIM1_BRK_TIM15_IRQHandler                0x08000207   Thumb Code     0  startup_stm32g474xx.o(.text)
    TIM1_CC_IRQHandler                       0x08000207   Thumb Code     0  startup_stm32g474xx.o(.text)
    TIM1_TRG_COM_TIM17_IRQHandler            0x08000207   Thumb Code     0  startup_stm32g474xx.o(.text)
    TIM1_UP_TIM16_IRQHandler                 0x08000207   Thumb Code     0  startup_stm32g474xx.o(.text)
    TIM20_BRK_IRQHandler                     0x08000207   Thumb Code     0  startup_stm32g474xx.o(.text)
    TIM20_CC_IRQHandler                      0x08000207   Thumb Code     0  startup_stm32g474xx.o(.text)
    TIM20_TRG_COM_IRQHandler                 0x08000207   Thumb Code     0  startup_stm32g474xx.o(.text)
    TIM20_UP_IRQHandler                      0x08000207   Thumb Code     0  startup_stm32g474xx.o(.text)
    TIM2_IRQHandler                          0x08000207   Thumb Code     0  startup_stm32g474xx.o(.text)
    TIM3_IRQHandler                          0x08000207   Thumb Code     0  startup_stm32g474xx.o(.text)
    TIM4_IRQHandler                          0x08000207   Thumb Code     0  startup_stm32g474xx.o(.text)
    TIM5_IRQHandler                          0x08000207   Thumb Code     0  startup_stm32g474xx.o(.text)
    TIM6_DAC_IRQHandler                      0x08000207   Thumb Code     0  startup_stm32g474xx.o(.text)
    TIM7_DAC_IRQHandler                      0x08000207   Thumb Code     0  startup_stm32g474xx.o(.text)
    TIM8_BRK_IRQHandler                      0x08000207   Thumb Code     0  startup_stm32g474xx.o(.text)
    TIM8_CC_IRQHandler                       0x08000207   Thumb Code     0  startup_stm32g474xx.o(.text)
    TIM8_TRG_COM_IRQHandler                  0x08000207   Thumb Code     0  startup_stm32g474xx.o(.text)
    TIM8_UP_IRQHandler                       0x08000207   Thumb Code     0  startup_stm32g474xx.o(.text)
    UART4_IRQHandler                         0x08000207   Thumb Code     0  startup_stm32g474xx.o(.text)
    UART5_IRQHandler                         0x08000207   Thumb Code     0  startup_stm32g474xx.o(.text)
    UCPD1_IRQHandler                         0x08000207   Thumb Code     0  startup_stm32g474xx.o(.text)
    USART2_IRQHandler                        0x08000207   Thumb Code     0  startup_stm32g474xx.o(.text)
    USART3_IRQHandler                        0x08000207   Thumb Code     0  startup_stm32g474xx.o(.text)
    USBWakeUp_IRQHandler                     0x08000207   Thumb Code     0  startup_stm32g474xx.o(.text)
    USB_HP_IRQHandler                        0x08000207   Thumb Code     0  startup_stm32g474xx.o(.text)
    USB_LP_IRQHandler                        0x08000207   Thumb Code     0  startup_stm32g474xx.o(.text)
    WWDG_IRQHandler                          0x08000207   Thumb Code     0  startup_stm32g474xx.o(.text)
    __aeabi_uldivmod                         0x08000211   Thumb Code    98  uldiv.o(.text)
    __aeabi_memset                           0x08000273   Thumb Code    14  memseta.o(.text)
    __aeabi_memset4                          0x08000273   Thumb Code     0  memseta.o(.text)
    __aeabi_memset8                          0x08000273   Thumb Code     0  memseta.o(.text)
    __aeabi_memclr                           0x08000281   Thumb Code     4  memseta.o(.text)
    __aeabi_memclr4                          0x08000281   Thumb Code     0  memseta.o(.text)
    __aeabi_memclr8                          0x08000281   Thumb Code     0  memseta.o(.text)
    _memset$wrapper                          0x08000285   Thumb Code    18  memseta.o(.text)
    __aeabi_dmul                             0x08000297   Thumb Code   228  dmul.o(.text)
    __aeabi_ddiv                             0x0800037b   Thumb Code   222  ddiv.o(.text)
    __aeabi_f2d                              0x08000459   Thumb Code    38  f2d.o(.text)
    __aeabi_uidiv                            0x0800047f   Thumb Code     0  uidiv.o(.text)
    __aeabi_uidivmod                         0x0800047f   Thumb Code    44  uidiv.o(.text)
    __aeabi_llsl                             0x080004ab   Thumb Code    30  llshl.o(.text)
    _ll_shift_l                              0x080004ab   Thumb Code     0  llshl.o(.text)
    __aeabi_llsr                             0x080004c9   Thumb Code    32  llushr.o(.text)
    _ll_ushift_r                             0x080004c9   Thumb Code     0  llushr.o(.text)
    __I$use$fp                               0x080004e9   Thumb Code     0  iusefp.o(.text)
    _double_round                            0x080004e9   Thumb Code    30  depilogue.o(.text)
    _double_epilogue                         0x08000507   Thumb Code   156  depilogue.o(.text)
    __aeabi_dadd                             0x080005a3   Thumb Code   322  dadd.o(.text)
    __aeabi_dsub                             0x080006e5   Thumb Code     6  dadd.o(.text)
    __aeabi_drsub                            0x080006eb   Thumb Code     6  dadd.o(.text)
    __aeabi_d2ulz                            0x080006f1   Thumb Code    48  dfixul.o(.text)
    __aeabi_cdrcmple                         0x08000721   Thumb Code    48  cdrcmple.o(.text)
    __scatterload                            0x08000751   Thumb Code    38  init.o(.text)
    __scatterload_rt2                        0x08000751   Thumb Code     0  init.o(.text)
    __aeabi_lasr                             0x08000781   Thumb Code    36  llsshr.o(.text)
    _ll_sshift_r                             0x08000781   Thumb Code     0  llsshr.o(.text)
    BusFault_Handler                         0x080007a5   Thumb Code     4  stm32g4xx_it.o(.text.BusFault_Handler)
    DMA1_Channel1_IRQHandler                 0x080007a9   Thumb Code    16  stm32g4xx_it.o(.text.DMA1_Channel1_IRQHandler)
    DebugMon_Handler                         0x08000869   Thumb Code     2  stm32g4xx_it.o(.text.DebugMon_Handler)
    Error_Handler                            0x0800086d   Thumb Code    14  main.o(.text.Error_Handler)
    FDCAN1_IT0_IRQHandler                    0x0800087d   Thumb Code    16  stm32g4xx_it.o(.text.FDCAN1_IT0_IRQHandler)
    FDCAN1_IT1_IRQHandler                    0x0800088d   Thumb Code    16  stm32g4xx_it.o(.text.FDCAN1_IT1_IRQHandler)
    FDCAN2_IT0_IRQHandler                    0x0800089d   Thumb Code    16  stm32g4xx_it.o(.text.FDCAN2_IT0_IRQHandler)
    FDCAN2_IT1_IRQHandler                    0x080008ad   Thumb Code    16  stm32g4xx_it.o(.text.FDCAN2_IT1_IRQHandler)
    HAL_DMA_Abort                            0x08000a4d   Thumb Code   156  stm32g4xx_hal_dma.o(.text.HAL_DMA_Abort)
    HAL_DMA_Abort_IT                         0x08000ae9   Thumb Code   194  stm32g4xx_hal_dma.o(.text.HAL_DMA_Abort_IT)
    HAL_DMA_IRQHandler                       0x08000bad   Thumb Code   342  stm32g4xx_hal_dma.o(.text.HAL_DMA_IRQHandler)
    HAL_DMA_Init                             0x08000d05   Thumb Code   342  stm32g4xx_hal_dma.o(.text.HAL_DMA_Init)
    HAL_Delay                                0x08000e5d   Thumb Code    66  stm32g4xx_hal.o(.text.HAL_Delay)
    HAL_FDCAN_ActivateNotification           0x08000ea1   Thumb Code   522  stm32g4xx_hal_fdcan.o(.text.HAL_FDCAN_ActivateNotification)
    HAL_FDCAN_AddMessageToTxFifoQ            0x080010ad   Thumb Code   154  stm32g4xx_hal_fdcan.o(.text.HAL_FDCAN_AddMessageToTxFifoQ)
    HAL_FDCAN_ConfigFilter                   0x08001149   Thumb Code   182  stm32g4xx_hal_fdcan.o(.text.HAL_FDCAN_ConfigFilter)
    HAL_FDCAN_ConfigGlobalFilter             0x08001201   Thumb Code   102  stm32g4xx_hal_fdcan.o(.text.HAL_FDCAN_ConfigGlobalFilter)
    HAL_FDCAN_ErrorCallback                  0x08001269   Thumb Code     8  stm32g4xx_hal_fdcan.o(.text.HAL_FDCAN_ErrorCallback)
    HAL_FDCAN_ErrorStatusCallback            0x08001271   Thumb Code   148  fdcan_bsp.o(.text.HAL_FDCAN_ErrorStatusCallback)
    HAL_FDCAN_GetRxMessage                   0x08001305   Thumb Code   560  stm32g4xx_hal_fdcan.o(.text.HAL_FDCAN_GetRxMessage)
    HAL_FDCAN_HighPriorityMessageCallback    0x08001535   Thumb Code     8  stm32g4xx_hal_fdcan.o(.text.HAL_FDCAN_HighPriorityMessageCallback)
    HAL_FDCAN_IRQHandler                     0x0800153d   Thumb Code   696  stm32g4xx_hal_fdcan.o(.text.HAL_FDCAN_IRQHandler)
    HAL_FDCAN_Init                           0x080017f5   Thumb Code   716  stm32g4xx_hal_fdcan.o(.text.HAL_FDCAN_Init)
    HAL_FDCAN_MspInit                        0x08001ac1   Thumb Code   600  fdcan.o(.text.HAL_FDCAN_MspInit)
    HAL_FDCAN_RxFifo0Callback                0x08001d19   Thumb Code    32  fdcan_bsp.o(.text.HAL_FDCAN_RxFifo0Callback)
    HAL_FDCAN_RxFifo1Callback                0x08001d39   Thumb Code    34  fdcan_bsp.o(.text.HAL_FDCAN_RxFifo1Callback)
    HAL_FDCAN_Start                          0x08001d5d   Thumb Code    74  stm32g4xx_hal_fdcan.o(.text.HAL_FDCAN_Start)
    HAL_FDCAN_TimeoutOccurredCallback        0x08001da9   Thumb Code     8  stm32g4xx_hal_fdcan.o(.text.HAL_FDCAN_TimeoutOccurredCallback)
    HAL_FDCAN_TimestampWraparoundCallback    0x08001db1   Thumb Code     8  stm32g4xx_hal_fdcan.o(.text.HAL_FDCAN_TimestampWraparoundCallback)
    HAL_FDCAN_TxBufferAbortCallback          0x08001db9   Thumb Code    10  stm32g4xx_hal_fdcan.o(.text.HAL_FDCAN_TxBufferAbortCallback)
    HAL_FDCAN_TxBufferCompleteCallback       0x08001dc5   Thumb Code    10  stm32g4xx_hal_fdcan.o(.text.HAL_FDCAN_TxBufferCompleteCallback)
    HAL_FDCAN_TxEventFifoCallback            0x08001dd1   Thumb Code    10  stm32g4xx_hal_fdcan.o(.text.HAL_FDCAN_TxEventFifoCallback)
    HAL_FDCAN_TxFifoEmptyCallback            0x08001ddd   Thumb Code     8  stm32g4xx_hal_fdcan.o(.text.HAL_FDCAN_TxFifoEmptyCallback)
    HAL_GPIO_Init                            0x08001de5   Thumb Code   872  stm32g4xx_hal_gpio.o(.text.HAL_GPIO_Init)
    HAL_GetTick                              0x0800214d   Thumb Code    12  stm32g4xx_hal.o(.text.HAL_GetTick)
    HAL_IncTick                              0x08002159   Thumb Code    26  stm32g4xx_hal.o(.text.HAL_IncTick)
    HAL_Init                                 0x08002175   Thumb Code    48  stm32g4xx_hal.o(.text.HAL_Init)
    HAL_InitTick                             0x080021a5   Thumb Code   136  stm32g4xx_hal.o(.text.HAL_InitTick)
    HAL_MspInit                              0x0800222d   Thumb Code    72  stm32g4xx_hal_msp.o(.text.HAL_MspInit)
    HAL_NVIC_EnableIRQ                       0x08002275   Thumb Code    20  stm32g4xx_hal_cortex.o(.text.HAL_NVIC_EnableIRQ)
    HAL_NVIC_SetPriority                     0x08002289   Thumb Code    46  stm32g4xx_hal_cortex.o(.text.HAL_NVIC_SetPriority)
    HAL_NVIC_SetPriorityGrouping             0x080022b9   Thumb Code    16  stm32g4xx_hal_cortex.o(.text.HAL_NVIC_SetPriorityGrouping)
    HAL_PWREx_ControlVoltageScaling          0x080022c9   Thumb Code   436  stm32g4xx_hal_pwr_ex.o(.text.HAL_PWREx_ControlVoltageScaling)
    HAL_PWREx_DisableUCPDDeadBattery         0x0800247d   Thumb Code    18  stm32g4xx_hal_pwr_ex.o(.text.HAL_PWREx_DisableUCPDDeadBattery)
    HAL_RCCEx_PeriphCLKConfig                0x08002491   Thumb Code  1316  stm32g4xx_hal_rcc_ex.o(.text.HAL_RCCEx_PeriphCLKConfig)
    HAL_RCC_ClockConfig                      0x080029b5   Thumb Code   806  stm32g4xx_hal_rcc.o(.text.HAL_RCC_ClockConfig)
    HAL_RCC_GetHCLKFreq                      0x08002cdd   Thumb Code    12  stm32g4xx_hal_rcc.o(.text.HAL_RCC_GetHCLKFreq)
    HAL_RCC_GetPCLK1Freq                     0x08002ce9   Thumb Code    38  stm32g4xx_hal_rcc.o(.text.HAL_RCC_GetPCLK1Freq)
    HAL_RCC_GetPCLK2Freq                     0x08002d11   Thumb Code    38  stm32g4xx_hal_rcc.o(.text.HAL_RCC_GetPCLK2Freq)
    HAL_RCC_GetSysClockFreq                  0x08002d39   Thumb Code   252  stm32g4xx_hal_rcc.o(.text.HAL_RCC_GetSysClockFreq)
    HAL_RCC_OscConfig                        0x08002e35   Thumb Code  1974  stm32g4xx_hal_rcc.o(.text.HAL_RCC_OscConfig)
    HAL_SYSTICK_Config                       0x080035ed   Thumb Code    16  stm32g4xx_hal_cortex.o(.text.HAL_SYSTICK_Config)
    HAL_UARTEx_DisableFifoMode               0x080035fd   Thumb Code   124  stm32g4xx_hal_uart_ex.o(.text.HAL_UARTEx_DisableFifoMode)
    HAL_UARTEx_RxEventCallback               0x08003679   Thumb Code    12  stm32g4xx_hal_uart.o(.text.HAL_UARTEx_RxEventCallback)
    HAL_UARTEx_RxFifoFullCallback            0x08003685   Thumb Code     8  stm32g4xx_hal_uart_ex.o(.text.HAL_UARTEx_RxFifoFullCallback)
    HAL_UARTEx_SetRxFifoThreshold            0x0800368d   Thumb Code   140  stm32g4xx_hal_uart_ex.o(.text.HAL_UARTEx_SetRxFifoThreshold)
    HAL_UARTEx_SetTxFifoThreshold            0x08003719   Thumb Code   140  stm32g4xx_hal_uart_ex.o(.text.HAL_UARTEx_SetTxFifoThreshold)
    HAL_UARTEx_TxFifoEmptyCallback           0x080037a5   Thumb Code     8  stm32g4xx_hal_uart_ex.o(.text.HAL_UARTEx_TxFifoEmptyCallback)
    HAL_UARTEx_WakeupCallback                0x080037ad   Thumb Code     8  stm32g4xx_hal_uart_ex.o(.text.HAL_UARTEx_WakeupCallback)
    HAL_UART_ErrorCallback                   0x080037b5   Thumb Code     8  stm32g4xx_hal_uart.o(.text.HAL_UART_ErrorCallback)
    HAL_UART_IRQHandler                      0x080037bd   Thumb Code  1430  stm32g4xx_hal_uart.o(.text.HAL_UART_IRQHandler)
    HAL_UART_Init                            0x08003d55   Thumb Code   170  stm32g4xx_hal_uart.o(.text.HAL_UART_Init)
    HAL_UART_MspInit                         0x08003e01   Thumb Code   262  usart.o(.text.HAL_UART_MspInit)
    HAL_UART_Transmit                        0x08003f09   Thumb Code   312  stm32g4xx_hal_uart.o(.text.HAL_UART_Transmit)
    HAL_UART_TxCpltCallback                  0x08004041   Thumb Code     8  stm32g4xx_hal_uart.o(.text.HAL_UART_TxCpltCallback)
    HardFault_Handler                        0x08004049   Thumb Code     4  stm32g4xx_it.o(.text.HardFault_Handler)
    MX_DMA_Init                              0x0800404d   Thumb Code    86  dma.o(.text.MX_DMA_Init)
    MX_FDCAN1_Init                           0x080040a5   Thumb Code    98  fdcan.o(.text.MX_FDCAN1_Init)
    MX_FDCAN2_Init                           0x08004109   Thumb Code    98  fdcan.o(.text.MX_FDCAN2_Init)
    MX_FDCAN3_Init                           0x0800416d   Thumb Code    98  fdcan.o(.text.MX_FDCAN3_Init)
    MX_GPIO_Init                             0x080041d1   Thumb Code   126  gpio.o(.text.MX_GPIO_Init)
    MX_USART1_UART_Init                      0x08004251   Thumb Code   142  usart.o(.text.MX_USART1_UART_Init)
    MemManage_Handler                        0x080042e1   Thumb Code     4  stm32g4xx_it.o(.text.MemManage_Handler)
    NMI_Handler                              0x080042e5   Thumb Code     4  stm32g4xx_it.o(.text.NMI_Handler)
    PendSV_Handler                           0x08004355   Thumb Code     2  stm32g4xx_it.o(.text.PendSV_Handler)
    Pid_incremental_cal                      0x08004359   Thumb Code   262  pid.o(.text.Pid_incremental_cal)
    SVC_Handler                              0x080044fd   Thumb Code     2  stm32g4xx_it.o(.text.SVC_Handler)
    SysTick_Handler                          0x08004555   Thumb Code     8  stm32g4xx_it.o(.text.SysTick_Handler)
    SystemClock_Config                       0x0800455d   Thumb Code   114  main.o(.text.SystemClock_Config)
    SystemInit                               0x080045d1   Thumb Code    18  system_stm32g4xx.o(.text.SystemInit)
    UART_AdvFeatureConfig                    0x0800466d   Thumb Code   328  stm32g4xx_hal_uart.o(.text.UART_AdvFeatureConfig)
    UART_CheckIdleState                      0x080047b5   Thumb Code   326  stm32g4xx_hal_uart.o(.text.UART_CheckIdleState)
    UART_SetConfig                           0x08004a01   Thumb Code  1506  stm32g4xx_hal_uart.o(.text.UART_SetConfig)
    UART_WaitOnFlagUntilTimeout              0x08004fe5   Thumb Code   268  stm32g4xx_hal_uart.o(.text.UART_WaitOnFlagUntilTimeout)
    USART1_IRQHandler                        0x080050f1   Thumb Code    16  stm32g4xx_it.o(.text.USART1_IRQHandler)
    UsageFault_Handler                       0x08005101   Thumb Code     4  stm32g4xx_it.o(.text.UsageFault_Handler)
    cybergear_message_handler                0x0800524d   Thumb Code   352  cybergear_motor.o(.text.cybergear_message_handler)
    cybergear_motor_enable                   0x0800542d   Thumb Code    16  cybergear_motor.o(.text.cybergear_motor_enable)
    cybergear_motor_get_instance             0x0800543d   Thumb Code    52  cybergear_motor.o(.text.cybergear_motor_get_instance)
    cybergear_motor_set_mode                 0x08005471   Thumb Code    60  cybergear_motor.o(.text.cybergear_motor_set_mode)
    cybergear_motor_stop                     0x080054ad   Thumb Code    34  cybergear_motor.o(.text.cybergear_motor_stop)
    cybergear_motors_init                    0x080054d1   Thumb Code    24  cybergear_motor.o(.text.cybergear_motors_init)
    dji_degree2encoder                       0x0800553d   Thumb Code    40  dji_motor.o(.text.dji_degree2encoder)
    dji_motor_get_instance                   0x08005635   Thumb Code    50  dji_motor.o(.text.dji_motor_get_instance)
    dji_motor_message_handler                0x08005669   Thumb Code   168  dji_motor.o(.text.dji_motor_message_handler)
    dji_motor_set_location                   0x080058e9   Thumb Code    42  dji_motor.o(.text.dji_motor_set_location)
    dji_motors_init                          0x08005915   Thumb Code   220  dji_motor.o(.text.dji_motors_init)
    fdcan_bsp_init                           0x08005a1d   Thumb Code    72  fdcan_bsp.o(.text.fdcan_bsp_init)
    fdcan_bsp_register                       0x08005a65   Thumb Code   278  fdcan_bsp.o(.text.fdcan_bsp_register)
    fdcan_bsp_start                          0x08005b7d   Thumb Code   450  fdcan_bsp.o(.text.fdcan_bsp_start)
    fputc                                    0x08005e51   Thumb Code    34  usart.o(.text.fputc)
    main                                     0x08005f01   Thumb Code   368  main.o(.text.main)
    __0printf                                0x08006101   Thumb Code    22  printfa.o(i.__0printf)
    __1printf                                0x08006101   Thumb Code     0  printfa.o(i.__0printf)
    __2printf                                0x08006101   Thumb Code     0  printfa.o(i.__0printf)
    __c89printf                              0x08006101   Thumb Code     0  printfa.o(i.__0printf)
    printf                                   0x08006101   Thumb Code     0  printfa.o(i.__0printf)
    __scatterload_copy                       0x08006121   Thumb Code    14  handlers.o(i.__scatterload_copy)
    __scatterload_null                       0x0800612f   Thumb Code     2  handlers.o(i.__scatterload_null)
    __scatterload_zeroinit                   0x08006131   Thumb Code    14  handlers.o(i.__scatterload_zeroinit)
    AHBPrescTable                            0x080069f2   Data          16  system_stm32g4xx.o(.rodata.AHBPrescTable)
    APBPrescTable                            0x08006a02   Data           8  system_stm32g4xx.o(.rodata.APBPrescTable)
    UARTPrescTable                           0x08006a2a   Data          24  stm32g4xx_hal_uart.o(.rodata.UARTPrescTable)
    Region$$Table$$Base                      0x08006aac   Number         0  anon$$obj.o(Region$$Table)
    Region$$Table$$Limit                     0x08006acc   Number         0  anon$$obj.o(Region$$Table)
    __stdout                                 0x20000000   Data           4  stdout.o(.data)
    SystemCoreClock                          0x20000004   Data           4  system_stm32g4xx.o(.data.SystemCoreClock)
    uwTickFreq                               0x2000000c   Data           4  stm32g4xx_hal.o(.data.uwTickFreq)
    uwTickPrio                               0x20000010   Data           4  stm32g4xx_hal.o(.data.uwTickPrio)
    hdma_usart1_rx                           0x20001524   Data          96  usart.o(.bss.hdma_usart1_rx)
    hfdcan1                                  0x20001584   Data         100  fdcan.o(.bss.hfdcan1)
    hfdcan2                                  0x200015e8   Data         100  fdcan.o(.bss.hfdcan2)
    hfdcan3                                  0x2000164c   Data         100  fdcan.o(.bss.hfdcan3)
    huart1                                   0x200016b0   Data         148  usart.o(.bss.huart1)
    uwTick                                   0x200019d0   Data           4  stm32g4xx_hal.o(.bss.uwTick)
    __initial_sp                             0x20001dd8   Data           0  startup_stm32g474xx.o(STACK)



==============================================================================

Memory Map of the image

  Image Entry point : 0x080001d9

  Load Region LR_IROM1 (Base: 0x08000000, Size: 0x00006ae8, Max: 0x00080000, ABSOLUTE)

    Execution Region ER_IROM1 (Exec base: 0x08000000, Load base: 0x08000000, Size: 0x00006acc, Max: 0x00080000, ABSOLUTE)

    Exec Addr    Load Addr    Size         Type   Attr      Idx    E Section Name        Object

    0x08000000   0x08000000   0x000001d8   Data   RO            3    RESET               startup_stm32g474xx.o
    0x080001d8   0x080001d8   0x00000000   Code   RO         1240  * .ARM.Collect$$$$00000000  mc_w.l(entry.o)
    0x080001d8   0x080001d8   0x00000004   Code   RO         1283    .ARM.Collect$$$$00000001  mc_w.l(entry2.o)
    0x080001dc   0x080001dc   0x00000004   Code   RO         1286    .ARM.Collect$$$$00000004  mc_w.l(entry5.o)
    0x080001e0   0x080001e0   0x00000000   Code   RO         1288    .ARM.Collect$$$$00000008  mc_w.l(entry7b.o)
    0x080001e0   0x080001e0   0x00000000   Code   RO         1290    .ARM.Collect$$$$0000000A  mc_w.l(entry8b.o)
    0x080001e0   0x080001e0   0x00000008   Code   RO         1291    .ARM.Collect$$$$0000000B  mc_w.l(entry9a.o)
    0x080001e8   0x080001e8   0x00000000   Code   RO         1293    .ARM.Collect$$$$0000000D  mc_w.l(entry10a.o)
    0x080001e8   0x080001e8   0x00000000   Code   RO         1295    .ARM.Collect$$$$0000000F  mc_w.l(entry11a.o)
    0x080001e8   0x080001e8   0x00000004   Code   RO         1284    .ARM.Collect$$$$00002712  mc_w.l(entry2.o)
    0x080001ec   0x080001ec   0x00000024   Code   RO            4    .text               startup_stm32g474xx.o
    0x08000210   0x08000210   0x00000062   Code   RO         1243    .text               mc_w.l(uldiv.o)
    0x08000272   0x08000272   0x00000024   Code   RO         1245    .text               mc_w.l(memseta.o)
    0x08000296   0x08000296   0x000000e4   Code   RO         1275    .text               mf_w.l(dmul.o)
    0x0800037a   0x0800037a   0x000000de   Code   RO         1277    .text               mf_w.l(ddiv.o)
    0x08000458   0x08000458   0x00000026   Code   RO         1279    .text               mf_w.l(f2d.o)
    0x0800047e   0x0800047e   0x0000002c   Code   RO         1307    .text               mc_w.l(uidiv.o)
    0x080004aa   0x080004aa   0x0000001e   Code   RO         1309    .text               mc_w.l(llshl.o)
    0x080004c8   0x080004c8   0x00000020   Code   RO         1311    .text               mc_w.l(llushr.o)
    0x080004e8   0x080004e8   0x00000000   Code   RO         1313    .text               mc_w.l(iusefp.o)
    0x080004e8   0x080004e8   0x000000ba   Code   RO         1316    .text               mf_w.l(depilogue.o)
    0x080005a2   0x080005a2   0x0000014e   Code   RO         1318    .text               mf_w.l(dadd.o)
    0x080006f0   0x080006f0   0x00000030   Code   RO         1320    .text               mf_w.l(dfixul.o)
    0x08000720   0x08000720   0x00000030   Code   RO         1322    .text               mf_w.l(cdrcmple.o)
    0x08000750   0x08000750   0x00000030   Code   RO         1324    .text               mc_w.l(init.o)
    0x08000780   0x08000780   0x00000024   Code   RO         1326    .text               mc_w.l(llsshr.o)
    0x080007a4   0x080007a4   0x00000004   Code   RO           90    .text.BusFault_Handler  stm32g4xx_it.o
    0x080007a8   0x080007a8   0x00000010   Code   RO          102    .text.DMA1_Channel1_IRQHandler  stm32g4xx_it.o
    0x080007b8   0x080007b8   0x00000074   Code   RO          581    .text.DMA_CalcDMAMUXChannelBaseAndMask  stm32g4xx_hal_dma.o
    0x0800082c   0x0800082c   0x0000003c   Code   RO          583    .text.DMA_CalcDMAMUXRequestGenBaseAndMask  stm32g4xx_hal_dma.o
    0x08000868   0x08000868   0x00000002   Code   RO           96    .text.DebugMon_Handler  stm32g4xx_it.o
    0x0800086a   0x0800086a   0x00000002   PAD
    0x0800086c   0x0800086c   0x0000000e   Code   RO           15    .text.Error_Handler  main.o
    0x0800087a   0x0800087a   0x00000002   PAD
    0x0800087c   0x0800087c   0x00000010   Code   RO          104    .text.FDCAN1_IT0_IRQHandler  stm32g4xx_it.o
    0x0800088c   0x0800088c   0x00000010   Code   RO          106    .text.FDCAN1_IT1_IRQHandler  stm32g4xx_it.o
    0x0800089c   0x0800089c   0x00000010   Code   RO          110    .text.FDCAN2_IT0_IRQHandler  stm32g4xx_it.o
    0x080008ac   0x080008ac   0x00000010   Code   RO          112    .text.FDCAN2_IT1_IRQHandler  stm32g4xx_it.o
    0x080008bc   0x080008bc   0x000000d6   Code   RO          133    .text.FDCAN_CalcultateRamBlockAddresses  stm32g4xx_hal_fdcan.o
    0x08000992   0x08000992   0x00000002   PAD
    0x08000994   0x08000994   0x000000b6   Code   RO          193    .text.FDCAN_CopyMessageToRAM  stm32g4xx_hal_fdcan.o
    0x08000a4a   0x08000a4a   0x00000002   PAD
    0x08000a4c   0x08000a4c   0x0000009c   Code   RO          593    .text.HAL_DMA_Abort  stm32g4xx_hal_dma.o
    0x08000ae8   0x08000ae8   0x000000c2   Code   RO          595    .text.HAL_DMA_Abort_IT  stm32g4xx_hal_dma.o
    0x08000baa   0x08000baa   0x00000002   PAD
    0x08000bac   0x08000bac   0x00000156   Code   RO          599    .text.HAL_DMA_IRQHandler  stm32g4xx_hal_dma.o
    0x08000d02   0x08000d02   0x00000002   PAD
    0x08000d04   0x08000d04   0x00000156   Code   RO          579    .text.HAL_DMA_Init  stm32g4xx_hal_dma.o
    0x08000e5a   0x08000e5a   0x00000002   PAD
    0x08000e5c   0x08000e5c   0x00000042   Code   RO          281    .text.HAL_Delay     stm32g4xx_hal.o
    0x08000e9e   0x08000e9e   0x00000002   PAD
    0x08000ea0   0x08000ea0   0x0000020a   Code   RO          221    .text.HAL_FDCAN_ActivateNotification  stm32g4xx_hal_fdcan.o
    0x080010aa   0x080010aa   0x00000002   PAD
    0x080010ac   0x080010ac   0x0000009a   Code   RO          191    .text.HAL_FDCAN_AddMessageToTxFifoQ  stm32g4xx_hal_fdcan.o
    0x08001146   0x08001146   0x00000002   PAD
    0x08001148   0x08001148   0x000000b6   Code   RO          145    .text.HAL_FDCAN_ConfigFilter  stm32g4xx_hal_fdcan.o
    0x080011fe   0x080011fe   0x00000002   PAD
    0x08001200   0x08001200   0x00000066   Code   RO          147    .text.HAL_FDCAN_ConfigGlobalFilter  stm32g4xx_hal_fdcan.o
    0x08001266   0x08001266   0x00000002   PAD
    0x08001268   0x08001268   0x00000008   Code   RO          247    .text.HAL_FDCAN_ErrorCallback  stm32g4xx_hal_fdcan.o
    0x08001270   0x08001270   0x00000094   Code   RO         1047    .text.HAL_FDCAN_ErrorStatusCallback  fdcan_bsp.o
    0x08001304   0x08001304   0x00000230   Code   RO          199    .text.HAL_FDCAN_GetRxMessage  stm32g4xx_hal_fdcan.o
    0x08001534   0x08001534   0x00000008   Code   RO          227    .text.HAL_FDCAN_HighPriorityMessageCallback  stm32g4xx_hal_fdcan.o
    0x0800153c   0x0800153c   0x000002b8   Code   RO          225    .text.HAL_FDCAN_IRQHandler  stm32g4xx_hal_fdcan.o
    0x080017f4   0x080017f4   0x000002cc   Code   RO          129    .text.HAL_FDCAN_Init  stm32g4xx_hal_fdcan.o
    0x08001ac0   0x08001ac0   0x00000258   Code   RO           50    .text.HAL_FDCAN_MspInit  fdcan.o
    0x08001d18   0x08001d18   0x00000020   Code   RO         1041    .text.HAL_FDCAN_RxFifo0Callback  fdcan_bsp.o
    0x08001d38   0x08001d38   0x00000022   Code   RO         1045    .text.HAL_FDCAN_RxFifo1Callback  fdcan_bsp.o
    0x08001d5a   0x08001d5a   0x00000002   PAD
    0x08001d5c   0x08001d5c   0x0000004a   Code   RO          189    .text.HAL_FDCAN_Start  stm32g4xx_hal_fdcan.o
    0x08001da6   0x08001da6   0x00000002   PAD
    0x08001da8   0x08001da8   0x00000008   Code   RO          243    .text.HAL_FDCAN_TimeoutOccurredCallback  stm32g4xx_hal_fdcan.o
    0x08001db0   0x08001db0   0x00000008   Code   RO          241    .text.HAL_FDCAN_TimestampWraparoundCallback  stm32g4xx_hal_fdcan.o
    0x08001db8   0x08001db8   0x0000000a   Code   RO          229    .text.HAL_FDCAN_TxBufferAbortCallback  stm32g4xx_hal_fdcan.o
    0x08001dc2   0x08001dc2   0x00000002   PAD
    0x08001dc4   0x08001dc4   0x0000000a   Code   RO          239    .text.HAL_FDCAN_TxBufferCompleteCallback  stm32g4xx_hal_fdcan.o
    0x08001dce   0x08001dce   0x00000002   PAD
    0x08001dd0   0x08001dd0   0x0000000a   Code   RO          231    .text.HAL_FDCAN_TxEventFifoCallback  stm32g4xx_hal_fdcan.o
    0x08001dda   0x08001dda   0x00000002   PAD
    0x08001ddc   0x08001ddc   0x00000008   Code   RO          237    .text.HAL_FDCAN_TxFifoEmptyCallback  stm32g4xx_hal_fdcan.o
    0x08001de4   0x08001de4   0x00000368   Code   RO          531    .text.HAL_GPIO_Init  stm32g4xx_hal_gpio.o
    0x0800214c   0x0800214c   0x0000000c   Code   RO          273    .text.HAL_GetTick   stm32g4xx_hal.o
    0x08002158   0x08002158   0x0000001a   Code   RO          271    .text.HAL_IncTick   stm32g4xx_hal.o
    0x08002172   0x08002172   0x00000002   PAD
    0x08002174   0x08002174   0x00000030   Code   RO          261    .text.HAL_Init      stm32g4xx_hal.o
    0x080021a4   0x080021a4   0x00000088   Code   RO          263    .text.HAL_InitTick  stm32g4xx_hal.o
    0x0800222c   0x0800222c   0x00000048   Code   RO          121    .text.HAL_MspInit   stm32g4xx_hal_msp.o
    0x08002274   0x08002274   0x00000014   Code   RO          765    .text.HAL_NVIC_EnableIRQ  stm32g4xx_hal_cortex.o
    0x08002288   0x08002288   0x0000002e   Code   RO          757    .text.HAL_NVIC_SetPriority  stm32g4xx_hal_cortex.o
    0x080022b6   0x080022b6   0x00000002   PAD
    0x080022b8   0x080022b8   0x00000010   Code   RO          753    .text.HAL_NVIC_SetPriorityGrouping  stm32g4xx_hal_cortex.o
    0x080022c8   0x080022c8   0x000001b4   Code   RO          674    .text.HAL_PWREx_ControlVoltageScaling  stm32g4xx_hal_pwr_ex.o
    0x0800247c   0x0800247c   0x00000012   Code   RO          744    .text.HAL_PWREx_DisableUCPDDeadBattery  stm32g4xx_hal_pwr_ex.o
    0x0800248e   0x0800248e   0x00000002   PAD
    0x08002490   0x08002490   0x00000524   Code   RO          386    .text.HAL_RCCEx_PeriphCLKConfig  stm32g4xx_hal_rcc_ex.o
    0x080029b4   0x080029b4   0x00000326   Code   RO          351    .text.HAL_RCC_ClockConfig  stm32g4xx_hal_rcc.o
    0x08002cda   0x08002cda   0x00000002   PAD
    0x08002cdc   0x08002cdc   0x0000000c   Code   RO          359    .text.HAL_RCC_GetHCLKFreq  stm32g4xx_hal_rcc.o
    0x08002ce8   0x08002ce8   0x00000026   Code   RO          361    .text.HAL_RCC_GetPCLK1Freq  stm32g4xx_hal_rcc.o
    0x08002d0e   0x08002d0e   0x00000002   PAD
    0x08002d10   0x08002d10   0x00000026   Code   RO          363    .text.HAL_RCC_GetPCLK2Freq  stm32g4xx_hal_rcc.o
    0x08002d36   0x08002d36   0x00000002   PAD
    0x08002d38   0x08002d38   0x000000fc   Code   RO          355    .text.HAL_RCC_GetSysClockFreq  stm32g4xx_hal_rcc.o
    0x08002e34   0x08002e34   0x000007b6   Code   RO          349    .text.HAL_RCC_OscConfig  stm32g4xx_hal_rcc.o
    0x080035ea   0x080035ea   0x00000002   PAD
    0x080035ec   0x080035ec   0x00000010   Code   RO          777    .text.HAL_SYSTICK_Config  stm32g4xx_hal_cortex.o
    0x080035fc   0x080035fc   0x0000007c   Code   RO          998    .text.HAL_UARTEx_DisableFifoMode  stm32g4xx_hal_uart_ex.o
    0x08003678   0x08003678   0x0000000c   Code   RO          922    .text.HAL_UARTEx_RxEventCallback  stm32g4xx_hal_uart.o
    0x08003684   0x08003684   0x00000008   Code   RO          980    .text.HAL_UARTEx_RxFifoFullCallback  stm32g4xx_hal_uart_ex.o
    0x0800368c   0x0800368c   0x0000008c   Code   RO         1002    .text.HAL_UARTEx_SetRxFifoThreshold  stm32g4xx_hal_uart_ex.o
    0x08003718   0x08003718   0x0000008c   Code   RO         1000    .text.HAL_UARTEx_SetTxFifoThreshold  stm32g4xx_hal_uart_ex.o
    0x080037a4   0x080037a4   0x00000008   Code   RO          982    .text.HAL_UARTEx_TxFifoEmptyCallback  stm32g4xx_hal_uart_ex.o
    0x080037ac   0x080037ac   0x00000008   Code   RO          978    .text.HAL_UARTEx_WakeupCallback  stm32g4xx_hal_uart_ex.o
    0x080037b4   0x080037b4   0x00000008   Code   RO          920    .text.HAL_UART_ErrorCallback  stm32g4xx_hal_uart.o
    0x080037bc   0x080037bc   0x00000596   Code   RO          916    .text.HAL_UART_IRQHandler  stm32g4xx_hal_uart.o
    0x08003d52   0x08003d52   0x00000002   PAD
    0x08003d54   0x08003d54   0x000000aa   Code   RO          828    .text.HAL_UART_Init  stm32g4xx_hal_uart.o
    0x08003dfe   0x08003dfe   0x00000002   PAD
    0x08003e00   0x08003e00   0x00000106   Code   RO           71    .text.HAL_UART_MspInit  usart.o
    0x08003f06   0x08003f06   0x00000002   PAD
    0x08003f08   0x08003f08   0x00000138   Code   RO          848    .text.HAL_UART_Transmit  stm32g4xx_hal_uart.o
    0x08004040   0x08004040   0x00000008   Code   RO          926    .text.HAL_UART_TxCpltCallback  stm32g4xx_hal_uart.o
    0x08004048   0x08004048   0x00000004   Code   RO           86    .text.HardFault_Handler  stm32g4xx_it.o
    0x0800404c   0x0800404c   0x00000056   Code   RO           36    .text.MX_DMA_Init   dma.o
    0x080040a2   0x080040a2   0x00000002   PAD
    0x080040a4   0x080040a4   0x00000062   Code   RO           44    .text.MX_FDCAN1_Init  fdcan.o
    0x08004106   0x08004106   0x00000002   PAD
    0x08004108   0x08004108   0x00000062   Code   RO           46    .text.MX_FDCAN2_Init  fdcan.o
    0x0800416a   0x0800416a   0x00000002   PAD
    0x0800416c   0x0800416c   0x00000062   Code   RO           48    .text.MX_FDCAN3_Init  fdcan.o
    0x080041ce   0x080041ce   0x00000002   PAD
    0x080041d0   0x080041d0   0x0000007e   Code   RO           28    .text.MX_GPIO_Init  gpio.o
    0x0800424e   0x0800424e   0x00000002   PAD
    0x08004250   0x08004250   0x0000008e   Code   RO           69    .text.MX_USART1_UART_Init  usart.o
    0x080042de   0x080042de   0x00000002   PAD
    0x080042e0   0x080042e0   0x00000004   Code   RO           88    .text.MemManage_Handler  stm32g4xx_it.o
    0x080042e4   0x080042e4   0x00000004   Code   RO           84    .text.NMI_Handler   stm32g4xx_it.o
    0x080042e8   0x080042e8   0x0000006c   Code   RO          763    .text.NVIC_EncodePriority  stm32g4xx_hal_cortex.o
    0x08004354   0x08004354   0x00000002   Code   RO           98    .text.PendSV_Handler  stm32g4xx_it.o
    0x08004356   0x08004356   0x00000002   PAD
    0x08004358   0x08004358   0x00000106   Code   RO         1065    .text.Pid_incremental_cal  pid.o
    0x0800445e   0x0800445e   0x00000002   PAD
    0x08004460   0x08004460   0x0000009c   Code   RO          353    .text.RCC_GetSysClockFreqFromPLLSource  stm32g4xx_hal_rcc.o
    0x080044fc   0x080044fc   0x00000002   Code   RO           94    .text.SVC_Handler   stm32g4xx_it.o
    0x080044fe   0x080044fe   0x00000002   PAD
    0x08004500   0x08004500   0x00000052   Code   RO          779    .text.SysTick_Config  stm32g4xx_hal_cortex.o
    0x08004552   0x08004552   0x00000002   PAD
    0x08004554   0x08004554   0x00000008   Code   RO          100    .text.SysTick_Handler  stm32g4xx_it.o
    0x0800455c   0x0800455c   0x00000072   Code   RO           13    .text.SystemClock_Config  main.o
    0x080045ce   0x080045ce   0x00000002   PAD
    0x080045d0   0x080045d0   0x00000012   Code   RO         1021    .text.SystemInit    system_stm32g4xx.o
    0x080045e2   0x080045e2   0x00000002   PAD
    0x080045e4   0x080045e4   0x00000086   Code   RO          996    .text.UARTEx_SetNbDataToProcess  stm32g4xx_hal_uart_ex.o
    0x0800466a   0x0800466a   0x00000002   PAD
    0x0800466c   0x0800466c   0x00000148   Code   RO          832    .text.UART_AdvFeatureConfig  stm32g4xx_hal_uart.o
    0x080047b4   0x080047b4   0x00000146   Code   RO          836    .text.UART_CheckIdleState  stm32g4xx_hal_uart.o
    0x080048fa   0x080048fa   0x00000002   PAD
    0x080048fc   0x080048fc   0x0000001e   Code   RO          918    .text.UART_DMAAbortOnError  stm32g4xx_hal_uart.o
    0x0800491a   0x0800491a   0x00000002   PAD
    0x0800491c   0x0800491c   0x0000009e   Code   RO          888    .text.UART_EndRxTransfer  stm32g4xx_hal_uart.o
    0x080049ba   0x080049ba   0x00000002   PAD
    0x080049bc   0x080049bc   0x00000044   Code   RO          924    .text.UART_EndTransmit_IT  stm32g4xx_hal_uart.o
    0x08004a00   0x08004a00   0x000005e2   Code   RO          834    .text.UART_SetConfig  stm32g4xx_hal_uart.o
    0x08004fe2   0x08004fe2   0x00000002   PAD
    0x08004fe4   0x08004fe4   0x0000010c   Code   RO          850    .text.UART_WaitOnFlagUntilTimeout  stm32g4xx_hal_uart.o
    0x080050f0   0x080050f0   0x00000010   Code   RO          108    .text.USART1_IRQHandler  stm32g4xx_it.o
    0x08005100   0x08005100   0x00000004   Code   RO           92    .text.UsageFault_Handler  stm32g4xx_it.o
    0x08005104   0x08005104   0x00000030   Code   RO          767    .text.__NVIC_EnableIRQ  stm32g4xx_hal_cortex.o
    0x08005134   0x08005134   0x00000010   Code   RO          759    .text.__NVIC_GetPriorityGrouping  stm32g4xx_hal_cortex.o
    0x08005144   0x08005144   0x00000042   Code   RO          761    .text.__NVIC_SetPriority  stm32g4xx_hal_cortex.o
    0x08005186   0x08005186   0x00000002   PAD
    0x08005188   0x08005188   0x0000003c   Code   RO          755    .text.__NVIC_SetPriorityGrouping  stm32g4xx_hal_cortex.o
    0x080051c4   0x080051c4   0x00000080   Code   RO         1093    .text.cybergear_can_send_raw  cybergear_motor.o
    0x08005244   0x08005244   0x00000002   Code   RO         1081    .text.cybergear_lock_init  cybergear_motor.o
    0x08005246   0x08005246   0x00000002   PAD
    0x08005248   0x08005248   0x00000004   Code   RO         1123    .text.cybergear_lock_tx  cybergear_motor.o
    0x0800524c   0x0800524c   0x0000016c   Code   RO         1119    .text.cybergear_message_handler  cybergear_motor.o
    0x080053b8   0x080053b8   0x00000074   Code   RO         1083    .text.cybergear_motor_configure  cybergear_motor.o
    0x0800542c   0x0800542c   0x00000010   Code   RO         1087    .text.cybergear_motor_enable  cybergear_motor.o
    0x0800543c   0x0800543c   0x00000034   Code   RO         1085    .text.cybergear_motor_get_instance  cybergear_motor.o
    0x08005470   0x08005470   0x0000003c   Code   RO         1095    .text.cybergear_motor_set_mode  cybergear_motor.o
    0x080054ac   0x080054ac   0x00000022   Code   RO         1091    .text.cybergear_motor_stop  cybergear_motor.o
    0x080054ce   0x080054ce   0x00000002   PAD
    0x080054d0   0x080054d0   0x00000018   Code   RO         1079    .text.cybergear_motors_init  cybergear_motor.o
    0x080054e8   0x080054e8   0x00000002   Code   RO         1125    .text.cybergear_unlock_tx  cybergear_motor.o
    0x080054ea   0x080054ea   0x00000002   PAD
    0x080054ec   0x080054ec   0x0000003a   Code   RO         1097    .text.cybergear_write_u8_parameter  cybergear_motor.o
    0x08005526   0x08005526   0x00000002   PAD
    0x08005528   0x08005528   0x0000000e   Code   RO         1146    .text.dji_critical_section_enter  dji_motor.o
    0x08005536   0x08005536   0x00000002   PAD
    0x08005538   0x08005538   0x00000004   Code   RO         1148    .text.dji_critical_section_exit  dji_motor.o
    0x0800553c   0x0800553c   0x00000028   Code   RO         1136    .text.dji_degree2encoder  dji_motor.o
    0x08005564   0x08005564   0x000000d0   Code   RO         1140    .text.dji_motor_configure  dji_motor.o
    0x08005634   0x08005634   0x00000032   Code   RO         1142    .text.dji_motor_get_instance  dji_motor.o
    0x08005666   0x08005666   0x00000002   PAD
    0x08005668   0x08005668   0x000000a8   Code   RO         1156    .text.dji_motor_message_handler  dji_motor.o
    0x08005710   0x08005710   0x000001d8   Code   RO         1162    .text.dji_motor_send_commands  dji_motor.o
    0x080058e8   0x080058e8   0x0000002a   Code   RO         1144    .text.dji_motor_set_location  dji_motor.o
    0x08005912   0x08005912   0x00000002   PAD
    0x08005914   0x08005914   0x00000108   Code   RO         1138    .text.dji_motors_init  dji_motor.o
    0x08005a1c   0x08005a1c   0x00000048   Code   RO         1035    .text.fdcan_bsp_init  fdcan_bsp.o
    0x08005a64   0x08005a64   0x00000116   Code   RO         1037    .text.fdcan_bsp_register  fdcan_bsp.o
    0x08005b7a   0x08005b7a   0x00000002   PAD
    0x08005b7c   0x08005b7c   0x000001c2   Code   RO         1039    .text.fdcan_bsp_start  fdcan_bsp.o
    0x08005d3e   0x08005d3e   0x00000002   PAD
    0x08005d40   0x08005d40   0x00000110   Code   RO         1043    .text.fdcan_dispatch_router  fdcan_bsp.o
    0x08005e50   0x08005e50   0x00000022   Code   RO           65    .text.fputc         usart.o
    0x08005e72   0x08005e72   0x00000002   PAD
    0x08005e74   0x08005e74   0x00000042   Code   RO         1158    .text.get_motor_measure  dji_motor.o
    0x08005eb6   0x08005eb6   0x00000002   PAD
    0x08005eb8   0x08005eb8   0x00000048   Code   RO         1160    .text.get_total_angle  dji_motor.o
    0x08005f00   0x08005f00   0x00000184   Code   RO           11    .text.main          main.o
    0x08006084   0x08006084   0x00000022   Code   RO         1089    .text.motor_enable  cybergear_motor.o
    0x080060a6   0x080060a6   0x00000002   PAD
    0x080060a8   0x080060a8   0x00000056   Code   RO         1121    .text.uint16_to_float  cybergear_motor.o
    0x080060fe   0x080060fe   0x00000002   PAD
    0x08006100   0x08006100   0x00000020   Code   RO         1248    i.__0printf         mc_w.l(printfa.o)
    0x08006120   0x08006120   0x0000000e   Code   RO         1330    i.__scatterload_copy  mc_w.l(handlers.o)
    0x0800612e   0x0800612e   0x00000002   Code   RO         1331    i.__scatterload_null  mc_w.l(handlers.o)
    0x08006130   0x08006130   0x0000000e   Code   RO         1332    i.__scatterload_zeroinit  mc_w.l(handlers.o)
    0x0800613e   0x0800613e   0x00000002   PAD
    0x08006140   0x08006140   0x00000184   Code   RO         1255    i._fp_digits        mc_w.l(printfa.o)
    0x080062c4   0x080062c4   0x000006dc   Code   RO         1256    i._printf_core      mc_w.l(printfa.o)
    0x080069a0   0x080069a0   0x00000024   Code   RO         1257    i._printf_post_padding  mc_w.l(printfa.o)
    0x080069c4   0x080069c4   0x0000002e   Code   RO         1258    i._printf_pre_padding  mc_w.l(printfa.o)
    0x080069f2   0x080069f2   0x00000010   Data   RO         1026    .rodata.AHBPrescTable  system_stm32g4xx.o
    0x08006a02   0x08006a02   0x00000008   Data   RO         1027    .rodata.APBPrescTable  system_stm32g4xx.o
    0x08006a0a   0x08006a0a   0x00000010   Data   RO          253    .rodata.DLCtoBytes  stm32g4xx_hal_fdcan.o
    0x08006a1a   0x08006a1a   0x00000008   Data   RO         1013    .rodata.UARTEx_SetNbDataToProcess.denominator  stm32g4xx_hal_uart_ex.o
    0x08006a22   0x08006a22   0x00000008   Data   RO         1012    .rodata.UARTEx_SetNbDataToProcess.numerator  stm32g4xx_hal_uart_ex.o
    0x08006a2a   0x08006a2a   0x00000018   Data   RO          968    .rodata.UARTPrescTable  stm32g4xx_hal_uart.o
    0x08006a42   0x08006a42   0x00000069   Data   RO           19    .rodata.str1.1      main.o
    0x08006aab   0x08006aab   0x00000001   PAD
    0x08006aac   0x08006aac   0x00000020   Data   RO         1329    Region$$Table       anon$$obj.o


    Execution Region RW_IRAM1 (Exec base: 0x20000000, Load base: 0x08006ad0, Size: 0x00001dd8, Max: 0x00020000, ABSOLUTE)

    Exec Addr    Load Addr    Size         Type   Attr      Idx    E Section Name        Object

    0x20000000   0x08006ad0   0x00000004   Data   RW         1297    .data               mc_w.l(stdout.o)
    0x20000004   0x08006ad4   0x00000004   Data   RW         1025    .data.SystemCoreClock  system_stm32g4xx.o
    0x20000008   0x08006ad8   0x00000001   Data   RW         1165    .data.dji_motor_control_enabled  dji_motor.o
    0x20000009   0x08006ad9   0x00000003   PAD
    0x2000000c   0x08006adc   0x00000004   Data   RW          338    .data.uwTickFreq    stm32g4xx_hal.o
    0x20000010   0x08006ae0   0x00000004   Data   RW          337    .data.uwTickPrio    stm32g4xx_hal.o
    0x20000014   0x08006ae4   0x00000004   PAD
    0x20000018        -       0x00000004   Zero   RW           57    .bss.HAL_RCC_FDCAN_CLK_ENABLED  fdcan.o
    0x2000001c        -       0x00000024   Zero   RW         1127    .bss.cybergear_motors  cybergear_motor.o
    0x20000040        -       0x000003a0   Zero   RW         1164    .bss.dji_motors     dji_motor.o
    0x200003e0        -       0x00000001   Zero   RW         1051    .bss.ext_dispatch_count  fdcan_bsp.o
    0x200003e1   0x08006ae4   0x00000003   PAD
    0x200003e4        -       0x00000140   Zero   RW         1053    .bss.ext_dispatch_table  fdcan_bsp.o
    0x20000524        -       0x00001000   Zero   RW         1049    .bss.hash_table     fdcan_bsp.o
    0x20001524        -       0x00000060   Zero   RW           76    .bss.hdma_usart1_rx  usart.o
    0x20001584        -       0x00000064   Zero   RW           54    .bss.hfdcan1        fdcan.o
    0x200015e8        -       0x00000064   Zero   RW           55    .bss.hfdcan2        fdcan.o
    0x2000164c        -       0x00000064   Zero   RW           56    .bss.hfdcan3        fdcan.o
    0x200016b0        -       0x00000094   Zero   RW           75    .bss.huart1         usart.o
    0x20001744        -       0x00000004   Zero   RW           18    .bss.main.dji_motor  main.o
    0x20001748        -       0x00000004   Zero   RW           17    .bss.main.mi_motor  main.o
    0x2000174c        -       0x00000001   Zero   RW         1050    .bss.std_dispatch_count  fdcan_bsp.o
    0x2000174d   0x08006ae4   0x00000003   PAD
    0x20001750        -       0x00000280   Zero   RW         1052    .bss.std_dispatch_table  fdcan_bsp.o
    0x200019d0        -       0x00000004   Zero   RW          339    .bss.uwTick         stm32g4xx_hal.o
    0x200019d4   0x08006ae4   0x00000004   PAD
    0x200019d8        -       0x00000400   Zero   RW            1    STACK               startup_stm32g474xx.o


==============================================================================

Image component sizes


      Code (inc. data)   RO Data    RW Data    ZI Data      Debug   Object Name

       980         18          0          0         36      10684   cybergear_motor.o
      1400         44          0          1        928       8361   dji_motor.o
        86          0          0          0          0       3955   dma.o
       894          0          0          0        304       8850   fdcan.o
      1286          0          0          0       5058       6103   fdcan_bsp.o
       126          0          0          0          0       1688   gpio.o
       516         20        105          0          8       5948   main.o
       262          0          0          0          0       1902   pid.o
        36          8        472          0       1024        848   startup_stm32g474xx.o
       288          0          0          8          4       9119   stm32g4xx_hal.o
       478          0          0          0          0      10109   stm32g4xx_hal_cortex.o
      1210          0          0          0          0       7793   stm32g4xx_hal_dma.o
      3472          0         16          0          0      18836   stm32g4xx_hal_fdcan.o
       872          0          0          0          0       5330   stm32g4xx_hal_gpio.o
        72          0          0          0          0       1658   stm32g4xx_hal_msp.o
       454          0          0          0          0       7810   stm32g4xx_hal_pwr_ex.o
      3276          0          0          0          0       9542   stm32g4xx_hal_rcc.o
      1316          0          0          0          0      11722   stm32g4xx_hal_rcc_ex.o
      4624         48         24          0          0      27428   stm32g4xx_hal_uart.o
       562          0         16          0          0       8913   stm32g4xx_hal_uart_ex.o
       130          0          0          0          0       1630   stm32g4xx_it.o
        18          0         24          4          0       2710   system_stm32g4xx.o
       438          0          0          0        244       9538   usart.o

    ----------------------------------------------------------------------
     22912        138        690         16       7620     180477   Object Totals
         0          0         32          0          0          0   (incl. Generated)
       116          0          1          3         14          0   (incl. Padding)

    ----------------------------------------------------------------------

      Code (inc. data)   RO Data    RW Data    ZI Data      Debug   Library Member Name

         0          0          0          0          0          0   entry.o
         0          0          0          0          0          0   entry10a.o
         0          0          0          0          0          0   entry11a.o
         8          4          0          0          0          0   entry2.o
         4          0          0          0          0          0   entry5.o
         0          0          0          0          0          0   entry7b.o
         0          0          0          0          0          0   entry8b.o
         8          4          0          0          0          0   entry9a.o
        30          0          0          0          0          0   handlers.o
        48         10          0          0          0         68   init.o
         0          0          0          0          0          0   iusefp.o
        30          0          0          0          0         68   llshl.o
        36          0          0          0          0         68   llsshr.o
        32          0          0          0          0         68   llushr.o
        36          0          0          0          0        108   memseta.o
      2258         90          0          0          0        452   printfa.o
         0          0          0          4          0          0   stdout.o
        44          0          0          0          0         80   uidiv.o
        98          0          0          0          0         92   uldiv.o
        48          0          0          0          0         68   cdrcmple.o
       334          0          0          0          0        148   dadd.o
       222          0          0          0          0        100   ddiv.o
       186          0          0          0          0        176   depilogue.o
        48          0          0          0          0         68   dfixul.o
       228          0          0          0          0         96   dmul.o
        38          0          0          0          0         68   f2d.o

    ----------------------------------------------------------------------
      3738        108          0          4          0       1728   Library Totals
         2          0          0          0          0          0   (incl. Padding)

    ----------------------------------------------------------------------

      Code (inc. data)   RO Data    RW Data    ZI Data      Debug   Library Name

      2632        108          0          4          0       1004   mc_w.l
      1104          0          0          0          0        724   mf_w.l

    ----------------------------------------------------------------------
      3738        108          0          4          0       1728   Library Totals

    ----------------------------------------------------------------------

==============================================================================


      Code (inc. data)   RO Data    RW Data    ZI Data      Debug   

     26650        246        690         20       7620     181157   Grand Totals
     26650        246        690         20       7620     181157   ELF Image Totals
     26650        246        690         20          0          0   ROM Totals

==============================================================================

    Total RO  Size (Code + RO Data)                27340 (  26.70kB)
    Total RW  Size (RW Data + ZI Data)              7640 (   7.46kB)
    Total ROM Size (Code + RO Data + RW Data)      27360 (  26.72kB)

==============================================================================

