Component: Arm Compiler for Embedded 6.21 Tool: armlink [5ec1fa00]

==============================================================================

Section Cross References

    startup_stm32g474xx.o(RESET) refers to startup_stm32g474xx.o(STACK) for __initial_sp
    startup_stm32g474xx.o(RESET) refers to startup_stm32g474xx.o(.text) for Reset_Handler
    startup_stm32g474xx.o(RESET) refers to stm32g4xx_it.o(.text.NMI_Handler) for NMI_Handler
    startup_stm32g474xx.o(RESET) refers to stm32g4xx_it.o(.text.HardFault_Handler) for HardFault_Handler
    startup_stm32g474xx.o(RESET) refers to stm32g4xx_it.o(.text.MemManage_Handler) for MemManage_Handler
    startup_stm32g474xx.o(RESET) refers to stm32g4xx_it.o(.text.BusFault_Handler) for BusFault_Handler
    startup_stm32g474xx.o(RESET) refers to stm32g4xx_it.o(.text.UsageFault_Handler) for UsageFault_Handler
    startup_stm32g474xx.o(RESET) refers to port.o(.text.SVC_Handler) for SVC_Handler
    startup_stm32g474xx.o(RESET) refers to stm32g4xx_it.o(.text.DebugMon_Handler) for DebugMon_Handler
    startup_stm32g474xx.o(RESET) refers to port.o(.text.PendSV_Handler) for PendSV_Handler
    startup_stm32g474xx.o(RESET) refers to cmsis_os2.o(.text.SysTick_Handler) for SysTick_Handler
    startup_stm32g474xx.o(RESET) refers to stm32g4xx_it.o(.text.DMA1_Channel1_IRQHandler) for DMA1_Channel1_IRQHandler
    startup_stm32g474xx.o(RESET) refers to stm32g4xx_it.o(.text.FDCAN1_IT0_IRQHandler) for FDCAN1_IT0_IRQHandler
    startup_stm32g474xx.o(RESET) refers to stm32g4xx_it.o(.text.FDCAN1_IT1_IRQHandler) for FDCAN1_IT1_IRQHandler
    startup_stm32g474xx.o(RESET) refers to stm32g4xx_it.o(.text.TIM1_UP_TIM16_IRQHandler) for TIM1_UP_TIM16_IRQHandler
    startup_stm32g474xx.o(RESET) refers to stm32g4xx_it.o(.text.USART1_IRQHandler) for USART1_IRQHandler
    startup_stm32g474xx.o(RESET) refers to stm32g4xx_it.o(.text.FDCAN2_IT0_IRQHandler) for FDCAN2_IT0_IRQHandler
    startup_stm32g474xx.o(RESET) refers to stm32g4xx_it.o(.text.FDCAN2_IT1_IRQHandler) for FDCAN2_IT1_IRQHandler
    startup_stm32g474xx.o(.text) refers to system_stm32g4xx.o(.text.SystemInit) for SystemInit
    startup_stm32g474xx.o(.text) refers to entry.o(.ARM.Collect$$$$00000000) for __main
    main.o(.text.main) refers to stm32g4xx_hal.o(.text.HAL_Init) for HAL_Init
    main.o(.text.main) refers to main.o(.text.SystemClock_Config) for SystemClock_Config
    main.o(.text.main) refers to gpio.o(.text.MX_GPIO_Init) for MX_GPIO_Init
    main.o(.text.main) refers to dma.o(.text.MX_DMA_Init) for MX_DMA_Init
    main.o(.text.main) refers to usart.o(.text.MX_USART1_UART_Init) for MX_USART1_UART_Init
    main.o(.text.main) refers to fdcan.o(.text.MX_FDCAN1_Init) for MX_FDCAN1_Init
    main.o(.text.main) refers to fdcan.o(.text.MX_FDCAN2_Init) for MX_FDCAN2_Init
    main.o(.text.main) refers to fdcan.o(.text.MX_FDCAN3_Init) for MX_FDCAN3_Init
    main.o(.text.main) refers to fdcan_bsp.o(.text.fdcan_bsp_init) for fdcan_bsp_init
    main.o(.text.main) refers to dji_motor.o(.text.dji_motors_init) for dji_motors_init
    main.o(.text.main) refers to cybergear_motor.o(.text.cybergear_motors_init) for cybergear_motors_init
    main.o(.text.main) refers to fdcan.o(.bss.hfdcan1) for hfdcan1
    main.o(.text.main) refers to fdcan_bsp.o(.text.fdcan_bsp_start) for fdcan_bsp_start
    main.o(.text.main) refers to fdcan.o(.bss.hfdcan2) for hfdcan2
    main.o(.text.main) refers to cmsis_os2.o(.text.osKernelInitialize) for osKernelInitialize
    main.o(.text.main) refers to app_freertos.o(.text.MX_FREERTOS_Init) for MX_FREERTOS_Init
    main.o(.text.main) refers to cmsis_os2.o(.text.osKernelStart) for osKernelStart
    main.o(.ARM.exidx.text.main) refers to main.o(.text.main) for [Anonymous Symbol]
    main.o(.text.SystemClock_Config) refers to memseta.o(.text) for __aeabi_memclr4
    main.o(.text.SystemClock_Config) refers to stm32g4xx_hal_pwr_ex.o(.text.HAL_PWREx_ControlVoltageScaling) for HAL_PWREx_ControlVoltageScaling
    main.o(.text.SystemClock_Config) refers to stm32g4xx_hal_rcc.o(.text.HAL_RCC_OscConfig) for HAL_RCC_OscConfig
    main.o(.text.SystemClock_Config) refers to main.o(.text.Error_Handler) for Error_Handler
    main.o(.text.SystemClock_Config) refers to stm32g4xx_hal_rcc.o(.text.HAL_RCC_ClockConfig) for HAL_RCC_ClockConfig
    main.o(.ARM.exidx.text.SystemClock_Config) refers to main.o(.text.SystemClock_Config) for [Anonymous Symbol]
    main.o(.ARM.exidx.text.Error_Handler) refers to main.o(.text.Error_Handler) for [Anonymous Symbol]
    main.o(.text.HAL_TIM_PeriodElapsedCallback) refers to stm32g4xx_hal.o(.text.HAL_IncTick) for HAL_IncTick
    main.o(.ARM.exidx.text.HAL_TIM_PeriodElapsedCallback) refers to main.o(.text.HAL_TIM_PeriodElapsedCallback) for [Anonymous Symbol]
    gpio.o(.ARM.exidx.text.MX_GPIO_Init) refers to gpio.o(.text.MX_GPIO_Init) for [Anonymous Symbol]
    app_freertos.o(.text.MX_FREERTOS_Init) refers to usart.o(.bss.huart1) for huart1
[...]
    _microlib_exit                            - Undefined Weak Reference
    __Vectors_Size                           0x000001d8   Number         0  startup_stm32g474xx.o ABSOLUTE
    __Vectors                                0x08000000   Data           4  startup_stm32g474xx.o(RESET)
    __Vectors_End                            0x080001d8   Data           0  startup_stm32g474xx.o(RESET)
    __main                                   0x080001d9   Thumb Code     0  entry.o(.ARM.Collect$$$$00000000)
    _main_stk                                0x080001d9   Thumb Code     0  entry2.o(.ARM.Collect$$$$00000001)
    _main_scatterload                        0x080001dd   Thumb Code     0  entry5.o(.ARM.Collect$$$$00000004)
    __main_after_scatterload                 0x080001e1   Thumb Code     0  entry5.o(.ARM.Collect$$$$00000004)
    _main_clock                              0x080001e1   Thumb Code     0  entry7b.o(.ARM.Collect$$$$00000008)
    _main_cpp_init                           0x080001e1   Thumb Code     0  entry8b.o(.ARM.Collect$$$$0000000A)
    _main_init                               0x080001e1   Thumb Code     0  entry9a.o(.ARM.Collect$$$$0000000B)
    __rt_final_cpp                           0x080001e9   Thumb Code     0  entry10a.o(.ARM.Collect$$$$0000000D)
    __rt_final_exit                          0x080001e9   Thumb Code     0  entry11a.o(.ARM.Collect$$$$0000000F)
    Reset_Handler                            0x080001ed   Thumb Code     8  startup_stm32g474xx.o(.text)
    ADC1_2_IRQHandler                        0x08000207   Thumb Code     0  startup_stm32g474xx.o(.text)
    ADC3_IRQHandler                          0x08000207   Thumb Code     0  startup_stm32g474xx.o(.text)
    ADC4_IRQHandler                          0x08000207   Thumb Code     0  startup_stm32g474xx.o(.text)
    ADC5_IRQHandler                          0x08000207   Thumb Code     0  startup_stm32g474xx.o(.text)
    COMP1_2_3_IRQHandler                     0x08000207   Thumb Code     0  startup_stm32g474xx.o(.text)
    COMP4_5_6_IRQHandler                     0x08000207   Thumb Code     0  startup_stm32g474xx.o(.text)
    COMP7_IRQHandler                         0x08000207   Thumb Code     0  startup_stm32g474xx.o(.text)
    CORDIC_IRQHandler                        0x08000207   Thumb Code     0  startup_stm32g474xx.o(.text)
    CRS_IRQHandler                           0x08000207   Thumb Code     0  startup_stm32g474xx.o(.text)
    DMA1_Channel2_IRQHandler                 0x08000207   Thumb Code     0  startup_stm32g474xx.o(.text)
    DMA1_Channel3_IRQHandler                 0x08000207   Thumb Code     0  startup_stm32g474xx.o(.text)
    DMA1_Channel4_IRQHandler                 0x08000207   Thumb Code     0  startup_stm32g474xx.o(.text)
    DMA1_Channel5_IRQHandler                 0x08000207   Thumb Code     0  startup_stm32g474xx.o(.text)
    DMA1_Channel6_IRQHandler                 0x08000207   Thumb Code     0  startup_stm32g474xx.o(.text)
    DMA1_Channel7_IRQHandler                 0x08000207   Thumb Code     0  startup_stm32g474xx.o(.text)
    DMA1_Channel8_IRQHandler                 0x08000207   Thumb Code     0  startup_stm32g474xx.o(.text)
    DMA2_Channel1_IRQHandler                 0x08000207   Thumb Code     0  startup_stm32g474xx.o(.text)
    DMA2_Channel2_IRQHandler                 0x08000207   Thumb Code     0  startup_stm32g474xx.o(.text)
    DMA2_Channel3_IRQHandler                 0x08000207   Thumb Code     0  startup_stm32g474xx.o(.text)
    DMA2_Channel4_IRQHandler                 0x08000207   Thumb Code     0  startup_stm32g474xx.o(.text)
    DMA2_Channel5_IRQHandler                 0x08000207   Thumb Code     0  startup_stm32g474xx.o(.text)
    DMA2_Channel6_IRQHandler                 0x08000207   Thumb Code     0  startup_stm32g474xx.o(.text)
    DMA2_Channel7_IRQHandler                 0x08000207   Thumb Code     0  startup_stm32g474xx.o(.text)
    DMA2_Channel8_IRQHandler                 0x08000207   Thumb Code     0  startup_stm32g474xx.o(.text)
    DMAMUX_OVR_IRQHandler                    0x08000207   Thumb Code     0  startup_stm32g474xx.o(.text)
    EXTI0_IRQHandler                         0x08000207   Thumb Code     0  startup_stm32g474xx.o(.text)
    EXTI15_10_IRQHandler                     0x08000207   Thumb Code     0  startup_stm32g474xx.o(.text)
    EXTI1_IRQHandler                         0x08000207   Thumb Code     0  startup_stm32g474xx.o(.text)
    EXTI2_IRQHandler                         0x08000207   Thumb Code     0  startup_stm32g474xx.o(.text)
    EXTI3_IRQHandler                         0x08000207   Thumb Code     0  startup_stm32g474xx.o(.text)
    EXTI4_IRQHandler                         0x08000207   Thumb Code     0  startup_stm32g474xx.o(.text)
    EXTI9_5_IRQHandler                       0x08000207   Thumb Code     0  startup_stm32g474xx.o(.text)
    FDCAN3_IT0_IRQHandler                    0x08000207   Thumb Code     0  startup_stm32g474xx.o(.text)
    FDCAN3_IT1_IRQHandler                    0x08000207   Thumb Code     0  startup_stm32g474xx.o(.text)
    FLASH_IRQHandler                         0x08000207   Thumb Code     0  startup_stm32g474xx.o(.text)
    FMAC_IRQHandler                          0x08000207   Thumb Code     0  startup_stm32g474xx.o(.text)
    FMC_IRQHandler                           0x08000207   Thumb Code     0  startup_stm32g474xx.o(.text)
    FPU_IRQHandler                           0x08000207   Thumb Code     0  startup_stm32g474xx.o(.text)
    HRTIM1_FLT_IRQHandler                    0x08000207   Thumb Code     0  startup_stm32g474xx.o(.text)
    HRTIM1_Master_IRQHandler                 0x08000207   Thumb Code     0  startup_stm32g474xx.o(.text)
    HRTIM1_TIMA_IRQHandler                   0x08000207   Thumb Code     0  startup_stm32g474xx.o(.text)
    HRTIM1_TIMB_IRQHandler                   0x08000207   Thumb Code     0  startup_stm32g474xx.o(.text)
    HRTIM1_TIMC_IRQHandler                   0x08000207   Thumb Code     0  startup_stm32g474xx.o(.text)
    HRTIM1_TIMD_IRQHandler                   0x08000207   Thumb Code     0  startup_stm32g474xx.o(.text)
    HRTIM1_TIME_IRQHandler                   0x08000207   Thumb Code     0  startup_stm32g474xx.o(.text)
    HRTIM1_TIMF_IRQHandler                   0x08000207   Thumb Code     0  startup_stm32g474xx.o(.text)
    I2C1_ER_IRQHandler                       0x08000207   Thumb Code     0  startup_stm32g474xx.o(.text)
    I2C1_EV_IRQHandler                       0x08000207   Thumb Code     0  startup_stm32g474xx.o(.text)
    I2C2_ER_IRQHandler                       0x08000207   Thumb Code     0  startup_stm32g474xx.o(.text)
    I2C2_EV_IRQHandler                       0x08000207   Thumb Code     0  startup_stm32g474xx.o(.text)
    I2C3_ER_IRQHandler                       0x08000207   Thumb Code     0  startup_stm32g474xx.o(.text)
    I2C3_EV_IRQHandler                       0x08000207   Thumb Code     0  startup_stm32g474xx.o(.text)
    I2C4_ER_IRQHandler                       0x08000207   Thumb Code     0  startup_stm32g474xx.o(.text)
    I2C4_EV_IRQHandler                       0x08000207   Thumb Code     0  startup_stm32g474xx.o(.text)
    LPTIM1_IRQHandler                        0x08000207   Thumb Code     0  startup_stm32g474xx.o(.text)
    LPUART1_IRQHandler                       0x08000207   Thumb Code     0  startup_stm32g474xx.o(.text)
    PVD_PVM_IRQHandler                       0x08000207   Thumb Code     0  startup_stm32g474xx.o(.text)
    QUADSPI_IRQHandler                       0x08000207   Thumb Code     0  startup_stm32g474xx.o(.text)
    RCC_IRQHandler                           0x08000207   Thumb Code     0  startup_stm32g474xx.o(.text)
    RNG_IRQHandler                           0x08000207   Thumb Code     0  startup_stm32g474xx.o(.text)
    RTC_Alarm_IRQHandler                     0x08000207   Thumb Code     0  startup_stm32g474xx.o(.text)
    RTC_TAMP_LSECSS_IRQHandler               0x08000207   Thumb Code     0  startup_stm32g474xx.o(.text)
    RTC_WKUP_IRQHandler                      0x08000207   Thumb Code     0  startup_stm32g474xx.o(.text)
    SAI1_IRQHandler                          0x08000207   Thumb Code     0  startup_stm32g474xx.o(.text)
    SPI1_IRQHandler                          0x08000207   Thumb Code     0  startup_stm32g474xx.o(.text)
    SPI2_IRQHandler                          0x08000207   Thumb Code     0  startup_stm32g474xx.o(.text)
    SPI3_IRQHandler                          0x08000207   Thumb Code     0  startup_stm32g474xx.o(.text)
    SPI4_IRQHandler                          0x08000207   Thumb Code     0  startup_stm32g474xx.o(.text)
    TIM1_BRK_TIM15_IRQHandler                0x08000207   Thumb Code     0  startup_stm32g474xx.o(.text)
    TIM1_CC_IRQHandler                       0x08000207   Thumb Code     0  startup_stm32g474xx.o(.text)
    TIM1_TRG_COM_TIM17_IRQHandler            0x08000207   Thumb Code     0  startup_stm32g474xx.o(.text)
    TIM20_BRK_IRQHandler                     0x08000207   Thumb Code     0  startup_stm32g474xx.o(.text)
    TIM20_CC_IRQHandler                      0x08000207   Thumb Code     0  startup_stm32g474xx.o(.text)
    TIM20_TRG_COM_IRQHandler                 0x08000207   Thumb Code     0  startup_stm32g474xx.o(.text)
    TIM20_UP_IRQHandler                      0x08000207   Thumb Code     0  startup_stm32g474xx.o(.text)
    TIM2_IRQHandler                          0x08000207   Thumb Code     0  startup_stm32g474xx.o(.text)
    TIM3_IRQHandler                          0x08000207   Thumb Code     0  startup_stm32g474xx.o(.text)
    TIM4_IRQHandler                          0x08000207   Thumb Code     0  startup_stm32g474xx.o(.text)
    TIM5_IRQHandler                          0x08000207   Thumb Code     0  startup_stm32g474xx.o(.text)
    TIM6_DAC_IRQHandler                      0x08000207   Thumb Code     0  startup_stm32g474xx.o(.text)
    TIM7_DAC_IRQHandler                      0x08000207   Thumb Code     0  startup_stm32g474xx.o(.text)
    TIM8_BRK_IRQHandler                      0x08000207   Thumb Code     0  startup_stm32g474xx.o(.text)
    TIM8_CC_IRQHandler                       0x08000207   Thumb Code     0  startup_stm32g474xx.o(.text)
    TIM8_TRG_COM_IRQHandler                  0x08000207   Thumb Code     0  startup_stm32g474xx.o(.text)
    TIM8_UP_IRQHandler                       0x08000207   Thumb Code     0  startup_stm32g474xx.o(.text)
    UART4_IRQHandler                         0x08000207   Thumb Code     0  startup_stm32g474xx.o(.text)
    UART5_IRQHandler                         0x08000207   Thumb Code     0  startup_stm32g474xx.o(.text)
    UCPD1_IRQHandler                         0x08000207   Thumb Code     0  startup_stm32g474xx.o(.text)
    USART2_IRQHandler                        0x08000207   Thumb Code     0  startup_stm32g474xx.o(.text)
    USART3_IRQHandler                        0x08000207   Thumb Code     0  startup_stm32g474xx.o(.text)
    USBWakeUp_IRQHandler                     0x08000207   Thumb Code     0  startup_stm32g474xx.o(.text)
    USB_HP_IRQHandler                        0x08000207   Thumb Code     0  startup_stm32g474xx.o(.text)
    USB_LP_IRQHandler                        0x08000207   Thumb Code     0  startup_stm32g474xx.o(.text)
    WWDG_IRQHandler                          0x08000207   Thumb Code     0  startup_stm32g474xx.o(.text)
    __aeabi_uldivmod                         0x08000211   Thumb Code    98  uldiv.o(.text)
    __aeabi_memcpy                           0x08000273   Thumb Code    36  memcpya.o(.text)
    __aeabi_memcpy4                          0x08000273   Thumb Code     0  memcpya.o(.text)
    __aeabi_memcpy8                          0x08000273   Thumb Code     0  memcpya.o(.text)
    __aeabi_memset                           0x08000297   Thumb Code    14  memseta.o(.text)
    __aeabi_memset4                          0x08000297   Thumb Code     0  memseta.o(.text)
    __aeabi_memset8                          0x08000297   Thumb Code     0  memseta.o(.text)
    __aeabi_memclr                           0x080002a5   Thumb Code     4  memseta.o(.text)
    __aeabi_memclr4                          0x080002a5   Thumb Code     0  memseta.o(.text)
    __aeabi_memclr8                          0x080002a5   Thumb Code     0  memseta.o(.text)
    _memset$wrapper                          0x080002a9   Thumb Code    18  memseta.o(.text)
    __aeabi_dmul                             0x080002bb   Thumb Code   228  dmul.o(.text)
    __aeabi_ddiv                             0x0800039f   Thumb Code   222  ddiv.o(.text)
    __aeabi_f2d                              0x0800047d   Thumb Code    38  f2d.o(.text)
    __aeabi_d2f                              0x080004a3   Thumb Code    56  d2f.o(.text)
    __aeabi_uidiv                            0x080004db   Thumb Code     0  uidiv.o(.text)
    __aeabi_uidivmod                         0x080004db   Thumb Code    44  uidiv.o(.text)
    __aeabi_llsl                             0x08000507   Thumb Code    30  llshl.o(.text)
    _ll_shift_l                              0x08000507   Thumb Code     0  llshl.o(.text)
    __aeabi_llsr                             0x08000525   Thumb Code    32  llushr.o(.text)
    _ll_ushift_r                             0x08000525   Thumb Code     0  llushr.o(.text)
    __I$use$fp                               0x08000545   Thumb Code     0  iusefp.o(.text)
    _float_round                             0x08000545   Thumb Code    18  fepilogue.o(.text)
    _float_epilogue                          0x08000557   Thumb Code    92  fepilogue.o(.text)
    _double_round                            0x080005b3   Thumb Code    30  depilogue.o(.text)
    _double_epilogue                         0x080005d1   Thumb Code   156  depilogue.o(.text)
    __aeabi_dadd                             0x0800066d   Thumb Code   322  dadd.o(.text)
    __aeabi_dsub                             0x080007af   Thumb Code     6  dadd.o(.text)
    __aeabi_drsub                            0x080007b5   Thumb Code     6  dadd.o(.text)
    __aeabi_d2ulz                            0x080007bb   Thumb Code    48  dfixul.o(.text)
    __aeabi_cdrcmple                         0x080007ed   Thumb Code    48  cdrcmple.o(.text)
    __scatterload                            0x0800081d   Thumb Code    38  init.o(.text)
    __scatterload_rt2                        0x0800081d   Thumb Code     0  init.o(.text)
    __aeabi_lasr                             0x0800084d   Thumb Code    36  llsshr.o(.text)
    _ll_sshift_r                             0x0800084d   Thumb Code     0  llsshr.o(.text)
    BusFault_Handler                         0x08000871   Thumb Code     4  stm32g4xx_it.o(.text.BusFault_Handler)
    DMA1_Channel1_IRQHandler                 0x08000875   Thumb Code    16  stm32g4xx_it.o(.text.DMA1_Channel1_IRQHandler)
    DebugMon_Handler                         0x080009a5   Thumb Code     2  stm32g4xx_it.o(.text.DebugMon_Handler)
    Error_Handler                            0x080009a9   Thumb Code    14  main.o(.text.Error_Handler)
    FDCAN1_IT0_IRQHandler                    0x080009b9   Thumb Code    16  stm32g4xx_it.o(.text.FDCAN1_IT0_IRQHandler)
    FDCAN1_IT1_IRQHandler                    0x080009c9   Thumb Code    16  stm32g4xx_it.o(.text.FDCAN1_IT1_IRQHandler)
    FDCAN2_IT0_IRQHandler                    0x080009d9   Thumb Code    16  stm32g4xx_it.o(.text.FDCAN2_IT0_IRQHandler)
    FDCAN2_IT1_IRQHandler                    0x080009e9   Thumb Code    16  stm32g4xx_it.o(.text.FDCAN2_IT1_IRQHandler)
    HAL_DMA_Abort                            0x08000b89   Thumb Code   156  stm32g4xx_hal_dma.o(.text.HAL_DMA_Abort)
    HAL_DMA_Abort_IT                         0x08000c25   Thumb Code   194  stm32g4xx_hal_dma.o(.text.HAL_DMA_Abort_IT)
    HAL_DMA_IRQHandler                       0x08000ce9   Thumb Code   342  stm32g4xx_hal_dma.o(.text.HAL_DMA_IRQHandler)
    HAL_DMA_Init                             0x08000e41   Thumb Code   342  stm32g4xx_hal_dma.o(.text.HAL_DMA_Init)
    HAL_DMA_Start_IT                         0x08000f99   Thumb Code   252  stm32g4xx_hal_dma.o(.text.HAL_DMA_Start_IT)
    HAL_FDCAN_ActivateNotification           0x08001095   Thumb Code   522  stm32g4xx_hal_fdcan.o(.text.HAL_FDCAN_ActivateNotification)
    HAL_FDCAN_AddMessageToTxFifoQ            0x080012a1   Thumb Code   154  stm32g4xx_hal_fdcan.o(.text.HAL_FDCAN_AddMessageToTxFifoQ)
    HAL_FDCAN_ConfigFilter                   0x0800133d   Thumb Code   182  stm32g4xx_hal_fdcan.o(.text.HAL_FDCAN_ConfigFilter)
    HAL_FDCAN_ConfigGlobalFilter             0x080013f5   Thumb Code   102  stm32g4xx_hal_fdcan.o(.text.HAL_FDCAN_ConfigGlobalFilter)
    HAL_FDCAN_ErrorCallback                  0x0800145d   Thumb Code     8  stm32g4xx_hal_fdcan.o(.text.HAL_FDCAN_ErrorCallback)
    HAL_FDCAN_ErrorStatusCallback            0x08001465   Thumb Code   148  fdcan_bsp.o(.text.HAL_FDCAN_ErrorStatusCallback)
    HAL_FDCAN_GetRxMessage                   0x080014f9   Thumb Code   560  stm32g4xx_hal_fdcan.o(.text.HAL_FDCAN_GetRxMessage)
    HAL_FDCAN_HighPriorityMessageCallback    0x08001729   Thumb Code     8  stm32g4xx_hal_fdcan.o(.text.HAL_FDCAN_HighPriorityMessageCallback)
    HAL_FDCAN_IRQHandler                     0x08001731   Thumb Code   696  stm32g4xx_hal_fdcan.o(.text.HAL_FDCAN_IRQHandler)
    HAL_FDCAN_Init                           0x080019e9   Thumb Code   716  stm32g4xx_hal_fdcan.o(.text.HAL_FDCAN_Init)
    HAL_FDCAN_MspInit                        0x08001cb5   Thumb Code   604  fdcan.o(.text.HAL_FDCAN_MspInit)
    HAL_FDCAN_RxFifo0Callback                0x08001f11   Thumb Code    32  fdcan_bsp.o(.text.HAL_FDCAN_RxFifo0Callback)
    HAL_FDCAN_RxFifo1Callback                0x08001f31   Thumb Code    34  fdcan_bsp.o(.text.HAL_FDCAN_RxFifo1Callback)
    HAL_FDCAN_Start                          0x08001f55   Thumb Code    74  stm32g4xx_hal_fdcan.o(.text.HAL_FDCAN_Start)
    HAL_FDCAN_TimeoutOccurredCallback        0x08001fa1   Thumb Code     8  stm32g4xx_hal_fdcan.o(.text.HAL_FDCAN_TimeoutOccurredCallback)
    HAL_FDCAN_TimestampWraparoundCallback    0x08001fa9   Thumb Code     8  stm32g4xx_hal_fdcan.o(.text.HAL_FDCAN_TimestampWraparoundCallback)
    HAL_FDCAN_TxBufferAbortCallback          0x08001fb1   Thumb Code    10  stm32g4xx_hal_fdcan.o(.text.HAL_FDCAN_TxBufferAbortCallback)
    HAL_FDCAN_TxBufferCompleteCallback       0x08001fbd   Thumb Code    10  stm32g4xx_hal_fdcan.o(.text.HAL_FDCAN_TxBufferCompleteCallback)
    HAL_FDCAN_TxEventFifoCallback            0x08001fc9   Thumb Code    10  stm32g4xx_hal_fdcan.o(.text.HAL_FDCAN_TxEventFifoCallback)
    HAL_FDCAN_TxFifoEmptyCallback            0x08001fd5   Thumb Code     8  stm32g4xx_hal_fdcan.o(.text.HAL_FDCAN_TxFifoEmptyCallback)
    HAL_GPIO_Init                            0x08001fdd   Thumb Code   872  stm32g4xx_hal_gpio.o(.text.HAL_GPIO_Init)
    HAL_GetTick                              0x08002345   Thumb Code    12  stm32g4xx_hal.o(.text.HAL_GetTick)
    HAL_IncTick                              0x08002351   Thumb Code    26  stm32g4xx_hal.o(.text.HAL_IncTick)
    HAL_Init                                 0x0800236d   Thumb Code    48  stm32g4xx_hal.o(.text.HAL_Init)
    HAL_InitTick                             0x0800239d   Thumb Code   212  stm32g4xx_hal_timebase_tim.o(.text.HAL_InitTick)
    HAL_MspInit                              0x08002471   Thumb Code    84  stm32g4xx_hal_msp.o(.text.HAL_MspInit)
    HAL_NVIC_EnableIRQ                       0x080024c5   Thumb Code    20  stm32g4xx_hal_cortex.o(.text.HAL_NVIC_EnableIRQ)
    HAL_NVIC_SetPriority                     0x080024d9   Thumb Code    46  stm32g4xx_hal_cortex.o(.text.HAL_NVIC_SetPriority)
    HAL_NVIC_SetPriorityGrouping             0x08002509   Thumb Code    16  stm32g4xx_hal_cortex.o(.text.HAL_NVIC_SetPriorityGrouping)
    HAL_PWREx_ControlVoltageScaling          0x08002519   Thumb Code   436  stm32g4xx_hal_pwr_ex.o(.text.HAL_PWREx_ControlVoltageScaling)
    HAL_PWREx_DisableUCPDDeadBattery         0x080026cd   Thumb Code    18  stm32g4xx_hal_pwr_ex.o(.text.HAL_PWREx_DisableUCPDDeadBattery)
    HAL_RCCEx_PeriphCLKConfig                0x080026e1   Thumb Code  1316  stm32g4xx_hal_rcc_ex.o(.text.HAL_RCCEx_PeriphCLKConfig)
    HAL_RCC_ClockConfig                      0x08002c05   Thumb Code   806  stm32g4xx_hal_rcc.o(.text.HAL_RCC_ClockConfig)
    HAL_RCC_GetClockConfig                   0x08002f2d   Thumb Code    84  stm32g4xx_hal_rcc.o(.text.HAL_RCC_GetClockConfig)
    HAL_RCC_GetHCLKFreq                      0x08002f81   Thumb Code    12  stm32g4xx_hal_rcc.o(.text.HAL_RCC_GetHCLKFreq)
    HAL_RCC_GetPCLK1Freq                     0x08002f8d   Thumb Code    38  stm32g4xx_hal_rcc.o(.text.HAL_RCC_GetPCLK1Freq)
    HAL_RCC_GetPCLK2Freq                     0x08002fb5   Thumb Code    38  stm32g4xx_hal_rcc.o(.text.HAL_RCC_GetPCLK2Freq)
    HAL_RCC_GetSysClockFreq                  0x08002fdd   Thumb Code   252  stm32g4xx_hal_rcc.o(.text.HAL_RCC_GetSysClockFreq)
    HAL_RCC_OscConfig                        0x080030d9   Thumb Code  1974  stm32g4xx_hal_rcc.o(.text.HAL_RCC_OscConfig)
    HAL_TIMEx_Break2Callback                 0x08003891   Thumb Code     8  stm32g4xx_hal_tim_ex.o(.text.HAL_TIMEx_Break2Callback)
    HAL_TIMEx_BreakCallback                  0x08003899   Thumb Code     8  stm32g4xx_hal_tim_ex.o(.text.HAL_TIMEx_BreakCallback)
    HAL_TIMEx_CommutCallback                 0x080038a1   Thumb Code     8  stm32g4xx_hal_tim_ex.o(.text.HAL_TIMEx_CommutCallback)
    HAL_TIMEx_DirectionChangeCallback        0x080038a9   Thumb Code     8  stm32g4xx_hal_tim_ex.o(.text.HAL_TIMEx_DirectionChangeCallback)
    HAL_TIMEx_EncoderIndexCallback           0x080038b1   Thumb Code     8  stm32g4xx_hal_tim_ex.o(.text.HAL_TIMEx_EncoderIndexCallback)
    HAL_TIMEx_IndexErrorCallback             0x080038b9   Thumb Code     8  stm32g4xx_hal_tim_ex.o(.text.HAL_TIMEx_IndexErrorCallback)
    HAL_TIMEx_TransitionErrorCallback        0x080038c1   Thumb Code     8  stm32g4xx_hal_tim_ex.o(.text.HAL_TIMEx_TransitionErrorCallback)
    HAL_TIM_Base_Init                        0x080038c9   Thumb Code   168  stm32g4xx_hal_tim.o(.text.HAL_TIM_Base_Init)
    HAL_TIM_Base_MspInit                     0x08003971   Thumb Code     8  stm32g4xx_hal_tim.o(.text.HAL_TIM_Base_MspInit)
    HAL_TIM_Base_Start_IT                    0x08003979   Thumb Code   262  stm32g4xx_hal_tim.o(.text.HAL_TIM_Base_Start_IT)
    HAL_TIM_IC_CaptureCallback               0x08003a81   Thumb Code     8  stm32g4xx_hal_tim.o(.text.HAL_TIM_IC_CaptureCallback)
    HAL_TIM_IRQHandler                       0x08003a89   Thumb Code   768  stm32g4xx_hal_tim.o(.text.HAL_TIM_IRQHandler)
    HAL_TIM_OC_DelayElapsedCallback          0x08003d89   Thumb Code     8  stm32g4xx_hal_tim.o(.text.HAL_TIM_OC_DelayElapsedCallback)
    HAL_TIM_PWM_PulseFinishedCallback        0x08003d91   Thumb Code     8  stm32g4xx_hal_tim.o(.text.HAL_TIM_PWM_PulseFinishedCallback)
    HAL_TIM_PeriodElapsedCallback            0x08003d99   Thumb Code    34  main.o(.text.HAL_TIM_PeriodElapsedCallback)
    HAL_TIM_TriggerCallback                  0x08003dbd   Thumb Code     8  stm32g4xx_hal_tim.o(.text.HAL_TIM_TriggerCallback)
    HAL_UARTEx_DisableFifoMode               0x08003dc5   Thumb Code   124  stm32g4xx_hal_uart_ex.o(.text.HAL_UARTEx_DisableFifoMode)
    HAL_UARTEx_ReceiveToIdle_DMA             0x08003e41   Thumb Code   176  stm32g4xx_hal_uart_ex.o(.text.HAL_UARTEx_ReceiveToIdle_DMA)
    HAL_UARTEx_RxEventCallback               0x08003ef1   Thumb Code   130  app_freertos.o(.text.HAL_UARTEx_RxEventCallback)
    HAL_UARTEx_RxFifoFullCallback            0x08003f75   Thumb Code     8  stm32g4xx_hal_uart_ex.o(.text.HAL_UARTEx_RxFifoFullCallback)
    HAL_UARTEx_SetRxFifoThreshold            0x08003f7d   Thumb Code   140  stm32g4xx_hal_uart_ex.o(.text.HAL_UARTEx_SetRxFifoThreshold)
    HAL_UARTEx_SetTxFifoThreshold            0x08004009   Thumb Code   140  stm32g4xx_hal_uart_ex.o(.text.HAL_UARTEx_SetTxFifoThreshold)
    HAL_UARTEx_TxFifoEmptyCallback           0x08004095   Thumb Code     8  stm32g4xx_hal_uart_ex.o(.text.HAL_UARTEx_TxFifoEmptyCallback)
    HAL_UARTEx_WakeupCallback                0x0800409d   Thumb Code     8  stm32g4xx_hal_uart_ex.o(.text.HAL_UARTEx_WakeupCallback)
    HAL_UART_ErrorCallback                   0x080040a5   Thumb Code     8  stm32g4xx_hal_uart.o(.text.HAL_UART_ErrorCallback)
    HAL_UART_IRQHandler                      0x080040ad   Thumb Code  1430  stm32g4xx_hal_uart.o(.text.HAL_UART_IRQHandler)
    HAL_UART_Init                            0x08004645   Thumb Code   170  stm32g4xx_hal_uart.o(.text.HAL_UART_Init)
    HAL_UART_MspInit                         0x080046f1   Thumb Code   262  usart.o(.text.HAL_UART_MspInit)
    HAL_UART_RxCpltCallback                  0x080047f9   Thumb Code     8  stm32g4xx_hal_uart.o(.text.HAL_UART_RxCpltCallback)
    HAL_UART_RxHalfCpltCallback              0x08004801   Thumb Code     8  stm32g4xx_hal_uart.o(.text.HAL_UART_RxHalfCpltCallback)
    HAL_UART_Transmit                        0x08004809   Thumb Code   312  stm32g4xx_hal_uart.o(.text.HAL_UART_Transmit)
    HAL_UART_TxCpltCallback                  0x08004941   Thumb Code     8  stm32g4xx_hal_uart.o(.text.HAL_UART_TxCpltCallback)
    HardFault_Handler                        0x08004949   Thumb Code     4  stm32g4xx_it.o(.text.HardFault_Handler)
    MX_DMA_Init                              0x0800494d   Thumb Code    86  dma.o(.text.MX_DMA_Init)
    MX_FDCAN1_Init                           0x080049a5   Thumb Code   100  fdcan.o(.text.MX_FDCAN1_Init)
    MX_FDCAN2_Init                           0x08004a09   Thumb Code   100  fdcan.o(.text.MX_FDCAN2_Init)
    MX_FDCAN3_Init                           0x08004a6d   Thumb Code   100  fdcan.o(.text.MX_FDCAN3_Init)
    MX_FREERTOS_Init                         0x08004ad1   Thumb Code    62  app_freertos.o(.text.MX_FREERTOS_Init)
    MX_GPIO_Init                             0x08004b11   Thumb Code   126  gpio.o(.text.MX_GPIO_Init)
    MX_USART1_UART_Init                      0x08004b91   Thumb Code   142  usart.o(.text.MX_USART1_UART_Init)
    MemManage_Handler                        0x08004c21   Thumb Code     4  stm32g4xx_it.o(.text.MemManage_Handler)
    NMI_Handler                              0x08004c25   Thumb Code     4  stm32g4xx_it.o(.text.NMI_Handler)
    PendSV_Handler                           0x08004ca1   Thumb Code   100  port.o(.text.PendSV_Handler)
    Pid_incremental_cal                      0x08004d05   Thumb Code   262  pid.o(.text.Pid_incremental_cal)
    SVC_Handler                              0x08004eb1   Thumb Code    36  port.o(.text.SVC_Handler)
    StartDefaultTask                         0x08004ee9   Thumb Code   232  app_freertos.o(.text.StartDefaultTask)
    SysTick_Handler                          0x08004fe1   Thumb Code    30  cmsis_os2.o(.text.SysTick_Handler)
    SystemClock_Config                       0x08005001   Thumb Code   114  main.o(.text.SystemClock_Config)
    SystemInit                               0x08005075   Thumb Code    18  system_stm32g4xx.o(.text.SystemInit)
    TIM1_UP_TIM16_IRQHandler                 0x08005089   Thumb Code    16  stm32g4xx_it.o(.text.TIM1_UP_TIM16_IRQHandler)
    TIM_Base_SetConfig                       0x08005099   Thumb Code   486  stm32g4xx_hal_tim.o(.text.TIM_Base_SetConfig)
    UART_AdvFeatureConfig                    0x08005309   Thumb Code   328  stm32g4xx_hal_uart.o(.text.UART_AdvFeatureConfig)
    UART_CheckIdleState                      0x08005451   Thumb Code   326  stm32g4xx_hal_uart.o(.text.UART_CheckIdleState)
    UART_SetConfig                           0x080058a9   Thumb Code  1506  stm32g4xx_hal_uart.o(.text.UART_SetConfig)
    UART_Start_Receive_DMA                   0x08005e8d   Thumb Code   302  stm32g4xx_hal_uart.o(.text.UART_Start_Receive_DMA)
    UART_WaitOnFlagUntilTimeout              0x08005fbd   Thumb Code   268  stm32g4xx_hal_uart.o(.text.UART_WaitOnFlagUntilTimeout)
    USART1_IRQHandler                        0x080060c9   Thumb Code    16  stm32g4xx_it.o(.text.USART1_IRQHandler)
    UsageFault_Handler                       0x080060d9   Thumb Code     4  stm32g4xx_it.o(.text.UsageFault_Handler)
    cybergear_message_handler                0x080062bd   Thumb Code   352  cybergear_motor.o(.text.cybergear_message_handler)
    cybergear_motor_degree2rad               0x080064a1   Thumb Code   120  cybergear_motor.o(.text.cybergear_motor_degree2rad)
    cybergear_motor_enable                   0x08006529   Thumb Code    16  cybergear_motor.o(.text.cybergear_motor_enable)
    cybergear_motor_get_instance             0x08006539   Thumb Code    52  cybergear_motor.o(.text.cybergear_motor_get_instance)
    cybergear_motor_set_mode                 0x0800656d   Thumb Code    60  cybergear_motor.o(.text.cybergear_motor_set_mode)
    cybergear_motor_set_position             0x080065a9   Thumb Code    60  cybergear_motor.o(.text.cybergear_motor_set_position)
    cybergear_motor_stop                     0x080065e5   Thumb Code    34  cybergear_motor.o(.text.cybergear_motor_stop)
    cybergear_motors_init                    0x08006609   Thumb Code    24  cybergear_motor.o(.text.cybergear_motors_init)
    dji_motor_message_handler                0x0800678d   Thumb Code   168  dji_motor.o(.text.dji_motor_message_handler)
    dji_motors_init                          0x08006a0d   Thumb Code   220  dji_motor.o(.text.dji_motors_init)
    fdcan_bsp_init                           0x08006b15   Thumb Code    72  fdcan_bsp.o(.text.fdcan_bsp_init)
    fdcan_bsp_register                       0x08006b5d   Thumb Code   278  fdcan_bsp.o(.text.fdcan_bsp_register)
    fdcan_bsp_start                          0x08006c75   Thumb Code   450  fdcan_bsp.o(.text.fdcan_bsp_start)
    fputc                                    0x08006f49   Thumb Code    34  usart.o(.text.fputc)
    main                                     0x08006ff9   Thumb Code    92  main.o(.text.main)
    osKernelInitialize                       0x08007079   Thumb Code    70  cmsis_os2.o(.text.osKernelInitialize)
    osKernelStart                            0x080070c1   Thumb Code    82  cmsis_os2.o(.text.osKernelStart)
    osThreadNew                              0x08007115   Thumb Code   346  cmsis_os2.o(.text.osThreadNew)
    pvPortMalloc                             0x08008439   Thumb Code   492  heap_4.o(.text.pvPortMalloc)
    pvTaskIncrementMutexHeldCount            0x08008625   Thumb Code    44  tasks.o(.text.pvTaskIncrementMutexHeldCount)
    pxPortInitialiseStack                    0x08008651   Thumb Code    94  port.o(.text.pxPortInitialiseStack)
    trajectory_planner_init                  0x080086b1   Thumb Code   150  trajectory_planner.o(.text.trajectory_planner_init)
    trajectory_planner_set_target            0x08008749   Thumb Code    74  trajectory_planner.o(.text.trajectory_planner_set_target)
    trajectory_planner_start                 0x08008795   Thumb Code   164  trajectory_planner.o(.text.trajectory_planner_start)
    uxListRemove                             0x08008891   Thumb Code    72  list.o(.text.uxListRemove)
    vApplicationGetIdleTaskMemory            0x080088d9   Thumb Code    42  cmsis_os2.o(.text.vApplicationGetIdleTaskMemory)
    vApplicationGetTimerTaskMemory           0x08008905   Thumb Code    44  cmsis_os2.o(.text.vApplicationGetTimerTaskMemory)
    vListInitialise                          0x08008931   Thumb Code    46  list.o(.text.vListInitialise)
    vListInitialiseItem                      0x08008961   Thumb Code    14  list.o(.text.vListInitialiseItem)
    vListInsert                              0x08008971   Thumb Code   106  list.o(.text.vListInsert)
    vListInsertEnd                           0x080089dd   Thumb Code    58  list.o(.text.vListInsertEnd)
    vPortEnterCritical                       0x08008a2d   Thumb Code    86  port.o(.text.vPortEnterCritical)
    vPortExitCritical                        0x08008a85   Thumb Code    74  port.o(.text.vPortExitCritical)
    vPortFree                                0x08008ad1   Thumb Code   206  heap_4.o(.text.vPortFree)
    vPortSetupTimerInterrupt                 0x08008ba1   Thumb Code    68  port.o(.text.vPortSetupTimerInterrupt)
    vPortValidateInterruptPriority           0x08008be5   Thumb Code   132  port.o(.text.vPortValidateInterruptPriority)
    vQueueAddToRegistry                      0x08008c69   Thumb Code    82  queue.o(.text.vQueueAddToRegistry)
    vQueueWaitForMessageRestricted           0x08008cbd   Thumb Code   100  queue.o(.text.vQueueWaitForMessageRestricted)
    vTaskDelay                               0x08008d21   Thumb Code   110  tasks.o(.text.vTaskDelay)
    vTaskDelayUntil                          0x08008d91   Thumb Code   276  tasks.o(.text.vTaskDelayUntil)
    vTaskInternalSetTimeOutState             0x08008ea5   Thumb Code    36  tasks.o(.text.vTaskInternalSetTimeOutState)
    vTaskMissedYield                         0x08008ec9   Thumb Code    14  tasks.o(.text.vTaskMissedYield)
    vTaskPlaceOnEventList                    0x08008ed9   Thumb Code    66  tasks.o(.text.vTaskPlaceOnEventList)
    vTaskPlaceOnEventListRestricted          0x08008f1d   Thumb Code    82  tasks.o(.text.vTaskPlaceOnEventListRestricted)
    vTaskPriorityDisinheritAfterTimeout      0x08008f71   Thumb Code   308  tasks.o(.text.vTaskPriorityDisinheritAfterTimeout)
    vTaskResume                              0x080090a5   Thumb Code   214  tasks.o(.text.vTaskResume)
    vTaskStartScheduler                      0x0800917d   Thumb Code   224  tasks.o(.text.vTaskStartScheduler)
    vTaskSuspend                             0x0800925d   Thumb Code   296  tasks.o(.text.vTaskSuspend)
    vTaskSuspendAll                          0x08009385   Thumb Code    16  tasks.o(.text.vTaskSuspendAll)
    vTaskSwitchContext                       0x08009395   Thumb Code   198  tasks.o(.text.vTaskSwitchContext)
    xPortStartScheduler                      0x0800945d   Thumb Code   342  port.o(.text.xPortStartScheduler)
    xPortSysTickHandler                      0x080095b5   Thumb Code    60  port.o(.text.xPortSysTickHandler)
    xQueueCreateMutex                        0x080095f1   Thumb Code    38  queue.o(.text.xQueueCreateMutex)
    xQueueGenericCreate                      0x08009619   Thumb Code   116  queue.o(.text.xQueueGenericCreate)
    xQueueGenericCreateStatic                0x0800968d   Thumb Code   270  queue.o(.text.xQueueGenericCreateStatic)
    xQueueGenericReset                       0x0800979d   Thumb Code   186  queue.o(.text.xQueueGenericReset)
    xQueueGenericSend                        0x08009859   Thumb Code   556  queue.o(.text.xQueueGenericSend)
    xQueueGenericSendFromISR                 0x08009a85   Thumb Code   332  queue.o(.text.xQueueGenericSendFromISR)
    xQueueReceive                            0x08009bd1   Thumb Code   476  queue.o(.text.xQueueReceive)
    xQueueSemaphoreTake                      0x08009dad   Thumb Code   556  queue.o(.text.xQueueSemaphoreTake)
    xTaskCheckForTimeOut                     0x08009fd9   Thumb Code   204  tasks.o(.text.xTaskCheckForTimeOut)
    xTaskCreate                              0x0800a0a5   Thumb Code   158  tasks.o(.text.xTaskCreate)
    xTaskCreateStatic                        0x0800a145   Thumb Code   206  tasks.o(.text.xTaskCreateStatic)
    xTaskGetSchedulerState                   0x0800a215   Thumb Code    56  tasks.o(.text.xTaskGetSchedulerState)
    xTaskGetTickCount                        0x0800a24d   Thumb Code    20  tasks.o(.text.xTaskGetTickCount)
    xTaskIncrementTick                       0x0800a261   Thumb Code   452  tasks.o(.text.xTaskIncrementTick)
    xTaskPriorityDisinherit                  0x0800a425   Thumb Code   236  tasks.o(.text.xTaskPriorityDisinherit)
    xTaskPriorityInherit                     0x0800a511   Thumb Code   270  tasks.o(.text.xTaskPriorityInherit)
    xTaskRemoveFromEventList                 0x0800a621   Thumb Code   206  tasks.o(.text.xTaskRemoveFromEventList)
    xTaskResumeAll                           0x0800a6f1   Thumb Code   390  tasks.o(.text.xTaskResumeAll)
    xTimerCreateTimerTask                    0x0800a879   Thumb Code   148  timers.o(.text.xTimerCreateTimerTask)
    xTimerGenericCommand                     0x0800a90d   Thumb Code   176  timers.o(.text.xTimerGenericCommand)
    __0printf                                0x0800a9bd   Thumb Code    22  printfa.o(i.__0printf)
    __1printf                                0x0800a9bd   Thumb Code     0  printfa.o(i.__0printf)
    __2printf                                0x0800a9bd   Thumb Code     0  printfa.o(i.__0printf)
    __c89printf                              0x0800a9bd   Thumb Code     0  printfa.o(i.__0printf)
    printf                                   0x0800a9bd   Thumb Code     0  printfa.o(i.__0printf)
    __scatterload_copy                       0x0800a9dd   Thumb Code    14  handlers.o(i.__scatterload_copy)
    __scatterload_null                       0x0800a9eb   Thumb Code     2  handlers.o(i.__scatterload_null)
    __scatterload_zeroinit                   0x0800a9ed   Thumb Code    14  handlers.o(i.__scatterload_zeroinit)
    AHBPrescTable                            0x0800b2ae   Data          16  system_stm32g4xx.o(.rodata.AHBPrescTable)
    APBPrescTable                            0x0800b2be   Data           8  system_stm32g4xx.o(.rodata.APBPrescTable)
    UARTPrescTable                           0x0800b2e6   Data          24  stm32g4xx_hal_uart.o(.rodata.UARTPrescTable)
    defaultTask_attributes                   0x0800b300   Data          36  app_freertos.o(.rodata.defaultTask_attributes)
    Region$$Table$$Base                      0x0800b380   Number         0  anon$$obj.o(Region$$Table)
    Region$$Table$$Limit                     0x0800b3a0   Number         0  anon$$obj.o(Region$$Table)
    __stdout                                 0x20000000   Data           4  stdout.o(.data)
    SystemCoreClock                          0x20000004   Data           4  system_stm32g4xx.o(.data.SystemCoreClock)
    uwTickFreq                               0x2000000c   Data           4  stm32g4xx_hal.o(.data.uwTickFreq)
    uwTickPrio                               0x20000010   Data           4  stm32g4xx_hal.o(.data.uwTickPrio)
    defaultTaskHandle                        0x20000044   Data           4  app_freertos.o(.bss.defaultTaskHandle)
    hdma_usart1_rx                           0x20001544   Data          96  usart.o(.bss.hdma_usart1_rx)
    hfdcan1                                  0x200015a4   Data         100  fdcan.o(.bss.hfdcan1)
    hfdcan2                                  0x20001608   Data         100  fdcan.o(.bss.hfdcan2)
    hfdcan3                                  0x2000166c   Data         100  fdcan.o(.bss.hfdcan3)
    htim1                                    0x200016d0   Data          76  stm32g4xx_hal_timebase_tim.o(.bss.htim1)
    huart1                                   0x2000171c   Data         148  usart.o(.bss.huart1)
    pxCurrentTCB                             0x200018a8   Data           4  tasks.o(.bss.pxCurrentTCB)
    set_pos                                  0x20001d20   Data           4  app_freertos.o(.bss.set_pos)
    uart_rx_buffer                           0x20001fa8   Data          64  app_freertos.o(.bss.uart_rx_buffer)
    uwTick                                   0x20002bf0   Data           4  stm32g4xx_hal.o(.bss.uwTick)
    xQueueRegistry                           0x2000334c   Data          64  queue.o(.bss.xQueueRegistry)
    __initial_sp                             0x200037d0   Data           0  startup_stm32g474xx.o(STACK)



==============================================================================

Memory Map of the image

  Image Entry point : 0x080001d9

  Load Region LR_IROM1 (Base: 0x08000000, Size: 0x0000b3b8, Max: 0x00080000, ABSOLUTE)

    Execution Region ER_IROM1 (Exec base: 0x08000000, Load base: 0x08000000, Size: 0x0000b3a0, Max: 0x00080000, ABSOLUTE)

    Exec Addr    Load Addr    Size         Type   Attr      Idx    E Section Name        Object

    0x08000000   0x08000000   0x000001d8   Data   RO            3    RESET               startup_stm32g474xx.o
    0x080001d8   0x080001d8   0x00000000   Code   RO         2355  * .ARM.Collect$$$$00000000  mc_w.l(entry.o)
    0x080001d8   0x080001d8   0x00000004   Code   RO         2402    .ARM.Collect$$$$00000001  mc_w.l(entry2.o)
    0x080001dc   0x080001dc   0x00000004   Code   RO         2405    .ARM.Collect$$$$00000004  mc_w.l(entry5.o)
    0x080001e0   0x080001e0   0x00000000   Code   RO         2407    .ARM.Collect$$$$00000008  mc_w.l(entry7b.o)
    0x080001e0   0x080001e0   0x00000000   Code   RO         2409    .ARM.Collect$$$$0000000A  mc_w.l(entry8b.o)
    0x080001e0   0x080001e0   0x00000008   Code   RO         2410    .ARM.Collect$$$$0000000B  mc_w.l(entry9a.o)
    0x080001e8   0x080001e8   0x00000000   Code   RO         2412    .ARM.Collect$$$$0000000D  mc_w.l(entry10a.o)
    0x080001e8   0x080001e8   0x00000000   Code   RO         2414    .ARM.Collect$$$$0000000F  mc_w.l(entry11a.o)
    0x080001e8   0x080001e8   0x00000004   Code   RO         2403    .ARM.Collect$$$$00002712  mc_w.l(entry2.o)
    0x080001ec   0x080001ec   0x00000024   Code   RO            4    .text               startup_stm32g474xx.o
    0x08000210   0x08000210   0x00000062   Code   RO         2358    .text               mc_w.l(uldiv.o)
    0x08000272   0x08000272   0x00000024   Code   RO         2360    .text               mc_w.l(memcpya.o)
    0x08000296   0x08000296   0x00000024   Code   RO         2362    .text               mc_w.l(memseta.o)
    0x080002ba   0x080002ba   0x000000e4   Code   RO         2394    .text               mf_w.l(dmul.o)
    0x0800039e   0x0800039e   0x000000de   Code   RO         2396    .text               mf_w.l(ddiv.o)
    0x0800047c   0x0800047c   0x00000026   Code   RO         2398    .text               mf_w.l(f2d.o)
    0x080004a2   0x080004a2   0x00000038   Code   RO         2400    .text               mf_w.l(d2f.o)
    0x080004da   0x080004da   0x0000002c   Code   RO         2426    .text               mc_w.l(uidiv.o)
    0x08000506   0x08000506   0x0000001e   Code   RO         2428    .text               mc_w.l(llshl.o)
    0x08000524   0x08000524   0x00000020   Code   RO         2430    .text               mc_w.l(llushr.o)
    0x08000544   0x08000544   0x00000000   Code   RO         2432    .text               mc_w.l(iusefp.o)
    0x08000544   0x08000544   0x0000006e   Code   RO         2433    .text               mf_w.l(fepilogue.o)
    0x080005b2   0x080005b2   0x000000ba   Code   RO         2435    .text               mf_w.l(depilogue.o)
    0x0800066c   0x0800066c   0x0000014e   Code   RO         2437    .text               mf_w.l(dadd.o)
    0x080007ba   0x080007ba   0x00000030   Code   RO         2439    .text               mf_w.l(dfixul.o)
    0x080007ea   0x080007ea   0x00000002   PAD
    0x080007ec   0x080007ec   0x00000030   Code   RO         2441    .text               mf_w.l(cdrcmple.o)
    0x0800081c   0x0800081c   0x00000030   Code   RO         2443    .text               mc_w.l(init.o)
    0x0800084c   0x0800084c   0x00000024   Code   RO         2445    .text               mc_w.l(llsshr.o)
    0x08000870   0x08000870   0x00000004   Code   RO          108    .text.BusFault_Handler  stm32g4xx_it.o
    0x08000874   0x08000874   0x00000010   Code   RO          114    .text.DMA1_Channel1_IRQHandler  stm32g4xx_it.o
    0x08000884   0x08000884   0x00000074   Code   RO         1003    .text.DMA_CalcDMAMUXChannelBaseAndMask  stm32g4xx_hal_dma.o
    0x080008f8   0x080008f8   0x0000003c   Code   RO         1005    .text.DMA_CalcDMAMUXRequestGenBaseAndMask  stm32g4xx_hal_dma.o
    0x08000934   0x08000934   0x0000006e   Code   RO         1011    .text.DMA_SetConfig  stm32g4xx_hal_dma.o
    0x080009a2   0x080009a2   0x00000002   PAD
    0x080009a4   0x080009a4   0x00000002   Code   RO          112    .text.DebugMon_Handler  stm32g4xx_it.o
    0x080009a6   0x080009a6   0x00000002   PAD
    0x080009a8   0x080009a8   0x0000000e   Code   RO           15    .text.Error_Handler  main.o
    0x080009b6   0x080009b6   0x00000002   PAD
    0x080009b8   0x080009b8   0x00000010   Code   RO          116    .text.FDCAN1_IT0_IRQHandler  stm32g4xx_it.o
    0x080009c8   0x080009c8   0x00000010   Code   RO          118    .text.FDCAN1_IT1_IRQHandler  stm32g4xx_it.o
    0x080009d8   0x080009d8   0x00000010   Code   RO          124    .text.FDCAN2_IT0_IRQHandler  stm32g4xx_it.o
    0x080009e8   0x080009e8   0x00000010   Code   RO          126    .text.FDCAN2_IT1_IRQHandler  stm32g4xx_it.o
    0x080009f8   0x080009f8   0x000000d6   Code   RO          555    .text.FDCAN_CalcultateRamBlockAddresses  stm32g4xx_hal_fdcan.o
    0x08000ace   0x08000ace   0x00000002   PAD
    0x08000ad0   0x08000ad0   0x000000b6   Code   RO          615    .text.FDCAN_CopyMessageToRAM  stm32g4xx_hal_fdcan.o
    0x08000b86   0x08000b86   0x00000002   PAD
    0x08000b88   0x08000b88   0x0000009c   Code   RO         1015    .text.HAL_DMA_Abort  stm32g4xx_hal_dma.o
    0x08000c24   0x08000c24   0x000000c2   Code   RO         1017    .text.HAL_DMA_Abort_IT  stm32g4xx_hal_dma.o
    0x08000ce6   0x08000ce6   0x00000002   PAD
    0x08000ce8   0x08000ce8   0x00000156   Code   RO         1021    .text.HAL_DMA_IRQHandler  stm32g4xx_hal_dma.o
    0x08000e3e   0x08000e3e   0x00000002   PAD
    0x08000e40   0x08000e40   0x00000156   Code   RO         1001    .text.HAL_DMA_Init  stm32g4xx_hal_dma.o
    0x08000f96   0x08000f96   0x00000002   PAD
    0x08000f98   0x08000f98   0x000000fc   Code   RO         1013    .text.HAL_DMA_Start_IT  stm32g4xx_hal_dma.o
    0x08001094   0x08001094   0x0000020a   Code   RO          643    .text.HAL_FDCAN_ActivateNotification  stm32g4xx_hal_fdcan.o
    0x0800129e   0x0800129e   0x00000002   PAD
    0x080012a0   0x080012a0   0x0000009a   Code   RO          613    .text.HAL_FDCAN_AddMessageToTxFifoQ  stm32g4xx_hal_fdcan.o
    0x0800133a   0x0800133a   0x00000002   PAD
    0x0800133c   0x0800133c   0x000000b6   Code   RO          567    .text.HAL_FDCAN_ConfigFilter  stm32g4xx_hal_fdcan.o
    0x080013f2   0x080013f2   0x00000002   PAD
    0x080013f4   0x080013f4   0x00000066   Code   RO          569    .text.HAL_FDCAN_ConfigGlobalFilter  stm32g4xx_hal_fdcan.o
    0x0800145a   0x0800145a   0x00000002   PAD
    0x0800145c   0x0800145c   0x00000008   Code   RO          669    .text.HAL_FDCAN_ErrorCallback  stm32g4xx_hal_fdcan.o
    0x08001464   0x08001464   0x00000094   Code   RO         1469    .text.HAL_FDCAN_ErrorStatusCallback  fdcan_bsp.o
    0x080014f8   0x080014f8   0x00000230   Code   RO          621    .text.HAL_FDCAN_GetRxMessage  stm32g4xx_hal_fdcan.o
    0x08001728   0x08001728   0x00000008   Code   RO          649    .text.HAL_FDCAN_HighPriorityMessageCallback  stm32g4xx_hal_fdcan.o
    0x08001730   0x08001730   0x000002b8   Code   RO          647    .text.HAL_FDCAN_IRQHandler  stm32g4xx_hal_fdcan.o
    0x080019e8   0x080019e8   0x000002cc   Code   RO          551    .text.HAL_FDCAN_Init  stm32g4xx_hal_fdcan.o
    0x08001cb4   0x08001cb4   0x0000025c   Code   RO           68    .text.HAL_FDCAN_MspInit  fdcan.o
    0x08001f10   0x08001f10   0x00000020   Code   RO         1463    .text.HAL_FDCAN_RxFifo0Callback  fdcan_bsp.o
    0x08001f30   0x08001f30   0x00000022   Code   RO         1467    .text.HAL_FDCAN_RxFifo1Callback  fdcan_bsp.o
    0x08001f52   0x08001f52   0x00000002   PAD
    0x08001f54   0x08001f54   0x0000004a   Code   RO          611    .text.HAL_FDCAN_Start  stm32g4xx_hal_fdcan.o
    0x08001f9e   0x08001f9e   0x00000002   PAD
    0x08001fa0   0x08001fa0   0x00000008   Code   RO          665    .text.HAL_FDCAN_TimeoutOccurredCallback  stm32g4xx_hal_fdcan.o
    0x08001fa8   0x08001fa8   0x00000008   Code   RO          663    .text.HAL_FDCAN_TimestampWraparoundCallback  stm32g4xx_hal_fdcan.o
    0x08001fb0   0x08001fb0   0x0000000a   Code   RO          651    .text.HAL_FDCAN_TxBufferAbortCallback  stm32g4xx_hal_fdcan.o
    0x08001fba   0x08001fba   0x00000002   PAD
    0x08001fbc   0x08001fbc   0x0000000a   Code   RO          661    .text.HAL_FDCAN_TxBufferCompleteCallback  stm32g4xx_hal_fdcan.o
    0x08001fc6   0x08001fc6   0x00000002   PAD
    0x08001fc8   0x08001fc8   0x0000000a   Code   RO          653    .text.HAL_FDCAN_TxEventFifoCallback  stm32g4xx_hal_fdcan.o
    0x08001fd2   0x08001fd2   0x00000002   PAD
    0x08001fd4   0x08001fd4   0x00000008   Code   RO          659    .text.HAL_FDCAN_TxFifoEmptyCallback  stm32g4xx_hal_fdcan.o
    0x08001fdc   0x08001fdc   0x00000368   Code   RO          953    .text.HAL_GPIO_Init  stm32g4xx_hal_gpio.o
    0x08002344   0x08002344   0x0000000c   Code   RO          695    .text.HAL_GetTick   stm32g4xx_hal.o
    0x08002350   0x08002350   0x0000001a   Code   RO          693    .text.HAL_IncTick   stm32g4xx_hal.o
    0x0800236a   0x0800236a   0x00000002   PAD
    0x0800236c   0x0800236c   0x00000030   Code   RO          683    .text.HAL_Init      stm32g4xx_hal.o
    0x0800239c   0x0800239c   0x000000d4   Code   RO          143    .text.HAL_InitTick  stm32g4xx_hal_timebase_tim.o
    0x08002470   0x08002470   0x00000054   Code   RO          135    .text.HAL_MspInit   stm32g4xx_hal_msp.o
    0x080024c4   0x080024c4   0x00000014   Code   RO         1187    .text.HAL_NVIC_EnableIRQ  stm32g4xx_hal_cortex.o
    0x080024d8   0x080024d8   0x0000002e   Code   RO         1179    .text.HAL_NVIC_SetPriority  stm32g4xx_hal_cortex.o
    0x08002506   0x08002506   0x00000002   PAD
    0x08002508   0x08002508   0x00000010   Code   RO         1175    .text.HAL_NVIC_SetPriorityGrouping  stm32g4xx_hal_cortex.o
    0x08002518   0x08002518   0x000001b4   Code   RO         1096    .text.HAL_PWREx_ControlVoltageScaling  stm32g4xx_hal_pwr_ex.o
    0x080026cc   0x080026cc   0x00000012   Code   RO         1166    .text.HAL_PWREx_DisableUCPDDeadBattery  stm32g4xx_hal_pwr_ex.o
    0x080026de   0x080026de   0x00000002   PAD
    0x080026e0   0x080026e0   0x00000524   Code   RO          808    .text.HAL_RCCEx_PeriphCLKConfig  stm32g4xx_hal_rcc_ex.o
    0x08002c04   0x08002c04   0x00000326   Code   RO          773    .text.HAL_RCC_ClockConfig  stm32g4xx_hal_rcc.o
    0x08002f2a   0x08002f2a   0x00000002   PAD
    0x08002f2c   0x08002f2c   0x00000054   Code   RO          789    .text.HAL_RCC_GetClockConfig  stm32g4xx_hal_rcc.o
    0x08002f80   0x08002f80   0x0000000c   Code   RO          781    .text.HAL_RCC_GetHCLKFreq  stm32g4xx_hal_rcc.o
    0x08002f8c   0x08002f8c   0x00000026   Code   RO          783    .text.HAL_RCC_GetPCLK1Freq  stm32g4xx_hal_rcc.o
    0x08002fb2   0x08002fb2   0x00000002   PAD
    0x08002fb4   0x08002fb4   0x00000026   Code   RO          785    .text.HAL_RCC_GetPCLK2Freq  stm32g4xx_hal_rcc.o
    0x08002fda   0x08002fda   0x00000002   PAD
    0x08002fdc   0x08002fdc   0x000000fc   Code   RO          777    .text.HAL_RCC_GetSysClockFreq  stm32g4xx_hal_rcc.o
    0x080030d8   0x080030d8   0x000007b6   Code   RO          771    .text.HAL_RCC_OscConfig  stm32g4xx_hal_rcc.o
    0x0800388e   0x0800388e   0x00000002   PAD
    0x08003890   0x08003890   0x00000008   Code   RO          530    .text.HAL_TIMEx_Break2Callback  stm32g4xx_hal_tim_ex.o
    0x08003898   0x08003898   0x00000008   Code   RO          528    .text.HAL_TIMEx_BreakCallback  stm32g4xx_hal_tim_ex.o
    0x080038a0   0x080038a0   0x00000008   Code   RO          524    .text.HAL_TIMEx_CommutCallback  stm32g4xx_hal_tim_ex.o
    0x080038a8   0x080038a8   0x00000008   Code   RO          534    .text.HAL_TIMEx_DirectionChangeCallback  stm32g4xx_hal_tim_ex.o
    0x080038b0   0x080038b0   0x00000008   Code   RO          532    .text.HAL_TIMEx_EncoderIndexCallback  stm32g4xx_hal_tim_ex.o
    0x080038b8   0x080038b8   0x00000008   Code   RO          536    .text.HAL_TIMEx_IndexErrorCallback  stm32g4xx_hal_tim_ex.o
    0x080038c0   0x080038c0   0x00000008   Code   RO          538    .text.HAL_TIMEx_TransitionErrorCallback  stm32g4xx_hal_tim_ex.o
    0x080038c8   0x080038c8   0x000000a8   Code   RO          157    .text.HAL_TIM_Base_Init  stm32g4xx_hal_tim.o
    0x08003970   0x08003970   0x00000008   Code   RO          159    .text.HAL_TIM_Base_MspInit  stm32g4xx_hal_tim.o
    0x08003978   0x08003978   0x00000106   Code   RO          171    .text.HAL_TIM_Base_Start_IT  stm32g4xx_hal_tim.o
    0x08003a7e   0x08003a7e   0x00000002   PAD
    0x08003a80   0x08003a80   0x00000008   Code   RO          293    .text.HAL_TIM_IC_CaptureCallback  stm32g4xx_hal_tim.o
    0x08003a88   0x08003a88   0x00000300   Code   RO          291    .text.HAL_TIM_IRQHandler  stm32g4xx_hal_tim.o
    0x08003d88   0x08003d88   0x00000008   Code   RO          295    .text.HAL_TIM_OC_DelayElapsedCallback  stm32g4xx_hal_tim.o
    0x08003d90   0x08003d90   0x00000008   Code   RO          297    .text.HAL_TIM_PWM_PulseFinishedCallback  stm32g4xx_hal_tim.o
    0x08003d98   0x08003d98   0x00000022   Code   RO           17    .text.HAL_TIM_PeriodElapsedCallback  main.o
    0x08003dba   0x08003dba   0x00000002   PAD
    0x08003dbc   0x08003dbc   0x00000008   Code   RO          301    .text.HAL_TIM_TriggerCallback  stm32g4xx_hal_tim.o
    0x08003dc4   0x08003dc4   0x0000007c   Code   RO         1420    .text.HAL_UARTEx_DisableFifoMode  stm32g4xx_hal_uart_ex.o
    0x08003e40   0x08003e40   0x000000b0   Code   RO         1430    .text.HAL_UARTEx_ReceiveToIdle_DMA  stm32g4xx_hal_uart_ex.o
    0x08003ef0   0x08003ef0   0x00000082   Code   RO           39    .text.HAL_UARTEx_RxEventCallback  app_freertos.o
    0x08003f72   0x08003f72   0x00000002   PAD
    0x08003f74   0x08003f74   0x00000008   Code   RO         1402    .text.HAL_UARTEx_RxFifoFullCallback  stm32g4xx_hal_uart_ex.o
    0x08003f7c   0x08003f7c   0x0000008c   Code   RO         1424    .text.HAL_UARTEx_SetRxFifoThreshold  stm32g4xx_hal_uart_ex.o
    0x08004008   0x08004008   0x0000008c   Code   RO         1422    .text.HAL_UARTEx_SetTxFifoThreshold  stm32g4xx_hal_uart_ex.o
    0x08004094   0x08004094   0x00000008   Code   RO         1404    .text.HAL_UARTEx_TxFifoEmptyCallback  stm32g4xx_hal_uart_ex.o
    0x0800409c   0x0800409c   0x00000008   Code   RO         1400    .text.HAL_UARTEx_WakeupCallback  stm32g4xx_hal_uart_ex.o
    0x080040a4   0x080040a4   0x00000008   Code   RO         1342    .text.HAL_UART_ErrorCallback  stm32g4xx_hal_uart.o
    0x080040ac   0x080040ac   0x00000596   Code   RO         1338    .text.HAL_UART_IRQHandler  stm32g4xx_hal_uart.o
    0x08004642   0x08004642   0x00000002   PAD
    0x08004644   0x08004644   0x000000aa   Code   RO         1250    .text.HAL_UART_Init  stm32g4xx_hal_uart.o
    0x080046ee   0x080046ee   0x00000002   PAD
    0x080046f0   0x080046f0   0x00000106   Code   RO           89    .text.HAL_UART_MspInit  usart.o
    0x080047f6   0x080047f6   0x00000002   PAD
    0x080047f8   0x080047f8   0x00000008   Code   RO         1352    .text.HAL_UART_RxCpltCallback  stm32g4xx_hal_uart.o
    0x08004800   0x08004800   0x00000008   Code   RO         1354    .text.HAL_UART_RxHalfCpltCallback  stm32g4xx_hal_uart.o
    0x08004808   0x08004808   0x00000138   Code   RO         1270    .text.HAL_UART_Transmit  stm32g4xx_hal_uart.o
    0x08004940   0x08004940   0x00000008   Code   RO         1348    .text.HAL_UART_TxCpltCallback  stm32g4xx_hal_uart.o
    0x08004948   0x08004948   0x00000004   Code   RO          104    .text.HardFault_Handler  stm32g4xx_it.o
    0x0800494c   0x0800494c   0x00000056   Code   RO           54    .text.MX_DMA_Init   dma.o
    0x080049a2   0x080049a2   0x00000002   PAD
    0x080049a4   0x080049a4   0x00000064   Code   RO           62    .text.MX_FDCAN1_Init  fdcan.o
    0x08004a08   0x08004a08   0x00000064   Code   RO           64    .text.MX_FDCAN2_Init  fdcan.o
    0x08004a6c   0x08004a6c   0x00000064   Code   RO           66    .text.MX_FDCAN3_Init  fdcan.o
    0x08004ad0   0x08004ad0   0x0000003e   Code   RO           35    .text.MX_FREERTOS_Init  app_freertos.o
    0x08004b0e   0x08004b0e   0x00000002   PAD
    0x08004b10   0x08004b10   0x0000007e   Code   RO           27    .text.MX_GPIO_Init  gpio.o
    0x08004b8e   0x08004b8e   0x00000002   PAD
    0x08004b90   0x08004b90   0x0000008e   Code   RO           87    .text.MX_USART1_UART_Init  usart.o
    0x08004c1e   0x08004c1e   0x00000002   PAD
    0x08004c20   0x08004c20   0x00000004   Code   RO          106    .text.MemManage_Handler  stm32g4xx_it.o
    0x08004c24   0x08004c24   0x00000004   Code   RO          102    .text.NMI_Handler   stm32g4xx_it.o
    0x08004c28   0x08004c28   0x0000006c   Code   RO         1185    .text.NVIC_EncodePriority  stm32g4xx_hal_cortex.o
    0x08004c94   0x08004c94   0x0000000c   PAD
    0x08004ca0   0x08004ca0   0x00000064   Code   RO         2340    .text.PendSV_Handler  port.o
    0x08004d04   0x08004d04   0x00000106   Code   RO         1487    .text.Pid_incremental_cal  pid.o
    0x08004e0a   0x08004e0a   0x00000002   PAD
    0x08004e0c   0x08004e0c   0x0000009c   Code   RO          775    .text.RCC_GetSysClockFreqFromPLLSource  stm32g4xx_hal_rcc.o
    0x08004ea8   0x08004ea8   0x00000008   PAD
    0x08004eb0   0x08004eb0   0x00000024   Code   RO         2324    .text.SVC_Handler   port.o
    0x08004ed4   0x08004ed4   0x0000000e   Code   RO         2120    .text.SVC_Setup     cmsis_os2.o
    0x08004ee2   0x08004ee2   0x00000006   PAD
    0x08004ee8   0x08004ee8   0x000000f8   Code   RO           37    .text.StartDefaultTask  app_freertos.o
    0x08004fe0   0x08004fe0   0x0000001e   Code   RO         2110    .text.SysTick_Handler  cmsis_os2.o
    0x08004ffe   0x08004ffe   0x00000002   PAD
    0x08005000   0x08005000   0x00000072   Code   RO           13    .text.SystemClock_Config  main.o
    0x08005072   0x08005072   0x00000002   PAD
    0x08005074   0x08005074   0x00000012   Code   RO         1443    .text.SystemInit    system_stm32g4xx.o
    0x08005086   0x08005086   0x00000002   PAD
    0x08005088   0x08005088   0x00000010   Code   RO          120    .text.TIM1_UP_TIM16_IRQHandler  stm32g4xx_it.o
    0x08005098   0x08005098   0x000001e6   Code   RO          161    .text.TIM_Base_SetConfig  stm32g4xx_hal_tim.o
    0x0800527e   0x0800527e   0x00000002   PAD
    0x08005280   0x08005280   0x00000086   Code   RO         1418    .text.UARTEx_SetNbDataToProcess  stm32g4xx_hal_uart_ex.o
    0x08005306   0x08005306   0x00000002   PAD
    0x08005308   0x08005308   0x00000148   Code   RO         1254    .text.UART_AdvFeatureConfig  stm32g4xx_hal_uart.o
    0x08005450   0x08005450   0x00000146   Code   RO         1258    .text.UART_CheckIdleState  stm32g4xx_hal_uart.o
    0x08005596   0x08005596   0x00000002   PAD
    0x08005598   0x08005598   0x0000001e   Code   RO         1340    .text.UART_DMAAbortOnError  stm32g4xx_hal_uart.o
    0x080055b6   0x080055b6   0x00000002   PAD
    0x080055b8   0x080055b8   0x00000080   Code   RO         1296    .text.UART_DMAError  stm32g4xx_hal_uart.o
    0x08005638   0x08005638   0x000000f8   Code   RO         1386    .text.UART_DMAReceiveCplt  stm32g4xx_hal_uart.o
    0x08005730   0x08005730   0x00000036   Code   RO         1388    .text.UART_DMARxHalfCplt  stm32g4xx_hal_uart.o
    0x08005766   0x08005766   0x00000002   PAD
    0x08005768   0x08005768   0x0000009e   Code   RO         1310    .text.UART_EndRxTransfer  stm32g4xx_hal_uart.o
    0x08005806   0x08005806   0x00000002   PAD
    0x08005808   0x08005808   0x00000044   Code   RO         1346    .text.UART_EndTransmit_IT  stm32g4xx_hal_uart.o
    0x0800584c   0x0800584c   0x0000005c   Code   RO         1308    .text.UART_EndTxTransfer  stm32g4xx_hal_uart.o
    0x080058a8   0x080058a8   0x000005e2   Code   RO         1256    .text.UART_SetConfig  stm32g4xx_hal_uart.o
    0x08005e8a   0x08005e8a   0x00000002   PAD
    0x08005e8c   0x08005e8c   0x0000012e   Code   RO         1300    .text.UART_Start_Receive_DMA  stm32g4xx_hal_uart.o
    0x08005fba   0x08005fba   0x00000002   PAD
    0x08005fbc   0x08005fbc   0x0000010c   Code   RO         1272    .text.UART_WaitOnFlagUntilTimeout  stm32g4xx_hal_uart.o
    0x080060c8   0x080060c8   0x00000010   Code   RO          122    .text.USART1_IRQHandler  stm32g4xx_it.o
    0x080060d8   0x080060d8   0x00000004   Code   RO          110    .text.UsageFault_Handler  stm32g4xx_it.o
    0x080060dc   0x080060dc   0x00000030   Code   RO         1189    .text.__NVIC_EnableIRQ  stm32g4xx_hal_cortex.o
    0x0800610c   0x0800610c   0x00000010   Code   RO         1181    .text.__NVIC_GetPriorityGrouping  stm32g4xx_hal_cortex.o
    0x0800611c   0x0800611c   0x00000042   Code   RO         1183    .text.__NVIC_SetPriority  stm32g4xx_hal_cortex.o
    0x0800615e   0x0800615e   0x00000002   PAD
    0x08006160   0x08006160   0x00000042   Code   RO         2274    .text.__NVIC_SetPriority  cmsis_os2.o
    0x080061a2   0x080061a2   0x00000002   PAD
    0x080061a4   0x080061a4   0x0000003c   Code   RO         1177    .text.__NVIC_SetPriorityGrouping  stm32g4xx_hal_cortex.o
    0x080061e0   0x080061e0   0x00000080   Code   RO         1515    .text.cybergear_can_send_raw  cybergear_motor.o
    0x08006260   0x08006260   0x00000024   Code   RO         1503    .text.cybergear_lock_init  cybergear_motor.o
    0x08006284   0x08006284   0x00000038   Code   RO         1545    .text.cybergear_lock_tx  cybergear_motor.o
    0x080062bc   0x080062bc   0x0000016c   Code   RO         1541    .text.cybergear_message_handler  cybergear_motor.o
    0x08006428   0x08006428   0x00000074   Code   RO         1505    .text.cybergear_motor_configure  cybergear_motor.o
    0x0800649c   0x0800649c   0x00000004   PAD
    0x080064a0   0x080064a0   0x00000088   Code   RO         1497    .text.cybergear_motor_degree2rad  cybergear_motor.o
    0x08006528   0x08006528   0x00000010   Code   RO         1509    .text.cybergear_motor_enable  cybergear_motor.o
    0x08006538   0x08006538   0x00000034   Code   RO         1507    .text.cybergear_motor_get_instance  cybergear_motor.o
    0x0800656c   0x0800656c   0x0000003c   Code   RO         1517    .text.cybergear_motor_set_mode  cybergear_motor.o
    0x080065a8   0x080065a8   0x0000003c   Code   RO         1523    .text.cybergear_motor_set_position  cybergear_motor.o
    0x080065e4   0x080065e4   0x00000022   Code   RO         1513    .text.cybergear_motor_stop  cybergear_motor.o
    0x08006606   0x08006606   0x00000002   PAD
    0x08006608   0x08006608   0x00000018   Code   RO         1501    .text.cybergear_motors_init  cybergear_motor.o
    0x08006620   0x08006620   0x00000028   Code   RO         1547    .text.cybergear_unlock_tx  cybergear_motor.o
    0x08006648   0x08006648   0x00000036   Code   RO         1525    .text.cybergear_write_float_parameter  cybergear_motor.o
    0x0800667e   0x0800667e   0x00000002   PAD
    0x08006680   0x08006680   0x0000003a   Code   RO         1519    .text.cybergear_write_u8_parameter  cybergear_motor.o
    0x080066ba   0x080066ba   0x00000002   PAD
    0x080066bc   0x080066bc   0x000000d0   Code   RO         1563    .text.dji_motor_configure  dji_motor.o
    0x0800678c   0x0800678c   0x000000a8   Code   RO         1579    .text.dji_motor_message_handler  dji_motor.o
    0x08006834   0x08006834   0x000001d8   Code   RO         1585    .text.dji_motor_send_commands  dji_motor.o
    0x08006a0c   0x08006a0c   0x00000108   Code   RO         1561    .text.dji_motors_init  dji_motor.o
    0x08006b14   0x08006b14   0x00000048   Code   RO         1457    .text.fdcan_bsp_init  fdcan_bsp.o
    0x08006b5c   0x08006b5c   0x00000116   Code   RO         1459    .text.fdcan_bsp_register  fdcan_bsp.o
    0x08006c72   0x08006c72   0x00000002   PAD
    0x08006c74   0x08006c74   0x000001c2   Code   RO         1461    .text.fdcan_bsp_start  fdcan_bsp.o
    0x08006e36   0x08006e36   0x00000002   PAD
    0x08006e38   0x08006e38   0x00000110   Code   RO         1465    .text.fdcan_dispatch_router  fdcan_bsp.o
    0x08006f48   0x08006f48   0x00000022   Code   RO           83    .text.fputc         usart.o
    0x08006f6a   0x08006f6a   0x00000002   PAD
    0x08006f6c   0x08006f6c   0x00000042   Code   RO         1581    .text.get_motor_measure  dji_motor.o
    0x08006fae   0x08006fae   0x00000002   PAD
    0x08006fb0   0x08006fb0   0x00000048   Code   RO         1583    .text.get_total_angle  dji_motor.o
    0x08006ff8   0x08006ff8   0x0000005c   Code   RO           11    .text.main          main.o
    0x08007054   0x08007054   0x00000022   Code   RO         1511    .text.motor_enable  cybergear_motor.o
    0x08007076   0x08007076   0x00000002   PAD
    0x08007078   0x08007078   0x00000046   Code   RO         2112    .text.osKernelInitialize  cmsis_os2.o
    0x080070be   0x080070be   0x00000002   PAD
    0x080070c0   0x080070c0   0x00000052   Code   RO         2118    .text.osKernelStart  cmsis_os2.o
    0x08007112   0x08007112   0x00000002   PAD
    0x08007114   0x08007114   0x0000015a   Code   RO         2142    .text.osThreadNew   cmsis_os2.o
    0x0800726e   0x0800726e   0x00000002   PAD
    0x08007270   0x08007270   0x000000d4   Code   RO         1904    .text.prvAddCurrentTaskToDelayedList  tasks.o
    0x08007344   0x08007344   0x00000122   Code   RO         1890    .text.prvAddNewTaskToReadyList  tasks.o
    0x08007466   0x08007466   0x00000002   PAD
    0x08007468   0x08007468   0x000000a2   Code   RO         2041    .text.prvCheckForValidListAndQueue  timers.o
    0x0800750a   0x0800750a   0x00000002   PAD
    0x0800750c   0x0800750c   0x0000005a   Code   RO         2008    .text.prvCheckTasksWaitingTermination  tasks.o
    0x08007566   0x08007566   0x00000002   PAD
    0x08007568   0x08007568   0x00000042   Code   RO         1783    .text.prvCopyDataFromQueue  queue.o
    0x080075aa   0x080075aa   0x00000002   PAD
    0x080075ac   0x080075ac   0x000000cc   Code   RO         1771    .text.prvCopyDataToQueue  queue.o
    0x08007678   0x08007678   0x0000005e   Code   RO         1896    .text.prvDeleteTCB  tasks.o
    0x080076d6   0x080076d6   0x00000002   PAD
    0x080076d8   0x080076d8   0x00000026   Code   RO         1787    .text.prvGetDisinheritPriorityAfterTimeout  queue.o
    0x080076fe   0x080076fe   0x00000002   PAD
    0x08007700   0x08007700   0x00000040   Code   RO         2079    .text.prvGetNextExpireTime  timers.o
    0x08007740   0x08007740   0x000000bc   Code   RO         2291    .text.prvHeapInit   heap_4.o
    0x080077fc   0x080077fc   0x00000038   Code   RO         1930    .text.prvIdleTask   tasks.o
    0x08007834   0x08007834   0x0000002c   Code   RO         1751    .text.prvInitialiseMutex  queue.o
    0x08007860   0x08007860   0x00000048   Code   RO         1745    .text.prvInitialiseNewQueue  queue.o
    0x080078a8   0x080078a8   0x00000122   Code   RO         1888    .text.prvInitialiseNewTask  tasks.o
    0x080079ca   0x080079ca   0x00000002   PAD
    0x080079cc   0x080079cc   0x0000008e   Code   RO         2006    .text.prvInitialiseTaskLists  tasks.o
    0x08007a5a   0x08007a5a   0x00000002   PAD
    0x08007a5c   0x08007a5c   0x000000c6   Code   RO         2293    .text.prvInsertBlockIntoFreeList  heap_4.o
    0x08007b22   0x08007b22   0x00000002   PAD
    0x08007b24   0x08007b24   0x00000086   Code   RO         2091    .text.prvInsertTimerInActiveList  timers.o
    0x08007baa   0x08007baa   0x00000002   PAD
    0x08007bac   0x08007bac   0x00000028   Code   RO         1785    .text.prvIsQueueEmpty  queue.o
    0x08007bd4   0x08007bd4   0x0000002e   Code   RO         1773    .text.prvIsQueueFull  queue.o
    0x08007c02   0x08007c02   0x00000002   PAD
    0x08007c04   0x08007c04   0x00000028   Code   RO         2332    .text.prvPortStartFirstTask  port.o
    0x08007c2c   0x08007c2c   0x0000008e   Code   RO         2087    .text.prvProcessExpiredTimer  timers.o
    0x08007cba   0x08007cba   0x00000002   PAD
    0x08007cbc   0x08007cbc   0x00000192   Code   RO         2083    .text.prvProcessReceivedCommands  timers.o
    0x08007e4e   0x08007e4e   0x00000002   PAD
    0x08007e50   0x08007e50   0x0000009a   Code   RO         2081    .text.prvProcessTimerOrBlockTask  timers.o
    0x08007eea   0x08007eea   0x00000002   PAD
    0x08007eec   0x08007eec   0x00000046   Code   RO         1898    .text.prvResetNextTaskUnblockTime  tasks.o
    0x08007f32   0x08007f32   0x00000002   PAD
    0x08007f34   0x08007f34   0x00000044   Code   RO         2085    .text.prvSampleTimeNow  timers.o
    0x08007f78   0x08007f78   0x000000d4   Code   RO         2089    .text.prvSwitchTimerLists  timers.o
    0x0800804c   0x0800804c   0x0000004c   Code   RO         2322    .text.prvTaskExitError  port.o
    0x08008098   0x08008098   0x0000006a   Code   RO         1924    .text.prvTaskIsTaskSuspended  tasks.o
    0x08008102   0x08008102   0x00000002   PAD
    0x08008104   0x08008104   0x0000001e   Code   RO         2043    .text.prvTimerTask  timers.o
    0x08008122   0x08008122   0x00000002   PAD
    0x08008124   0x08008124   0x000000ae   Code   RO         1775    .text.prvUnlockQueue  queue.o
    0x080081d2   0x080081d2   0x00000002   PAD
    0x080081d4   0x080081d4   0x00000264   Code   RO         1666    .text.prv_planner_task  trajectory_planner.o
    0x08008438   0x08008438   0x000001ec   Code   RO         2289    .text.pvPortMalloc  heap_4.o
    0x08008624   0x08008624   0x0000002c   Code   RO         1990    .text.pvTaskIncrementMutexHeldCount  tasks.o
    0x08008650   0x08008650   0x0000005e   Code   RO         2320    .text.pxPortInitialiseStack  port.o
    0x080086ae   0x080086ae   0x00000002   PAD
    0x080086b0   0x080086b0   0x00000096   Code   RO         1664    .text.trajectory_planner_init  trajectory_planner.o
    0x08008746   0x08008746   0x00000002   PAD
    0x08008748   0x08008748   0x0000004a   Code   RO         1670    .text.trajectory_planner_set_target  trajectory_planner.o
    0x08008792   0x08008792   0x00000002   PAD
    0x08008794   0x08008794   0x000000a4   Code   RO         1668    .text.trajectory_planner_start  trajectory_planner.o
    0x08008838   0x08008838   0x00000056   Code   RO         1543    .text.uint16_to_float  cybergear_motor.o
    0x0800888e   0x0800888e   0x00000002   PAD
    0x08008890   0x08008890   0x00000048   Code   RO         1732    .text.uxListRemove  list.o
    0x080088d8   0x080088d8   0x0000002a   Code   RO         2270    .text.vApplicationGetIdleTaskMemory  cmsis_os2.o
    0x08008902   0x08008902   0x00000002   PAD
    0x08008904   0x08008904   0x0000002c   Code   RO         2272    .text.vApplicationGetTimerTaskMemory  cmsis_os2.o
    0x08008930   0x08008930   0x0000002e   Code   RO         1724    .text.vListInitialise  list.o
    0x0800895e   0x0800895e   0x00000002   PAD
    0x08008960   0x08008960   0x0000000e   Code   RO         1726    .text.vListInitialiseItem  list.o
    0x0800896e   0x0800896e   0x00000002   PAD
    0x08008970   0x08008970   0x0000006a   Code   RO         1730    .text.vListInsert   list.o
    0x080089da   0x080089da   0x00000002   PAD
    0x080089dc   0x080089dc   0x0000003a   Code   RO         1728    .text.vListInsertEnd  list.o
    0x08008a16   0x08008a16   0x00000002   PAD
    0x08008a18   0x08008a18   0x00000014   Code   RO         2330    .text.vPortEnableVFP  port.o
    0x08008a2c   0x08008a2c   0x00000056   Code   RO         2336    .text.vPortEnterCritical  port.o
    0x08008a82   0x08008a82   0x00000002   PAD
    0x08008a84   0x08008a84   0x0000004a   Code   RO         2338    .text.vPortExitCritical  port.o
    0x08008ace   0x08008ace   0x00000002   PAD
    0x08008ad0   0x08008ad0   0x000000ce   Code   RO         2295    .text.vPortFree     heap_4.o
    0x08008b9e   0x08008b9e   0x00000002   PAD
    0x08008ba0   0x08008ba0   0x00000044   Code   RO         2328    .text.vPortSetupTimerInterrupt  port.o
    0x08008be4   0x08008be4   0x00000084   Code   RO         2344    .text.vPortValidateInterruptPriority  port.o
    0x08008c68   0x08008c68   0x00000052   Code   RO         1815    .text.vQueueAddToRegistry  queue.o
    0x08008cba   0x08008cba   0x00000002   PAD
    0x08008cbc   0x08008cbc   0x00000064   Code   RO         1819    .text.vQueueWaitForMessageRestricted  queue.o
    0x08008d20   0x08008d20   0x0000006e   Code   RO         1908    .text.vTaskDelay    tasks.o
    0x08008d8e   0x08008d8e   0x00000002   PAD
    0x08008d90   0x08008d90   0x00000114   Code   RO         1900    .text.vTaskDelayUntil  tasks.o
    0x08008ea4   0x08008ea4   0x00000024   Code   RO         1962    .text.vTaskInternalSetTimeOutState  tasks.o
    0x08008ec8   0x08008ec8   0x0000000e   Code   RO         1966    .text.vTaskMissedYield  tasks.o
    0x08008ed6   0x08008ed6   0x00000002   PAD
    0x08008ed8   0x08008ed8   0x00000042   Code   RO         1950    .text.vTaskPlaceOnEventList  tasks.o
    0x08008f1a   0x08008f1a   0x00000002   PAD
    0x08008f1c   0x08008f1c   0x00000052   Code   RO         1954    .text.vTaskPlaceOnEventListRestricted  tasks.o
    0x08008f6e   0x08008f6e   0x00000002   PAD
    0x08008f70   0x08008f70   0x00000134   Code   RO         1986    .text.vTaskPriorityDisinheritAfterTimeout  tasks.o
    0x080090a4   0x080090a4   0x000000d6   Code   RO         1922    .text.vTaskResume   tasks.o
    0x0800917a   0x0800917a   0x00000002   PAD
    0x0800917c   0x0800917c   0x000000e0   Code   RO         1928    .text.vTaskStartScheduler  tasks.o
    0x0800925c   0x0800925c   0x00000128   Code   RO         1918    .text.vTaskSuspend  tasks.o
    0x08009384   0x08009384   0x00000010   Code   RO         1902    .text.vTaskSuspendAll  tasks.o
    0x08009394   0x08009394   0x000000c6   Code   RO         1920    .text.vTaskSwitchContext  tasks.o
    0x0800945a   0x0800945a   0x00000002   PAD
    0x0800945c   0x0800945c   0x00000156   Code   RO         2326    .text.xPortStartScheduler  port.o
    0x080095b2   0x080095b2   0x00000002   PAD
    0x080095b4   0x080095b4   0x0000003c   Code   RO         2342    .text.xPortSysTickHandler  port.o
    0x080095f0   0x080095f0   0x00000026   Code   RO         1749    .text.xQueueCreateMutex  queue.o
    0x08009616   0x08009616   0x00000002   PAD
    0x08009618   0x08009618   0x00000074   Code   RO         1747    .text.xQueueGenericCreate  queue.o
    0x0800968c   0x0800968c   0x0000010e   Code   RO         1743    .text.xQueueGenericCreateStatic  queue.o
    0x0800979a   0x0800979a   0x00000002   PAD
    0x0800979c   0x0800979c   0x000000ba   Code   RO         1741    .text.xQueueGenericReset  queue.o
    0x08009856   0x08009856   0x00000002   PAD
    0x08009858   0x08009858   0x0000022c   Code   RO         1761    .text.xQueueGenericSend  queue.o
    0x08009a84   0x08009a84   0x0000014c   Code   RO         1777    .text.xQueueGenericSendFromISR  queue.o
    0x08009bd0   0x08009bd0   0x000001dc   Code   RO         1781    .text.xQueueReceive  queue.o
    0x08009dac   0x08009dac   0x0000022c   Code   RO         1765    .text.xQueueSemaphoreTake  queue.o
    0x08009fd8   0x08009fd8   0x000000cc   Code   RO         1964    .text.xTaskCheckForTimeOut  tasks.o
    0x0800a0a4   0x0800a0a4   0x0000009e   Code   RO         1892    .text.xTaskCreate   tasks.o
    0x0800a142   0x0800a142   0x00000002   PAD
    0x0800a144   0x0800a144   0x000000ce   Code   RO         1886    .text.xTaskCreateStatic  tasks.o
    0x0800a212   0x0800a212   0x00000002   PAD
    0x0800a214   0x0800a214   0x00000038   Code   RO         1980    .text.xTaskGetSchedulerState  tasks.o
    0x0800a24c   0x0800a24c   0x00000014   Code   RO         1936    .text.xTaskGetTickCount  tasks.o
    0x0800a260   0x0800a260   0x000001c4   Code   RO         1934    .text.xTaskIncrementTick  tasks.o
    0x0800a424   0x0800a424   0x000000ec   Code   RO         1984    .text.xTaskPriorityDisinherit  tasks.o
    0x0800a510   0x0800a510   0x0000010e   Code   RO         1982    .text.xTaskPriorityInherit  tasks.o
    0x0800a61e   0x0800a61e   0x00000002   PAD
    0x0800a620   0x0800a620   0x000000ce   Code   RO         1956    .text.xTaskRemoveFromEventList  tasks.o
    0x0800a6ee   0x0800a6ee   0x00000002   PAD
    0x0800a6f0   0x0800a6f0   0x00000186   Code   RO         1906    .text.xTaskResumeAll  tasks.o
    0x0800a876   0x0800a876   0x00000002   PAD
    0x0800a878   0x0800a878   0x00000094   Code   RO         2039    .text.xTimerCreateTimerTask  timers.o
    0x0800a90c   0x0800a90c   0x000000b0   Code   RO         2051    .text.xTimerGenericCommand  timers.o
    0x0800a9bc   0x0800a9bc   0x00000020   Code   RO         2367    i.__0printf         mc_w.l(printfa.o)
    0x0800a9dc   0x0800a9dc   0x0000000e   Code   RO         2449    i.__scatterload_copy  mc_w.l(handlers.o)
    0x0800a9ea   0x0800a9ea   0x00000002   Code   RO         2450    i.__scatterload_null  mc_w.l(handlers.o)
    0x0800a9ec   0x0800a9ec   0x0000000e   Code   RO         2451    i.__scatterload_zeroinit  mc_w.l(handlers.o)
    0x0800a9fa   0x0800a9fa   0x00000002   PAD
    0x0800a9fc   0x0800a9fc   0x00000184   Code   RO         2374    i._fp_digits        mc_w.l(printfa.o)
    0x0800ab80   0x0800ab80   0x000006dc   Code   RO         2375    i._printf_core      mc_w.l(printfa.o)
    0x0800b25c   0x0800b25c   0x00000024   Code   RO         2376    i._printf_post_padding  mc_w.l(printfa.o)
    0x0800b280   0x0800b280   0x0000002e   Code   RO         2377    i._printf_pre_padding  mc_w.l(printfa.o)
    0x0800b2ae   0x0800b2ae   0x00000010   Data   RO         1448    .rodata.AHBPrescTable  system_stm32g4xx.o
    0x0800b2be   0x0800b2be   0x00000008   Data   RO         1449    .rodata.APBPrescTable  system_stm32g4xx.o
    0x0800b2c6   0x0800b2c6   0x00000010   Data   RO          675    .rodata.DLCtoBytes  stm32g4xx_hal_fdcan.o
    0x0800b2d6   0x0800b2d6   0x00000008   Data   RO         1435    .rodata.UARTEx_SetNbDataToProcess.denominator  stm32g4xx_hal_uart_ex.o
    0x0800b2de   0x0800b2de   0x00000008   Data   RO         1434    .rodata.UARTEx_SetNbDataToProcess.numerator  stm32g4xx_hal_uart_ex.o
    0x0800b2e6   0x0800b2e6   0x00000018   Data   RO         1390    .rodata.UARTPrescTable  stm32g4xx_hal_uart.o
    0x0800b2fe   0x0800b2fe   0x00000002   PAD
    0x0800b300   0x0800b300   0x00000024   Data   RO           43    .rodata.defaultTask_attributes  app_freertos.o
    0x0800b324   0x0800b324   0x0000003e   Data   RO           42    .rodata.str1.1      app_freertos.o
    0x0800b362   0x0800b362   0x0000000c   Data   RO         1673    .rodata.str1.1      trajectory_planner.o
    0x0800b36e   0x0800b36e   0x00000005   Data   RO         2024    .rodata.str1.1      tasks.o
    0x0800b373   0x0800b373   0x0000000d   Data   RO         2094    .rodata.str1.1      timers.o
    0x0800b380   0x0800b380   0x00000020   Data   RO         2448    Region$$Table       anon$$obj.o


    Execution Region RW_IRAM1 (Exec base: 0x20000000, Load base: 0x0800b3a0, Size: 0x000037d0, Max: 0x00020000, ABSOLUTE)

    Exec Addr    Load Addr    Size         Type   Attr      Idx    E Section Name        Object

    0x20000000   0x0800b3a0   0x00000004   Data   RW         2416    .data               mc_w.l(stdout.o)
    0x20000004   0x0800b3a4   0x00000004   Data   RW         1447    .data.SystemCoreClock  system_stm32g4xx.o
    0x20000008   0x0800b3a8   0x00000001   Data   RW         1588    .data.dji_motor_control_enabled  dji_motor.o
    0x20000009   0x0800b3a9   0x00000003   PAD
    0x2000000c   0x0800b3ac   0x00000004   Data   RW          760    .data.uwTickFreq    stm32g4xx_hal.o
    0x20000010   0x0800b3b0   0x00000004   Data   RW          759    .data.uwTickPrio    stm32g4xx_hal.o
    0x20000014   0x0800b3b4   0x00000004   Data   RW         2348    .data.uxCriticalNesting  port.o
    0x20000018        -       0x00000004   Zero   RW           75    .bss.HAL_RCC_FDCAN_CLK_ENABLED  fdcan.o
    0x2000001c        -       0x00000004   Zero   RW         2276    .bss.KernelState    cmsis_os2.o
    0x20000020        -       0x00000024   Zero   RW         1549    .bss.cybergear_motors  cybergear_motor.o
    0x20000044        -       0x00000004   Zero   RW           45    .bss.defaultTaskHandle  app_freertos.o
    0x20000048        -       0x000003a0   Zero   RW         1587    .bss.dji_motors     dji_motor.o
    0x200003e8        -       0x00000001   Zero   RW         1473    .bss.ext_dispatch_count  fdcan_bsp.o
    0x200003e9   0x0800b3b8   0x00000003   PAD
    0x200003ec        -       0x00000140   Zero   RW         1475    .bss.ext_dispatch_table  fdcan_bsp.o
    0x2000052c        -       0x00000004   Zero   RW         1551    .bss.g_can_tx_mutex  cybergear_motor.o
    0x20000530        -       0x00000004   Zero   RW         1672    .bss.g_chassis_target_mutex  trajectory_planner.o
    0x20000534        -       0x00000004   Zero   RW         1676    .bss.g_current_ramped_pos  trajectory_planner.o
    0x20000538        -       0x00000004   Zero   RW         1678    .bss.g_current_ramped_vel  trajectory_planner.o
    0x2000053c        -       0x00000004   Zero   RW         1677    .bss.g_final_target_pos  trajectory_planner.o
    0x20000540        -       0x00000004   Zero   RW         1675    .bss.g_motor        trajectory_planner.o
    0x20000544        -       0x00001000   Zero   RW         1471    .bss.hash_table     fdcan_bsp.o
    0x20001544        -       0x00000060   Zero   RW           94    .bss.hdma_usart1_rx  usart.o
    0x200015a4        -       0x00000064   Zero   RW           72    .bss.hfdcan1        fdcan.o
    0x20001608        -       0x00000064   Zero   RW           73    .bss.hfdcan2        fdcan.o
    0x2000166c        -       0x00000064   Zero   RW           74    .bss.hfdcan3        fdcan.o
    0x200016d0        -       0x0000004c   Zero   RW          149    .bss.htim1          stm32g4xx_hal_timebase_tim.o
    0x2000171c        -       0x00000094   Zero   RW           93    .bss.huart1         usart.o
    0x200017b0        -       0x00000004   Zero   RW           46    .bss.mi_motor       app_freertos.o
    0x200017b4        -       0x000000a0   Zero   RW         2102    .bss.prvCheckForValidListAndQueue.ucStaticTimerQueueStorage  timers.o
    0x20001854        -       0x00000050   Zero   RW         2101    .bss.prvCheckForValidListAndQueue.xStaticTimerQueue  timers.o
    0x200018a4        -       0x00000004   Zero   RW         2098    .bss.prvSampleTimeNow.xLastTime  timers.o
    0x200018a8        -       0x00000004   Zero   RW         2010    .bss.pxCurrentTCB   tasks.o
    0x200018ac        -       0x00000004   Zero   RW         2096    .bss.pxCurrentTimerList  timers.o
    0x200018b0        -       0x00000004   Zero   RW         2018    .bss.pxDelayedTaskList  tasks.o
    0x200018b4        -       0x00000004   Zero   RW         2305    .bss.pxEnd          heap_4.o
    0x200018b8        -       0x00000004   Zero   RW         2019    .bss.pxOverflowDelayedTaskList  tasks.o
    0x200018bc        -       0x00000004   Zero   RW         2097    .bss.pxOverflowTimerList  timers.o
    0x200018c0        -       0x00000460   Zero   RW         2021    .bss.pxReadyTasksLists  tasks.o
    0x20001d20        -       0x00000004   Zero   RW           41    .bss.set_pos        app_freertos.o
    0x20001d24        -       0x00000001   Zero   RW         1472    .bss.std_dispatch_count  fdcan_bsp.o
    0x20001d25   0x0800b3b8   0x00000003   PAD
    0x20001d28        -       0x00000280   Zero   RW         1474    .bss.std_dispatch_table  fdcan_bsp.o
    0x20001fa8        -       0x00000040   Zero   RW           44    .bss.uart_rx_buffer  app_freertos.o
    0x20001fe8        -       0x00000c00   Zero   RW         2312    .bss.ucHeap         heap_4.o
    0x20002be8        -       0x00000001   Zero   RW         2346    .bss.ucMaxSysCallPriority  port.o
    0x20002be9   0x0800b3b8   0x00000003   PAD
    0x20002bec        -       0x00000004   Zero   RW         2347    .bss.ulMaxPRIGROUPValue  port.o
    0x20002bf0        -       0x00000004   Zero   RW          761    .bss.uwTick         stm32g4xx_hal.o
    0x20002bf4        -       0x00000004   Zero   RW         2014    .bss.uxCurrentNumberOfTasks  tasks.o
    0x20002bf8        -       0x00000004   Zero   RW         2013    .bss.uxDeletedTasksWaitingCleanUp  tasks.o
    0x20002bfc        -       0x00000004   Zero   RW         2016    .bss.uxSchedulerSuspended  tasks.o
    0x20002c00        -       0x00000004   Zero   RW         2011    .bss.uxTaskNumber   tasks.o
    0x20002c04        -       0x00000004   Zero   RW         2022    .bss.uxTopReadyPriority  tasks.o
    0x20002c08        -       0x00000200   Zero   RW         2279    .bss.vApplicationGetIdleTaskMemory.Idle_Stack  cmsis_os2.o
    0x20002e08        -       0x0000005c   Zero   RW         2278    .bss.vApplicationGetIdleTaskMemory.Idle_TCB  cmsis_os2.o
    0x20002e64        -       0x00000400   Zero   RW         2281    .bss.vApplicationGetTimerTaskMemory.Timer_Stack  cmsis_os2.o
    0x20003264        -       0x0000005c   Zero   RW         2280    .bss.vApplicationGetTimerTaskMemory.Timer_TCB  cmsis_os2.o
    0x200032c0        -       0x00000014   Zero   RW         2099    .bss.xActiveTimerList1  timers.o
    0x200032d4        -       0x00000014   Zero   RW         2100    .bss.xActiveTimerList2  timers.o
    0x200032e8        -       0x00000004   Zero   RW         2306    .bss.xBlockAllocatedBit  heap_4.o
    0x200032ec        -       0x00000014   Zero   RW         2030    .bss.xDelayedTaskList1  tasks.o
    0x20003300        -       0x00000014   Zero   RW         2031    .bss.xDelayedTaskList2  tasks.o
    0x20003314        -       0x00000004   Zero   RW         2307    .bss.xFreeBytesRemaining  heap_4.o
    0x20003318        -       0x00000004   Zero   RW         2025    .bss.xIdleTaskHandle  tasks.o
    0x2000331c        -       0x00000004   Zero   RW         2309    .bss.xMinimumEverFreeBytesRemaining  heap_4.o
    0x20003320        -       0x00000004   Zero   RW         2026    .bss.xNextTaskUnblockTime  tasks.o
    0x20003324        -       0x00000004   Zero   RW         2029    .bss.xNumOfOverflows  tasks.o
    0x20003328        -       0x00000004   Zero   RW         2310    .bss.xNumberOfSuccessfulAllocations  heap_4.o
    0x2000332c        -       0x00000004   Zero   RW         2311    .bss.xNumberOfSuccessfulFrees  heap_4.o
    0x20003330        -       0x00000004   Zero   RW         2028    .bss.xPendedTicks   tasks.o
    0x20003334        -       0x00000014   Zero   RW         2023    .bss.xPendingReadyList  tasks.o
    0x20003348        -       0x00000004   Zero   RW         1674    .bss.xPlannerTaskHandle  trajectory_planner.o
    0x2000334c        -       0x00000040   Zero   RW         1821    .bss.xQueueRegistry  queue.o
    0x2000338c        -       0x00000004   Zero   RW         2015    .bss.xSchedulerRunning  tasks.o
    0x20003390        -       0x00000008   Zero   RW         2308    .bss.xStart         heap_4.o
    0x20003398        -       0x00000014   Zero   RW         2020    .bss.xSuspendedTaskList  tasks.o
    0x200033ac        -       0x00000014   Zero   RW         2012    .bss.xTasksWaitingTermination  tasks.o
    0x200033c0        -       0x00000004   Zero   RW         2017    .bss.xTickCount     tasks.o
    0x200033c4        -       0x00000004   Zero   RW         2093    .bss.xTimerQueue    timers.o
    0x200033c8        -       0x00000004   Zero   RW         2095    .bss.xTimerTaskHandle  timers.o
    0x200033cc        -       0x00000004   Zero   RW         2027    .bss.xYieldPending  tasks.o
    0x200033d0        -       0x00000400   Zero   RW            1    STACK               startup_stm32g474xx.o


==============================================================================

Image component sizes


      Code (inc. data)   RO Data    RW Data    ZI Data      Debug   Object Name

       440         16         98          0         76       9286   app_freertos.o
       694          0          0          0       1724      35233   cmsis_os2.o
      1354         34          0          0         40      11102   cybergear_motor.o
      1250         44          0          1        928       8371   dji_motor.o
        86          0          0          0          0       3949   dma.o
       904          0          0          0        304       8844   fdcan.o
      1286          0          0          0       5058       6097   fdcan_bsp.o
       126          0          0          0          0       1682   gpio.o
      1084          0          0          0       3104       4436   heap_4.o
       296          0          0          0          0       2239   list.o
       254          0          0          0          0       5416   main.o
       262          0          0          0          0       1896   pid.o
      1128         16          0          4          5       3850   port.o
      3396          0          0          0         64      17296   queue.o
        36          8        472          0       1024        856   startup_stm32g474xx.o
        86          0          0          8          4       9113   stm32g4xx_hal.o
       380          0          0          0          0      10103   stm32g4xx_hal_cortex.o
      1572          0          0          0          0       7787   stm32g4xx_hal_dma.o
      3472          0         16          0          0      18830   stm32g4xx_hal_fdcan.o
       872          0          0          0          0       5324   stm32g4xx_hal_gpio.o
        84          0          0          0          0       3983   stm32g4xx_hal_msp.o
       454          0          0          0          0       7804   stm32g4xx_hal_pwr_ex.o
      3360          0          0          0          0       9536   stm32g4xx_hal_rcc.o
      1316          0          0          0          0      11716   stm32g4xx_hal_rcc_ex.o
      1724          0          0          0          0      37955   stm32g4xx_hal_tim.o
        56          0          0          0          0      21839   stm32g4xx_hal_tim_ex.o
       212          0          0          0         76       8321   stm32g4xx_hal_timebase_tim.o
      5452         48         24          0          0      27422   stm32g4xx_hal_uart.o
       738          0         16          0          0       8907   stm32g4xx_hal_uart_ex.o
       134          0          0          0          0       1463   stm32g4xx_it.o
        18          0         24          4          0       2704   system_stm32g4xx.o
      5432          0          5          0       1280      24149   tasks.o
      1692         10         13          0        300      11602   timers.o
      1000         20         12          0         24       5752   trajectory_planner.o
       438          0          0          0        244       9532   usart.o

    ----------------------------------------------------------------------
     41328        196        714         20      14264     364395   Object Totals
         0          0         32          0          0          0   (incl. Generated)
       240          0          2          3          9          0   (incl. Padding)

    ----------------------------------------------------------------------

      Code (inc. data)   RO Data    RW Data    ZI Data      Debug   Library Member Name

         0          0          0          0          0          0   entry.o
         0          0          0          0          0          0   entry10a.o
         0          0          0          0          0          0   entry11a.o
         8          4          0          0          0          0   entry2.o
         4          0          0          0          0          0   entry5.o
         0          0          0          0          0          0   entry7b.o
         0          0          0          0          0          0   entry8b.o
         8          4          0          0          0          0   entry9a.o
        30          0          0          0          0          0   handlers.o
        48         10          0          0          0         68   init.o
         0          0          0          0          0          0   iusefp.o
        30          0          0          0          0         68   llshl.o
        36          0          0          0          0         68   llsshr.o
        32          0          0          0          0         68   llushr.o
        36          0          0          0          0         68   memcpya.o
        36          0          0          0          0        108   memseta.o
      2258         90          0          0          0        452   printfa.o
         0          0          0          4          0          0   stdout.o
        44          0          0          0          0         80   uidiv.o
        98          0          0          0          0         92   uldiv.o
        48          0          0          0          0         68   cdrcmple.o
        56          0          0          0          0         88   d2f.o
       334          0          0          0          0        148   dadd.o
       222          0          0          0          0        100   ddiv.o
       186          0          0          0          0        176   depilogue.o
        48          0          0          0          0         68   dfixul.o
       228          0          0          0          0         96   dmul.o
        38          0          0          0          0         68   f2d.o
       110          0          0          0          0        168   fepilogue.o

    ----------------------------------------------------------------------
      3942        108          0          4          0       2052   Library Totals
         4          0          0          0          0          0   (incl. Padding)

    ----------------------------------------------------------------------

      Code (inc. data)   RO Data    RW Data    ZI Data      Debug   Library Name

      2668        108          0          4          0       1072   mc_w.l
      1270          0          0          0          0        980   mf_w.l

    ----------------------------------------------------------------------
      3942        108          0          4          0       2052   Library Totals

    ----------------------------------------------------------------------

==============================================================================


      Code (inc. data)   RO Data    RW Data    ZI Data      Debug   

     45270        304        714         24      14264     365003   Grand Totals
     45270        304        714         24      14264     365003   ELF Image Totals
     45270        304        714         24          0          0   ROM Totals

==============================================================================

    Total RO  Size (Code + RO Data)                45984 (  44.91kB)
    Total RW  Size (RW Data + ZI Data)             14288 (  13.95kB)
    Total ROM Size (Code + RO Data + RW Data)      46008 (  44.93kB)

==============================================================================

